Archive member included to satisfy reference by file (symbol)

j:/altera/15.0.0.145/nios2eds/bin/gnu/h-x86_64-mingw32/bin/../lib/gcc/nios2-elf/4.9.1\libgcc.a(lib2-divmod.o)
                              obj/default/I2C_core.o (__divsi3)
j:/altera/15.0.0.145/nios2eds/bin/gnu/h-x86_64-mingw32/bin/../lib/gcc/nios2-elf/4.9.1/../../../../../H-x86_64-mingw32/nios2-elf/lib\libc.a(lib_a-malloc.o)
                              obj/default/queue.o (malloc)
j:/altera/15.0.0.145/nios2eds/bin/gnu/h-x86_64-mingw32/bin/../lib/gcc/nios2-elf/4.9.1/../../../../../H-x86_64-mingw32/nios2-elf/lib\libc.a(lib_a-mallocr.o)
                              j:/altera/15.0.0.145/nios2eds/bin/gnu/h-x86_64-mingw32/bin/../lib/gcc/nios2-elf/4.9.1/../../../../../H-x86_64-mingw32/nios2-elf/lib\libc.a(lib_a-malloc.o) (_malloc_r)
j:/altera/15.0.0.145/nios2eds/bin/gnu/h-x86_64-mingw32/bin/../lib/gcc/nios2-elf/4.9.1/../../../../../H-x86_64-mingw32/nios2-elf/lib\libc.a(lib_a-memset.o)
                              obj/default/queue.o (memset)
j:/altera/15.0.0.145/nios2eds/bin/gnu/h-x86_64-mingw32/bin/../lib/gcc/nios2-elf/4.9.1/../../../../../H-x86_64-mingw32/nios2-elf/lib\libc.a(lib_a-printf.o)
                              obj/default/auto_focus.o (printf)
j:/altera/15.0.0.145/nios2eds/bin/gnu/h-x86_64-mingw32/bin/../lib/gcc/nios2-elf/4.9.1/../../../../../H-x86_64-mingw32/nios2-elf/lib\libc.a(lib_a-putchar.o)
                              obj/default/main.o (putchar)
j:/altera/15.0.0.145/nios2eds/bin/gnu/h-x86_64-mingw32/bin/../lib/gcc/nios2-elf/4.9.1/../../../../../H-x86_64-mingw32/nios2-elf/lib\libc.a(lib_a-puts.o)
                              obj/default/I2C_core.o (puts)
j:/altera/15.0.0.145/nios2eds/bin/gnu/h-x86_64-mingw32/bin/../lib/gcc/nios2-elf/4.9.1/../../../../../H-x86_64-mingw32/nios2-elf/lib\libc.a(lib_a-sbrkr.o)
                              j:/altera/15.0.0.145/nios2eds/bin/gnu/h-x86_64-mingw32/bin/../lib/gcc/nios2-elf/4.9.1/../../../../../H-x86_64-mingw32/nios2-elf/lib\libc.a(lib_a-mallocr.o) (_sbrk_r)
j:/altera/15.0.0.145/nios2eds/bin/gnu/h-x86_64-mingw32/bin/../lib/gcc/nios2-elf/4.9.1/../../../../../H-x86_64-mingw32/nios2-elf/lib\libc.a(lib_a-strlen.o)
                              j:/altera/15.0.0.145/nios2eds/bin/gnu/h-x86_64-mingw32/bin/../lib/gcc/nios2-elf/4.9.1/../../../../../H-x86_64-mingw32/nios2-elf/lib\libc.a(lib_a-puts.o) (strlen)
j:/altera/15.0.0.145/nios2eds/bin/gnu/h-x86_64-mingw32/bin/../lib/gcc/nios2-elf/4.9.1/../../../../../H-x86_64-mingw32/nios2-elf/lib\libc.a(lib_a-vfprintf.o)
                              j:/altera/15.0.0.145/nios2eds/bin/gnu/h-x86_64-mingw32/bin/../lib/gcc/nios2-elf/4.9.1/../../../../../H-x86_64-mingw32/nios2-elf/lib\libc.a(lib_a-printf.o) (___vfprintf_internal_r)
j:/altera/15.0.0.145/nios2eds/bin/gnu/h-x86_64-mingw32/bin/../lib/gcc/nios2-elf/4.9.1/../../../../../H-x86_64-mingw32/nios2-elf/lib\libc.a(lib_a-wsetup.o)
                              j:/altera/15.0.0.145/nios2eds/bin/gnu/h-x86_64-mingw32/bin/../lib/gcc/nios2-elf/4.9.1/../../../../../H-x86_64-mingw32/nios2-elf/lib\libc.a(lib_a-vfprintf.o) (__swsetup_r)
j:/altera/15.0.0.145/nios2eds/bin/gnu/h-x86_64-mingw32/bin/../lib/gcc/nios2-elf/4.9.1/../../../../../H-x86_64-mingw32/nios2-elf/lib\libc.a(lib_a-dtoa.o)
                              j:/altera/15.0.0.145/nios2eds/bin/gnu/h-x86_64-mingw32/bin/../lib/gcc/nios2-elf/4.9.1/../../../../../H-x86_64-mingw32/nios2-elf/lib\libc.a(lib_a-vfprintf.o) (_dtoa_r)
j:/altera/15.0.0.145/nios2eds/bin/gnu/h-x86_64-mingw32/bin/../lib/gcc/nios2-elf/4.9.1/../../../../../H-x86_64-mingw32/nios2-elf/lib\libc.a(lib_a-fflush.o)
                              j:/altera/15.0.0.145/nios2eds/bin/gnu/h-x86_64-mingw32/bin/../lib/gcc/nios2-elf/4.9.1/../../../../../H-x86_64-mingw32/nios2-elf/lib\libc.a(lib_a-vfprintf.o) (_fflush_r)
j:/altera/15.0.0.145/nios2eds/bin/gnu/h-x86_64-mingw32/bin/../lib/gcc/nios2-elf/4.9.1/../../../../../H-x86_64-mingw32/nios2-elf/lib\libc.a(lib_a-findfp.o)
                              j:/altera/15.0.0.145/nios2eds/bin/gnu/h-x86_64-mingw32/bin/../lib/gcc/nios2-elf/4.9.1/../../../../../H-x86_64-mingw32/nios2-elf/lib\libc.a(lib_a-vfprintf.o) (__sinit)
j:/altera/15.0.0.145/nios2eds/bin/gnu/h-x86_64-mingw32/bin/../lib/gcc/nios2-elf/4.9.1/../../../../../H-x86_64-mingw32/nios2-elf/lib\libc.a(lib_a-freer.o)
                              j:/altera/15.0.0.145/nios2eds/bin/gnu/h-x86_64-mingw32/bin/../lib/gcc/nios2-elf/4.9.1/../../../../../H-x86_64-mingw32/nios2-elf/lib\libc.a(lib_a-malloc.o) (_free_r)
j:/altera/15.0.0.145/nios2eds/bin/gnu/h-x86_64-mingw32/bin/../lib/gcc/nios2-elf/4.9.1/../../../../../H-x86_64-mingw32/nios2-elf/lib\libc.a(lib_a-fvwrite.o)
                              j:/altera/15.0.0.145/nios2eds/bin/gnu/h-x86_64-mingw32/bin/../lib/gcc/nios2-elf/4.9.1/../../../../../H-x86_64-mingw32/nios2-elf/lib\libc.a(lib_a-puts.o) (__sfvwrite_r)
[...]
Memory Configuration

Name             Origin             Length             Attributes
reset            0x0000000000020000 0x0000000000000020
onchip_memory2_0 0x0000000000020020 0x0000000000018680
*default*        0x0000000000000000 0xffffffffffffffff

Linker script and memory map

LOAD ../Camera_Test_bsp//obj/HAL/src/crt0.o
LOAD obj/default/I2C_core.o
LOAD obj/default/auto_focus.o
LOAD obj/default/main.o
LOAD obj/default/mipi_bridge_config.o
LOAD obj/default/mipi_camera_config.o
LOAD obj/default/queue.o
LOAD j:/altera/15.0.0.145/nios2eds/bin/gnu/h-x86_64-mingw32/bin/../lib/gcc/nios2-elf/4.9.1/../../../../../H-x86_64-mingw32/nios2-elf/lib\libstdc++.a
LOAD j:/altera/15.0.0.145/nios2eds/bin/gnu/h-x86_64-mingw32/bin/../lib/gcc/nios2-elf/4.9.1/../../../../../H-x86_64-mingw32/nios2-elf/lib\libm.a
LOAD j:/altera/15.0.0.145/nios2eds/bin/gnu/h-x86_64-mingw32/bin/../lib/gcc/nios2-elf/4.9.1\libgcc.a
START GROUP
LOAD j:/altera/15.0.0.145/nios2eds/bin/gnu/h-x86_64-mingw32/bin/../lib/gcc/nios2-elf/4.9.1/../../../../../H-x86_64-mingw32/nios2-elf/lib\libc.a
LOAD j:/altera/15.0.0.145/nios2eds/bin/gnu/h-x86_64-mingw32/bin/../lib/gcc/nios2-elf/4.9.1\libgcc.a
LOAD ../Camera_Test_bsp/\libhal_bsp.a
LOAD j:/altera/15.0.0.145/nios2eds/bin/gnu/h-x86_64-mingw32/bin/../lib/gcc/nios2-elf/4.9.1/../../../../../H-x86_64-mingw32/nios2-elf/lib\libm.a
END GROUP
LOAD j:/altera/15.0.0.145/nios2eds/bin/gnu/h-x86_64-mingw32/bin/../lib/gcc/nios2-elf/4.9.1\libgcc.a
                0x0000000000020000                __alt_mem_onchip_memory2_0 = 0x20000

.entry          0x0000000000020000       0x20
 *(.entry)
 .entry         0x0000000000020000       0x20 ../Camera_Test_bsp//obj/HAL/src/crt0.o
                0x0000000000020000                __reset

.exceptions     0x0000000000020020      0x220
                0x0000000000020020                PROVIDE (__ram_exceptions_start, ABSOLUTE (.))
                0x0000000000020020                . = ALIGN (0x20)
 *(.irq)
 *(.exceptions.entry.label)
 .exceptions.entry.label
                0x0000000000020020        0x0 ../Camera_Test_bsp/\libhal_bsp.a(alt_irq_entry.o)
                0x0000000000020020                alt_irq_entry
 .exceptions.entry.label
                0x0000000000020020        0x0 ../Camera_Test_bsp/\libhal_bsp.a(alt_exception_entry.o)
                0x0000000000020020                alt_exception
 *(.exceptions.entry.user)
 *(.exceptions.entry.ecc_fatal)
 *(.exceptions.entry)
 .exceptions.entry
                0x0000000000020020       0x54 ../Camera_Test_bsp/\libhal_bsp.a(alt_exception_entry.o)
 *(.exceptions.irqtest.user)
 *(.exceptions.irqtest)
 .exceptions.irqtest
                0x0000000000020074       0x10 ../Camera_Test_bsp/\libhal_bsp.a(alt_irq_entry.o)
 *(.exceptions.irqhandler.user)
 *(.exceptions.irqhandler)
 .exceptions.irqhandler
                0x0000000000020084        0x4 ../Camera_Test_bsp/\libhal_bsp.a(alt_irq_entry.o)
 *(.exceptions.irqreturn.user)
 *(.exceptions.irqreturn)
 .exceptions.irqreturn
                0x0000000000020088        0x4 ../Camera_Test_bsp/\libhal_bsp.a(alt_irq_entry.o)
 *(.exceptions.notirq.label)
 .exceptions.notirq.label
                0x000000000002008c        0x0 ../Camera_Test_bsp/\libhal_bsp.a(alt_irq_entry.o)
 *(.exceptions.notirq.user)
 *(.exceptions.notirq)
 .exceptions.notirq
                0x000000000002008c        0x8 ../Camera_Test_bsp/\libhal_bsp.a(alt_exception_entry.o)
 *(.exceptions.soft.user)
 *(.exceptions.soft)
 *(.exceptions.unknown.user)
 *(.exceptions.unknown)
 .exceptions.unknown
                0x0000000000020094       0x14 ../Camera_Test_bsp/\libhal_bsp.a(alt_exception_entry.o)
 *(.exceptions.exit.label)
 .exceptions.exit.label
                0x00000000000200a8        0x0 ../Camera_Test_bsp/\libhal_bsp.a(alt_irq_entry.o)
 .exceptions.exit.label
                0x00000000000200a8        0x0 ../Camera_Test_bsp/\libhal_bsp.a(alt_exception_entry.o)
 *(.exceptions.exit.user)
 *(.exceptions.exit)
 .exceptions.exit
                0x00000000000200a8       0x54 ../Camera_Test_bsp/\libhal_bsp.a(alt_exception_entry.o)
 *(.exceptions)
 .exceptions    0x00000000000200fc       0xd0 ../Camera_Test_bsp/\libhal_bsp.a(alt_irq_handler.o)
                0x00000000000200fc                alt_irq_handler
 .exceptions    0x00000000000201cc       0x74 ../Camera_Test_bsp/\libhal_bsp.a(alt_instruction_exception_entry.o)
                0x00000000000201cc                alt_instruction_exception_entry
                0x0000000000020240                PROVIDE (__ram_exceptions_end, ABSOLUTE (.))
                0x0000000000020020                PROVIDE (__flash_exceptions_start, LOADADDR (.exceptions))

.text           0x0000000000020240    0x1110c
                0x0000000000020240                PROVIDE (stext, ABSOLUTE (.))
 *(.interp)
 *(.hash)
 *(.dynsym)
 *(.dynstr)
 *(.gnu.version)
 *(.gnu.version_d)
 *(.gnu.version_r)
 *(.rel.init)
 *(.rela.init)
 *(.rel.text .rel.text.* .rel.gnu.linkonce.t.*)
 *(.rela.text .rela.text.* .rela.gnu.linkonce.t.*)
 *(.rel.fini)
 *(.rela.fini)
 *(.rel.rodata .rel.rodata.* .rel.gnu.linkonce.r.*)
 *(.rela.rodata .rela.rodata.* .rela.gnu.linkonce.r.*)
 *(.rel.data .rel.data.* .rel.gnu.linkonce.d.*)
 *(.rela.data .rela.data.* .rela.gnu.linkonce.d.*)
 *(.rel.tdata .rel.tdata.* .rel.gnu.linkonce.td.*)
 *(.rela.tdata .rela.tdata.* .rela.gnu.linkonce.td.*)
 *(.rel.tbss .rel.tbss.* .rel.gnu.linkonce.tb.*)
 *(.rela.tbss .rela.tbss.* .rela.gnu.linkonce.tb.*)
 *(.rel.ctors)
 *(.rela.ctors)
 *(.rel.dtors)
 *(.rela.dtors)
 *(.rel.got)
 *(.rela.got)
 *(.rel.sdata .rel.sdata.* .rel.gnu.linkonce.s.*)
 *(.rela.sdata .rela.sdata.* .rela.gnu.linkonce.s.*)
 *(.rel.sbss .rel.sbss.* .rel.gnu.linkonce.sb.*)
 *(.rela.sbss .rela.sbss.* .rela.gnu.linkonce.sb.*)
 *(.rel.sdata2 .rel.sdata2.* .rel.gnu.linkonce.s2.*)
 *(.rela.sdata2 .rela.sdata2.* .rela.gnu.linkonce.s2.*)
 *(.rel.sbss2 .rel.sbss2.* .rel.gnu.linkonce.sb2.*)
 *(.rela.sbss2 .rela.sbss2.* .rela.gnu.linkonce.sb2.*)
 *(.rel.bss .rel.bss.* .rel.gnu.linkonce.b.*)
 *(.rela.bss .rela.bss.* .rela.gnu.linkonce.b.*)
 *(.rel.plt)
 *(.rela.plt)
 *(.rel.dyn)
 *(.init)
 *(.plt)
 *(.text .stub .text.* .gnu.linkonce.t.*)
 .text          0x0000000000020240       0x4c ../Camera_Test_bsp//obj/HAL/src/crt0.o
                0x0000000000020240                _start
 .text          0x000000000002028c      0xdac obj/default/I2C_core.o
                0x000000000002028c                Write32_Data
                0x00000000000202e4                Read32_Data
                0x000000000002033c                oc_i2c_init
                0x0000000000020394                oc_i2c_init_ex
                0x00000000000204d0                oc_i2c_uninit
                0x0000000000020554                ACK_single_check
                0x00000000000205e0                ACK_check
                0x0000000000020640                OC_I2C_Write
                0x0000000000020840                ACK_judge_for_read
                0x00000000000208a4                OC_I2C_Read
                0x0000000000020a70                OC_I2C_Read_Continue
                0x0000000000020ba8                OC_I2CL_Write
                0x0000000000020db8                OC_I2CL_Read
 .text          0x0000000000021038      0x3b4 obj/default/auto_focus.o
                0x0000000000021038                Focus_Init
                0x000000000002115c                Focus_Window
                0x000000000002133c                Focus_Released
 .text          0x00000000000213ec      0x54c obj/default/main.o
                0x00000000000213ec                mipi_clear_error
                0x00000000000214a0                mipi_show_error_info
                0x0000000000021528                mipi_show_error_info_more
                0x000000000002169c                MIPI_Init
                0x0000000000021724                main
 .text          0x0000000000021938      0x240 obj/default/mipi_bridge_config.o
                0x0000000000021938                nSWAP16
                0x0000000000021984                MipiBridgeRegWrite
                0x00000000000219e4                MipiBridgeRegRead
                0x0000000000021a54                MipiBridgeInit
 .text          0x0000000000021b78      0x630 obj/default/mipi_camera_config.o
                0x0000000000021b78                OV8865_read_cmos_sensor_8
                0x0000000000021bd4                OV8865_write_cmos_sensor_8
                0x0000000000021c34                OV8865_write_AF
                0x0000000000021c94                OV8865_read_AF
                0x0000000000021d10                OV8865_FOCUS_Move_to
                0x0000000000021df0                MIPI_BIN_LEVEL
                0x0000000000021fac                MipiCameraInit
 .text          0x00000000000221a8      0x298 obj/default/queue.o
                0x00000000000221a8                QUEUE_New
                0x0000000000022218                QUEUE_Delete
                0x0000000000022248                QUEUE_IsEmpty
                0x0000000000022288                QUEUE_IsFull
                0x00000000000222ec                QUEUE_Push
                0x0000000000022380                QUEUE_Pop
                0x0000000000022410                QUEUE_Empty
 .text          0x0000000000022440      0x12c j:/altera/15.0.0.145/nios2eds/bin/gnu/h-x86_64-mingw32/bin/../lib/gcc/nios2-elf/4.9.1\libgcc.a(lib2-divmod.o)
                0x00000000000224ac                __divsi3
                0x0000000000022500                __modsi3
                0x000000000002255c                __udivsi3
                0x0000000000022564                __umodsi3
 .text          0x000000000002256c       0x28 j:/altera/15.0.0.145/nios2eds/bin/gnu/h-x86_64-mingw32/bin/../lib/gcc/nios2-elf/4.9.1/../../../../../H-x86_64-mingw32/nios2-elf/lib\libc.a(lib_a-malloc.o)
                0x000000000002256c                malloc
                0x0000000000022580                free
 .text          0x0000000000022594      0x7a8 j:/altera/15.0.0.145/nios2eds/bin/gnu/h-x86_64-mingw32/bin/../lib/gcc/nios2-elf/4.9.1/../../../../../H-x86_64-mingw32/nios2-elf/lib\libc.a(lib_a-mallocr.o)
                0x0000000000022594                _malloc_r
 .text          0x0000000000022d3c      0x124 j:/altera/15.0.0.145/nios2eds/bin/gnu/h-x86_64-mingw32/bin/../lib/gcc/nios2-elf/4.9.1/../../../../../H-x86_64-mingw32/nios2-elf/lib\libc.a(lib_a-memset.o)
                0x0000000000022d3c                memset
 .text          0x0000000000022e60       0x68 j:/altera/15.0.0.145/nios2eds/bin/gnu/h-x86_64-mingw32/bin/../lib/gcc/nios2-elf/4.9.1/../../../../../H-x86_64-mingw32/nios2-elf/lib\libc.a(lib_a-printf.o)
                0x0000000000022e60                _printf_r
                0x0000000000022e8c                printf
 .text          0x0000000000022ec8       0x20 j:/altera/15.0.0.145/nios2eds/bin/gnu/h-x86_64-mingw32/bin/../lib/gcc/nios2-elf/4.9.1/../../../../../H-x86_64-mingw32/nios2-elf/lib\libc.a(lib_a-putchar.o)
                0x0000000000022ec8                _putchar_r
                0x0000000000022ed0                putchar
 .text          0x0000000000022ee8       0xcc j:/altera/15.0.0.145/nios2eds/bin/gnu/h-x86_64-mingw32/bin/../lib/gcc/nios2-elf/4.9.1/../../../../../H-x86_64-mingw32/nios2-elf/lib\libc.a(lib_a-puts.o)
                0x0000000000022ee8                _puts_r
                0x0000000000022fa0                puts
 .text          0x0000000000022fb4       0x54 j:/altera/15.0.0.145/nios2eds/bin/gnu/h-x86_64-mingw32/bin/../lib/gcc/nios2-elf/4.9.1/../../../../../H-x86_64-mingw32/nios2-elf/lib\libc.a(lib_a-sbrkr.o)
                0x0000000000022fb4                _sbrk_r
 .text          0x0000000000023008       0x98 j:/altera/15.0.0.145/nios2eds/bin/gnu/h-x86_64-mingw32/bin/../lib/gcc/nios2-elf/4.9.1/../../../../../H-x86_64-mingw32/nios2-elf/lib\libc.a(lib_a-strlen.o)
                0x0000000000023008                strlen
 .text          0x00000000000230a0     0x2020 j:/altera/15.0.0.145/nios2eds/bin/gnu/h-x86_64-mingw32/bin/../lib/gcc/nios2-elf/4.9.1/../../../../../H-x86_64-mingw32/nios2-elf/lib\libc.a(lib_a-vfprintf.o)
                0x00000000000230a0                ___vfprintf_internal_r
                0x000000000002509c                __vfprintf_internal
 .text          0x00000000000250c0      0x130 j:/altera/15.0.0.145/nios2eds/bin/gnu/h-x86_64-mingw32/bin/../lib/gcc/nios2-elf/4.9.1/../../../../../H-x86_64-mingw32/nios2-elf/lib\libc.a(lib_a-wsetup.o)
                0x00000000000250c0                __swsetup_r
 .text          0x00000000000251f0     0x1928 j:/altera/15.0.0.145/nios2eds/bin/gnu/h-x86_64-mingw32/bin/../lib/gcc/nios2-elf/4.9.1/../../../../../H-x86_64-mingw32/nios2-elf/lib\libc.a(lib_a-dtoa.o)
                0x00000000000253f0                _dtoa_r
 .text          0x0000000000026b18      0x258 j:/altera/15.0.0.145/nios2eds/bin/gnu/h-x86_64-mingw32/bin/../lib/gcc/nios2-elf/4.9.1/../../../../../H-x86_64-mingw32/nios2-elf/lib\libc.a(lib_a-fflush.o)
                0x0000000000026b18                _fflush_r
                0x0000000000026d40                fflush
 .text          0x0000000000026d70      0x3a0 j:/altera/15.0.0.145/nios2eds/bin/gnu/h-x86_64-mingw32/bin/../lib/gcc/nios2-elf/4.9.1/../../../../../H-x86_64-mingw32/nios2-elf/lib\libc.a(lib_a-findfp.o)
                0x0000000000026d80                _cleanup_r
                0x0000000000026f2c                __sfmoreglue
                0x0000000000026f90                __sfp
                0x00000000000270a8                _cleanup
                0x00000000000270c0                __sinit
                0x00000000000270d0                __sfp_lock_acquire
                0x00000000000270d4                __sfp_lock_release
                0x00000000000270d8                __sinit_lock_acquire
                0x00000000000270dc                __sinit_lock_release
                0x00000000000270e0                __fp_lock_all
                0x00000000000270f8                __fp_unlock_all
 .text          0x0000000000027110      0x414 j:/altera/15.0.0.145/nios2eds/bin/gnu/h-x86_64-mingw32/bin/../lib/gcc/nios2-elf/4.9.1/../../../../../H-x86_64-mingw32/nios2-elf/lib\libc.a(lib_a-freer.o)
                0x0000000000027110                _malloc_trim_r
                0x0000000000027234                _free_r
 .text          0x0000000000027524      0x4a4 j:/altera/15.0.0.145/nios2eds/bin/gnu/h-x86_64-mingw32/bin/../lib/gcc/nios2-elf/4.9.1/../../../../../H-x86_64-mingw32/nios2-elf/lib\libc.a(lib_a-fvwrite.o)
                0x0000000000027524                __sfvwrite_r
 .text          0x00000000000279c8      0x170 j:/altera/15.0.0.145/nios2eds/bin/gnu/h-x86_64-mingw32/bin/../lib/gcc/nios2-elf/4.9.1/../../../../../H-x86_64-mingw32/nios2-elf/lib\libc.a(lib_a-fwalk.o)
                0x00000000000279c8                _fwalk
                0x0000000000027a80                _fwalk_reent
 .text          0x0000000000027b38        0x0 j:/altera/15.0.0.145/nios2eds/bin/gnu/h-x86_64-mingw32/bin/../lib/gcc/nios2-elf/4.9.1/../../../../../H-x86_64-mingw32/nios2-elf/lib\libc.a(lib_a-impure.o)
 .text          0x0000000000027b38        0x0 j:/altera/15.0.0.145/nios2eds/bin/gnu/h-x86_64-mingw32/bin/../lib/gcc/nios2-elf/4.9.1/../../../../../H-x86_64-mingw32/nios2-elf/lib\libc.a(lib_a-int_errno.o)
 .text          0x0000000000027b38       0xe0 j:/altera/15.0.0.145/nios2eds/bin/gnu/h-x86_64-mingw32/bin/../lib/gcc/nios2-elf/4.9.1/../../../../../H-x86_64-mingw32/nios2-elf/lib\libc.a(lib_a-locale.o)
                0x0000000000027b38                _setlocale_r
                0x0000000000027bb4                __locale_charset
                0x0000000000027bc0                __locale_mb_cur_max
                0x0000000000027bd0                __locale_msgcharset
                0x0000000000027bdc                __locale_cjk_lang
                0x0000000000027be4                _localeconv_r
                0x0000000000027bf0                setlocale
                0x0000000000027c0c                localeconv
 .text          0x0000000000027c18      0x1b8 j:/altera/15.0.0.145/nios2eds/bin/gnu/h-x86_64-mingw32/bin/../lib/gcc/nios2-elf/4.9.1/../../../../../H-x86_64-mingw32/nios2-elf/lib\libc.a(lib_a-makebuf.o)
                0x0000000000027c18                __smakebuf_r
 .text          0x0000000000027dd0       0xe8 j:/altera/15.0.0.145/nios2eds/bin/gnu/h-x86_64-mingw32/bin/../lib/gcc/nios2-elf/4.9.1/../../../../../H-x86_64-mingw32/nios2-elf/lib\libc.a(lib_a-memchr.o)
                0x0000000000027dd0                memchr
 .text          0x0000000000027eb8      0x138 j:/altera/15.0.0.145/nios2eds/bin/gnu/h-x86_64-mingw32/bin/../lib/gcc/nios2-elf/4.9.1/../../../../../H-x86_64-mingw32/nios2-elf/lib\libc.a(lib_a-memcpy.o)
                0x0000000000027eb8                memcpy
 .text          0x0000000000027ff0      0x15c j:/altera/15.0.0.145/nios2eds/bin/gnu/h-x86_64-mingw32/bin/../lib/gcc/nios2-elf/4.9.1/../../../../../H-x86_64-mingw32/nios2-elf/lib\libc.a(lib_a-memmove.o)
                0x0000000000027ff0                memmove
 .text          0x000000000002814c      0xf8c j:/altera/15.0.0.145/nios2eds/bin/gnu/h-x86_64-mingw32/bin/../lib/gcc/nios2-elf/4.9.1/../../../../../H-x86_64-mingw32/nios2-elf/lib\libc.a(lib_a-mprec.o)
                0x000000000002814c                _Balloc
                0x00000000000281f4                _Bfree
                0x000000000002821c                __multadd
                0x0000000000028330                __s2b
                0x0000000000028434                __hi0bits
                0x000000000002849c                __lo0bits
                0x000000000002854c                __i2b
                0x0000000000028588                __multiply
                0x0000000000028784                __pow5mult
                0x00000000000288c4                __lshift
                0x0000000000028a0c                __mcmp
                0x0000000000028a6c                __mdiff
                0x0000000000028c04                __ulp
                0x0000000000028c64                __b2d
                0x0000000000028d80                __d2b
                0x0000000000028ebc                __ratio
                0x0000000000028f60                _mprec_log10
                0x0000000000028fd4                __copybits
                0x000000000002904c                __any_on
 .text          0x00000000000290d8      0x168 j:/altera/15.0.0.145/nios2eds/bin/gnu/h-x86_64-mingw32/bin/../lib/gcc/nios2-elf/4.9.1/../../../../../H-x86_64-mingw32/nios2-elf/lib\libc.a(lib_a-putc.o)
                0x00000000000290d8                _putc_r
                0x0000000000029178                putc
 .text          0x0000000000029240      0x5a0 j:/altera/15.0.0.145/nios2eds/bin/gnu/h-x86_64-mingw32/bin/../lib/gcc/nios2-elf/4.9.1/../../../../../H-x86_64-mingw32/nios2-elf/lib\libc.a(lib_a-reallocr.o)
                0x0000000000029240                _realloc_r
 .text          0x00000000000297e0       0x74 j:/altera/15.0.0.145/nios2eds/bin/gnu/h-x86_64-mingw32/bin/../lib/gcc/nios2-elf/4.9.1/../../../../../H-x86_64-mingw32/nios2-elf/lib\libc.a(lib_a-s_fpclassify.o)
                0x00000000000297e0                __fpclassifyd
 .text          0x0000000000029854      0x13c j:/altera/15.0.0.145/nios2eds/bin/gnu/h-x86_64-mingw32/bin/../lib/gcc/nios2-elf/4.9.1/../../../../../H-x86_64-mingw32/nios2-elf/lib\libc.a(lib_a-stdio.o)
                0x0000000000029854                __sread
                0x00000000000298a8                __seofread
                0x00000000000298b0                __swrite
                0x000000000002992c                __sseek
                0x0000000000029988                __sclose
 .text          0x0000000000029990       0xa4 j:/altera/15.0.0.145/nios2eds/bin/gnu/h-x86_64-mingw32/bin/../lib/gcc/nios2-elf/4.9.1/../../../../../H-x86_64-mingw32/nios2-elf/lib\libc.a(lib_a-strcmp.o)
                0x0000000000029990                strcmp
 .text          0x0000000000029a34     0x1494 j:/altera/15.0.0.145/nios2eds/bin/gnu/h-x86_64-mingw32/bin/../lib/gcc/nios2-elf/4.9.1/../../../../../H-x86_64-mingw32/nios2-elf/lib\libc.a(lib_a-vfiprintf.o)
                0x0000000000029b30                __sprint_r
                0x0000000000029b48                ___vfiprintf_internal_r
                0x000000000002aea4                __vfiprintf_internal
 .text          0x000000000002aec8      0x170 j:/altera/15.0.0.145/nios2eds/bin/gnu/h-x86_64-mingw32/bin/../lib/gcc/nios2-elf/4.9.1/../../../../../H-x86_64-mingw32/nios2-elf/lib\libc.a(lib_a-wbuf.o)
                0x000000000002aec8                __swbuf_r
                0x000000000002b01c                __swbuf
 .text          0x000000000002b038       0x5c j:/altera/15.0.0.145/nios2eds/bin/gnu/h-x86_64-mingw32/bin/../lib/gcc/nios2-elf/4.9.1/../../../../../H-x86_64-mingw32/nios2-elf/lib\libc.a(lib_a-writer.o)
                0x000000000002b038                _write_r
 .text          0x000000000002b094       0x54 j:/altera/15.0.0.145/nios2eds/bin/gnu/h-x86_64-mingw32/bin/../lib/gcc/nios2-elf/4.9.1/../../../../../H-x86_64-mingw32/nios2-elf/lib\libc.a(closer.o)
                0x000000000002b094                _close_r
 .text          0x000000000002b0e8       0xc4 j:/altera/15.0.0.145/nios2eds/bin/gnu/h-x86_64-mingw32/bin/../lib/gcc/nios2-elf/4.9.1/../../../../../H-x86_64-mingw32/nios2-elf/lib\libc.a(lib_a-callocr.o)
                0x000000000002b0e8                _calloc_r
 .text          0x000000000002b1ac      0x114 j:/altera/15.0.0.145/nios2eds/bin/gnu/h-x86_64-mingw32/bin/../lib/gcc/nios2-elf/4.9.1/../../../../../H-x86_64-mingw32/nios2-elf/lib\libc.a(lib_a-fclose.o)
                0x000000000002b1ac                _fclose_r
                0x000000000002b2ac                fclose
 .text          0x000000000002b2c0      0x1dc j:/altera/15.0.0.145/nios2eds/bin/gnu/h-x86_64-mingw32/bin/../lib/gcc/nios2-elf/4.9.1/../../../../../H-x86_64-mingw32/nios2-elf/lib\libc.a(lib_a-fputwc.o)
                0x000000000002b2c0                _fputwc_r
                0x000000000002b444                fputwc
 .text          0x000000000002b49c       0x58 j:/altera/15.0.0.145/nios2eds/bin/gnu/h-x86_64-mingw32/bin/../lib/gcc/nios2-elf/4.9.1/../../../../../H-x86_64-mingw32/nios2-elf/lib\libc.a(lib_a-fstatr.o)
                0x000000000002b49c                _fstat_r
 .text          0x000000000002b4f4       0x54 j:/altera/15.0.0.145/nios2eds/bin/gnu/h-x86_64-mingw32/bin/../lib/gcc/nios2-elf/4.9.1/../../../../../H-x86_64-mingw32/nios2-elf/lib\libc.a(lib_a-isattyr.o)
                0x000000000002b4f4                _isatty_r
 .text          0x000000000002b548       0x5c j:/altera/15.0.0.145/nios2eds/bin/gnu/h-x86_64-mingw32/bin/../lib/gcc/nios2-elf/4.9.1/../../../../../H-x86_64-mingw32/nios2-elf/lib\libc.a(lib_a-lseekr.o)
                0x000000000002b548                _lseek_r
 .text          0x000000000002b5a4       0x5c j:/altera/15.0.0.145/nios2eds/bin/gnu/h-x86_64-mingw32/bin/../lib/gcc/nios2-elf/4.9.1/../../../../../H-x86_64-mingw32/nios2-elf/lib\libc.a(lib_a-readr.o)
                0x000000000002b5a4                _read_r
 .text          0x000000000002b600      0x174 j:/altera/15.0.0.145/nios2eds/bin/gnu/h-x86_64-mingw32/bin/../lib/gcc/nios2-elf/4.9.1/../../../../../H-x86_64-mingw32/nios2-elf/lib\libc.a(lib_a-wcrtomb.o)
                0x000000000002b600                _wcrtomb_r
                0x000000000002b69c                wcrtomb
 .text          0x000000000002b774       0x8c j:/altera/15.0.0.145/nios2eds/bin/gnu/h-x86_64-mingw32/bin/../lib/gcc/nios2-elf/4.9.1/../../../../../H-x86_64-mingw32/nios2-elf/lib\libc.a(lib_a-wctomb_r.o)
                0x000000000002b774                __ascii_wctomb
                0x000000000002b7a4                _wctomb_r
 .text          0x000000000002b800      0x5c0 j:/altera/15.0.0.145/nios2eds/bin/gnu/h-x86_64-mingw32/bin/../lib/gcc/nios2-elf/4.9.1\libgcc.a(_udivdi3.o)
                0x000000000002b800                __udivdi3
 .text          0x000000000002bdc0      0x590 j:/altera/15.0.0.145/nios2eds/bin/gnu/h-x86_64-mingw32/bin/../lib/gcc/nios2-elf/4.9.1\libgcc.a(_umoddi3.o)
                0x000000000002bdc0                __umoddi3
 .text          0x000000000002c350      0x89c j:/altera/15.0.0.145/nios2eds/bin/gnu/h-x86_64-mingw32/bin/../lib/gcc/nios2-elf/4.9.1\libgcc.a(adddf3.o)
                0x000000000002c350                __adddf3
 .text          0x000000000002cbec      0x8cc j:/altera/15.0.0.145/nios2eds/bin/gnu/h-x86_64-mingw32/bin/../lib/gcc/nios2-elf/4.9.1\libgcc.a(divdf3.o)
                0x000000000002cbec                __divdf3
 .text          0x000000000002d4b8       0x84 j:/altera/15.0.0.145/nios2eds/bin/gnu/h-x86_64-mingw32/bin/../lib/gcc/nios2-elf/4.9.1\libgcc.a(eqdf2.o)
                0x000000000002d4b8                __nedf2
                0x000000000002d4b8                __eqdf2
 .text          0x000000000002d53c       0xe0 j:/altera/15.0.0.145/nios2eds/bin/gnu/h-x86_64-mingw32/bin/../lib/gcc/nios2-elf/4.9.1\libgcc.a(gedf2.o)
                0x000000000002d53c                __gedf2
                0x000000000002d53c                __gtdf2
 .text          0x000000000002d61c       0xe0 j:/altera/15.0.0.145/nios2eds/bin/gnu/h-x86_64-mingw32/bin/../lib/gcc/nios2-elf/4.9.1\libgcc.a(ledf2.o)
                0x000000000002d61c                __ledf2
                0x000000000002d61c                __ltdf2
 .text          0x000000000002d6fc      0x724 j:/altera/15.0.0.145/nios2eds/bin/gnu/h-x86_64-mingw32/bin/../lib/gcc/nios2-elf/4.9.1\libgcc.a(muldf3.o)
                0x000000000002d6fc                __muldf3
 .text          0x000000000002de20      0x8d0 j:/altera/15.0.0.145/nios2eds/bin/gnu/h-x86_64-mingw32/bin/../lib/gcc/nios2-elf/4.9.1\libgcc.a(subdf3.o)
                0x000000000002de20                __subdf3
 .text          0x000000000002e6f0       0x88 j:/altera/15.0.0.145/nios2eds/bin/gnu/h-x86_64-mingw32/bin/../lib/gcc/nios2-elf/4.9.1\libgcc.a(fixdfsi.o)
                0x000000000002e6f0                __fixdfsi
 .text          0x000000000002e778       0xd0 j:/altera/15.0.0.145/nios2eds/bin/gnu/h-x86_64-mingw32/bin/../lib/gcc/nios2-elf/4.9.1\libgcc.a(floatsidf.o)
                0x000000000002e778                __floatsidf
 .text          0x000000000002e848       0xa4 j:/altera/15.0.0.145/nios2eds/bin/gnu/h-x86_64-mingw32/bin/../lib/gcc/nios2-elf/4.9.1\libgcc.a(floatunsidf.o)
                0x000000000002e848                __floatunsidf
 .text          0x000000000002e8ec        0x0 j:/altera/15.0.0.145/nios2eds/bin/gnu/h-x86_64-mingw32/bin/../lib/gcc/nios2-elf/4.9.1\libgcc.a(_clz.o)
 .text          0x000000000002e8ec       0x64 j:/altera/15.0.0.145/nios2eds/bin/gnu/h-x86_64-mingw32/bin/../lib/gcc/nios2-elf/4.9.1\libgcc.a(_clzsi2.o)
                0x000000000002e8ec                __clzsi2
 .text          0x000000000002e950      0x120 ../Camera_Test_bsp/\libhal_bsp.a(alt_close.o)
                0x000000000002e9a0                close
 .text          0x000000000002ea70       0x2c ../Camera_Test_bsp/\libhal_bsp.a(alt_dev.o)
 .text          0x000000000002ea9c        0x0 ../Camera_Test_bsp/\libhal_bsp.a(alt_errno.o)
 .text          0x000000000002ea9c      0x100 ../Camera_Test_bsp/\libhal_bsp.a(alt_fstat.o)
                0x000000000002eaec                fstat
 .text          0x000000000002eb9c       0xf4 ../Camera_Test_bsp/\libhal_bsp.a(alt_isatty.o)
                0x000000000002ebec                isatty
 .text          0x000000000002ec90       0xe4 ../Camera_Test_bsp/\libhal_bsp.a(alt_load.o)
                0x000000000002ecf4                alt_load
 .text          0x000000000002ed74      0x124 ../Camera_Test_bsp/\libhal_bsp.a(alt_lseek.o)
                0x000000000002edc4                lseek
 .text          0x000000000002ee98       0x78 ../Camera_Test_bsp/\libhal_bsp.a(alt_main.o)
                0x000000000002ee98                alt_main
 .text          0x000000000002ef10       0x40 ../Camera_Test_bsp/\libhal_bsp.a(alt_malloc_lock.o)
                0x000000000002ef10                __malloc_lock
                0x000000000002ef30                __malloc_unlock
 .text          0x000000000002ef50      0x14c ../Camera_Test_bsp/\libhal_bsp.a(alt_read.o)
                0x000000000002efa0                read
 .text          0x000000000002f09c       0x60 ../Camera_Test_bsp/\libhal_bsp.a(alt_release_fd.o)
                0x000000000002f09c                alt_release_fd
 .text          0x000000000002f0fc       0xb0 ../Camera_Test_bsp/\libhal_bsp.a(alt_sbrk.o)
                0x000000000002f0fc                sbrk
 .text          0x000000000002f1ac      0x19c ../Camera_Test_bsp/\libhal_bsp.a(alt_tick.o)
                0x000000000002f1ac                alt_alarm_stop
                0x000000000002f244                alt_tick
 .text          0x000000000002f348       0x30 ../Camera_Test_bsp/\libhal_bsp.a(alt_usleep.o)
                0x000000000002f348                usleep
 .text          0x000000000002f378      0x148 ../Camera_Test_bsp/\libhal_bsp.a(alt_write.o)
                0x000000000002f3c8                write
 .text          0x000000000002f4c0       0xcc ../Camera_Test_bsp/\libhal_bsp.a(alt_sys_init.o)
                0x000000000002f4f8                alt_irq_init
                0x000000000002f52c                alt_sys_init
 .text          0x000000000002f58c      0x164 ../Camera_Test_bsp/\libhal_bsp.a(altera_avalon_jtag_uart_fd.o)
                0x000000000002f58c                altera_avalon_jtag_uart_read_fd
                0x000000000002f5ec                altera_avalon_jtag_uart_write_fd
                0x000000000002f64c                altera_avalon_jtag_uart_close_fd
                0x000000000002f69c                altera_avalon_jtag_uart_ioctl_fd
 .text          0x000000000002f6f0      0x3d8 ../Camera_Test_bsp/\libhal_bsp.a(altera_avalon_jtag_uart_init.o)
                0x000000000002f6f0                altera_avalon_jtag_uart_init
                0x000000000002fa60                altera_avalon_jtag_uart_close
 .text          0x000000000002fac8       0xec ../Camera_Test_bsp/\libhal_bsp.a(altera_avalon_jtag_uart_ioctl.o)
                0x000000000002fac8                altera_avalon_jtag_uart_ioctl
 .text          0x000000000002fbb4      0x20c ../Camera_Test_bsp/\libhal_bsp.a(altera_avalon_jtag_uart_read.o)
                0x000000000002fbb4                altera_avalon_jtag_uart_read
 .text          0x000000000002fdc0      0x218 ../Camera_Test_bsp/\libhal_bsp.a(altera_avalon_jtag_uart_write.o)
                0x000000000002fdc0                altera_avalon_jtag_uart_write
 .text          0x000000000002ffd8       0xfc ../Camera_Test_bsp/\libhal_bsp.a(altera_avalon_timer_sc.o)
                0x000000000003004c                alt_avalon_timer_sc_init
 .text          0x00000000000300d4      0x140 ../Camera_Test_bsp/\libhal_bsp.a(alt_alarm_start.o)
                0x00000000000300d4                alt_alarm_start
 .text          0x0000000000030214      0x158 ../Camera_Test_bsp/\libhal_bsp.a(alt_busy_sleep.o)
                0x0000000000030214                alt_busy_sleep
 .text          0x000000000003036c       0x44 ../Camera_Test_bsp/\libhal_bsp.a(alt_dcache_flush_all.o)
                0x000000000003036c                alt_dcache_flush_all
 .text          0x00000000000303b0       0xf4 ../Camera_Test_bsp/\libhal_bsp.a(alt_dev_llist_insert.o)
                0x0000000000030400                alt_dev_llist_insert
 .text          0x00000000000304a4       0x5c ../Camera_Test_bsp/\libhal_bsp.a(alt_do_ctors.o)
                0x00000000000304a4                _do_ctors
 .text          0x0000000000030500       0x5c ../Camera_Test_bsp/\libhal_bsp.a(alt_do_dtors.o)
                0x0000000000030500                _do_dtors
 .text          0x000000000003055c       0x30 ../Camera_Test_bsp/\libhal_bsp.a(alt_icache_flush_all.o)
                0x000000000003055c                alt_icache_flush_all
 .text          0x000000000003058c      0x1e0 ../Camera_Test_bsp/\libhal_bsp.a(alt_iic.o)
                0x000000000003058c                alt_ic_isr_register
                0x00000000000305dc                alt_ic_irq_enable
                0x000000000003067c                alt_ic_irq_disable
                0x0000000000030720                alt_ic_irq_enabled
 .text          0x000000000003076c       0xf0 ../Camera_Test_bsp/\libhal_bsp.a(alt_iic_isr_register.o)
                0x000000000003076c                alt_iic_isr_register
 .text          0x000000000003085c      0x138 ../Camera_Test_bsp/\libhal_bsp.a(alt_io_redirect.o)
                0x000000000003091c                alt_io_redirect
 .text          0x0000000000030994        0x0 ../Camera_Test_bsp/\libhal_bsp.a(alt_irq_entry.o)
 .text          0x0000000000030994        0x0 ../Camera_Test_bsp/\libhal_bsp.a(alt_irq_handler.o)
 .text          0x0000000000030994        0x0 ../Camera_Test_bsp/\libhal_bsp.a(alt_irq_vars.o)
 .text          0x0000000000030994      0x274 ../Camera_Test_bsp/\libhal_bsp.a(alt_open.o)
                0x0000000000030ab0                open
 .text          0x0000000000030c08       0x20 ../Camera_Test_bsp/\libhal_bsp.a(altera_nios2_gen2_irq.o)
                0x0000000000030c08                altera_nios2_gen2_irq_init
 .text          0x0000000000030c28        0x0 ../Camera_Test_bsp/\libhal_bsp.a(alt_exception_entry.o)
 .text          0x0000000000030c28       0x90 ../Camera_Test_bsp/\libhal_bsp.a(alt_find_dev.o)
                0x0000000000030c28                alt_find_dev
 .text          0x0000000000030cb8      0x114 ../Camera_Test_bsp/\libhal_bsp.a(alt_find_file.o)
                0x0000000000030cb8                alt_find_file
 .text          0x0000000000030dcc       0xb4 ../Camera_Test_bsp/\libhal_bsp.a(alt_get_fd.o)
                0x0000000000030dcc                alt_get_fd
 .text          0x0000000000030e80       0x8c ../Camera_Test_bsp/\libhal_bsp.a(alt_icache_flush.o)
                0x0000000000030e80                alt_icache_flush
 .text          0x0000000000030f0c       0x9c ../Camera_Test_bsp/\libhal_bsp.a(alt_instruction_exception_entry.o)
                0x0000000000030f0c                alt_exception_cause_generated_bad_addr
 .text          0x0000000000030fa8       0x14 j:/altera/15.0.0.145/nios2eds/bin/gnu/h-x86_64-mingw32/bin/../lib/gcc/nios2-elf/4.9.1/../../../../../H-x86_64-mingw32/nios2-elf/lib\libc.a(lib_a-atexit.o)
                0x0000000000030fa8                atexit
 .text          0x0000000000030fbc       0x38 j:/altera/15.0.0.145/nios2eds/bin/gnu/h-x86_64-mingw32/bin/../lib/gcc/nios2-elf/4.9.1/../../../../../H-x86_64-mingw32/nios2-elf/lib\libc.a(lib_a-exit.o)
                0x0000000000030fbc                exit
 .text          0x0000000000030ff4       0x7c j:/altera/15.0.0.145/nios2eds/bin/gnu/h-x86_64-mingw32/bin/../lib/gcc/nios2-elf/4.9.1/../../../../../H-x86_64-mingw32/nios2-elf/lib\libc.a(lib_a-memcmp.o)
                0x0000000000030ff4                memcmp
 .text          0x0000000000031070      0x114 j:/altera/15.0.0.145/nios2eds/bin/gnu/h-x86_64-mingw32/bin/../lib/gcc/nios2-elf/4.9.1/../../../../../H-x86_64-mingw32/nios2-elf/lib\libc.a(lib_a-__atexit.o)
                0x0000000000031070                __register_exitproc
 .text          0x0000000000031184      0x194 j:/altera/15.0.0.145/nios2eds/bin/gnu/h-x86_64-mingw32/bin/../lib/gcc/nios2-elf/4.9.1/../../../../../H-x86_64-mingw32/nios2-elf/lib\libc.a(lib_a-__call_atexit.o)
                0x0000000000031184                __call_exitprocs
 .text          0x0000000000031318       0x34 ../Camera_Test_bsp/\libhal_bsp.a(alt_exit.o)
                0x0000000000031318                _exit
 *(.gnu.warning.*)
 *(.fini)
                0x000000000003134c                PROVIDE (__etext, ABSOLUTE (.))
                0x000000000003134c                PROVIDE (_etext, ABSOLUTE (.))
                0x000000000003134c                PROVIDE (etext, ABSOLUTE (.))
 *(.eh_frame_hdr)
                0x000000000003134c                . = ALIGN (0x4)
                0x000000000003134c                PROVIDE (__preinit_array_start, ABSOLUTE (.))
 *(.preinit_array)
                0x000000000003134c                PROVIDE (__preinit_array_end, ABSOLUTE (.))
                0x000000000003134c                PROVIDE (__init_array_start, ABSOLUTE (.))
 *(.init_array)
                0x000000000003134c                PROVIDE (__init_array_end, ABSOLUTE (.))
                0x000000000003134c                PROVIDE (__fini_array_start, ABSOLUTE (.))
 *(.fini_array)
                0x000000000003134c                PROVIDE (__fini_array_end, ABSOLUTE (.))
 *(.eh_frame)
 *(.gcc_except_table .gcc_except_table.*)
 *(.dynamic)
                0x000000000003134c                PROVIDE (__CTOR_LIST__, ABSOLUTE (.))
 *(.ctors)
 *(SORT(.ctors.*))
                0x000000000003134c                PROVIDE (__CTOR_END__, ABSOLUTE (.))
                0x000000000003134c                PROVIDE (__DTOR_LIST__, ABSOLUTE (.))
 *(.dtors)
 *(SORT(.dtors.*))
                0x000000000003134c                PROVIDE (__DTOR_END__, ABSOLUTE (.))
 *(.jcr)
                0x000000000003134c                . = ALIGN (0x4)

.rodata         0x000000000003134c      0x880
                0x000000000003134c                PROVIDE (__ram_rodata_start, ABSOLUTE (.))
                0x000000000003134c                . = ALIGN (0x4)
 *(.rodata .rodata.* .gnu.linkonce.r.*)
 .rodata        0x000000000003134c      0x278 obj/default/I2C_core.o
 .rodata        0x00000000000315c4       0x50 obj/default/auto_focus.o
 .rodata        0x0000000000031614      0x1a4 obj/default/main.o
 .rodata        0x00000000000317b8       0x64 obj/default/mipi_bridge_config.o
 .rodata        0x000000000003181c       0xb8 obj/default/mipi_camera_config.o
 .rodata.str1.4
                0x00000000000318d4        0x2 j:/altera/15.0.0.145/nios2eds/bin/gnu/h-x86_64-mingw32/bin/../lib/gcc/nios2-elf/4.9.1/../../../../../H-x86_64-mingw32/nios2-elf/lib\libc.a(lib_a-puts.o)
                                          0x4 (size before relaxing)
 *fill*         0x00000000000318d6        0x2 
 .rodata.str1.4
                0x00000000000318d8       0x42 j:/altera/15.0.0.145/nios2eds/bin/gnu/h-x86_64-mingw32/bin/../lib/gcc/nios2-elf/4.9.1/../../../../../H-x86_64-mingw32/nios2-elf/lib\libc.a(lib_a-vfprintf.o)
                                         0x44 (size before relaxing)
 .rodata        0x000000000003191a       0x20 j:/altera/15.0.0.145/nios2eds/bin/gnu/h-x86_64-mingw32/bin/../lib/gcc/nios2-elf/4.9.1/../../../../../H-x86_64-mingw32/nios2-elf/lib\libc.a(lib_a-vfprintf.o)
 *fill*         0x000000000003193a        0x2 
 .rodata.str1.4
                0x000000000003193c       0x10 j:/altera/15.0.0.145/nios2eds/bin/gnu/h-x86_64-mingw32/bin/../lib/gcc/nios2-elf/4.9.1/../../../../../H-x86_64-mingw32/nios2-elf/lib\libc.a(lib_a-dtoa.o)
                                         0x14 (size before relaxing)
 .rodata.str1.4
                0x000000000003194c        0x2 j:/altera/15.0.0.145/nios2eds/bin/gnu/h-x86_64-mingw32/bin/../lib/gcc/nios2-elf/4.9.1/../../../../../H-x86_64-mingw32/nios2-elf/lib\libc.a(lib_a-impure.o)
                                          0x4 (size before relaxing)
 *fill*         0x000000000003194e        0x2 
 .rodata.str1.4
                0x0000000000031950        0xc j:/altera/15.0.0.145/nios2eds/bin/gnu/h-x86_64-mingw32/bin/../lib/gcc/nios2-elf/4.9.1/../../../../../H-x86_64-mingw32/nios2-elf/lib\libc.a(lib_a-locale.o)
                                         0x14 (size before relaxing)
 .rodata        0x000000000003195c      0x124 j:/altera/15.0.0.145/nios2eds/bin/gnu/h-x86_64-mingw32/bin/../lib/gcc/nios2-elf/4.9.1/../../../../../H-x86_64-mingw32/nios2-elf/lib\libc.a(lib_a-mprec.o)
                0x0000000000031968                __mprec_tinytens
                0x0000000000031990                __mprec_bigtens
                0x00000000000319b8                __mprec_tens
 .rodata.str1.4
                0x0000000000000000       0x30 j:/altera/15.0.0.145/nios2eds/bin/gnu/h-x86_64-mingw32/bin/../lib/gcc/nios2-elf/4.9.1/../../../../../H-x86_64-mingw32/nios2-elf/lib\libc.a(lib_a-vfiprintf.o)
 .rodata        0x0000000000031a80       0x20 j:/altera/15.0.0.145/nios2eds/bin/gnu/h-x86_64-mingw32/bin/../lib/gcc/nios2-elf/4.9.1/../../../../../H-x86_64-mingw32/nios2-elf/lib\libc.a(lib_a-vfiprintf.o)
 .rodata        0x0000000000031aa0      0x100 j:/altera/15.0.0.145/nios2eds/bin/gnu/h-x86_64-mingw32/bin/../lib/gcc/nios2-elf/4.9.1\libgcc.a(_clz.o)
                0x0000000000031aa0                __clz_tab
 .rodata        0x0000000000031ba0        0xc ../Camera_Test_bsp/\libhal_bsp.a(alt_dev.o)
 .rodata        0x0000000000031bac       0x10 ../Camera_Test_bsp/\libhal_bsp.a(alt_main.o)
 .rodata        0x0000000000031bbc       0x10 ../Camera_Test_bsp/\libhal_bsp.a(alt_sys_init.o)
 *(.rodata1)
                0x0000000000031bcc                . = ALIGN (0x4)
                0x0000000000031bcc                PROVIDE (__ram_rodata_end, ABSOLUTE (.))
                0x000000000003134c                PROVIDE (__flash_rodata_start, LOADADDR (.rodata))

.rwdata         0x0000000000031bcc     0x2290 load address 0x0000000000033e5c
                0x0000000000031bcc                PROVIDE (__ram_rwdata_start, ABSOLUTE (.))
                0x0000000000031bcc                . = ALIGN (0x4)
 *(.got.plt)
 *(.got)
 *(.data1)
 *(.data .data.* .gnu.linkonce.d.*)
 .data          0x0000000000031bcc        0x0 ../Camera_Test_bsp//obj/HAL/src/crt0.o
 .data          0x0000000000031bcc        0x0 obj/default/I2C_core.o
 .data          0x0000000000031bcc        0x0 obj/default/auto_focus.o
 .data          0x0000000000031bcc        0x0 obj/default/main.o
 .data          0x0000000000031bcc       0x34 obj/default/mipi_bridge_config.o
 .data          0x0000000000031c00      0x762 obj/default/mipi_camera_config.o
 .data          0x0000000000032362        0x0 obj/default/queue.o
 .data          0x0000000000032362        0x0 j:/altera/15.0.0.145/nios2eds/bin/gnu/h-x86_64-mingw32/bin/../lib/gcc/nios2-elf/4.9.1\libgcc.a(lib2-divmod.o)
 .data          0x0000000000032362        0x0 j:/altera/15.0.0.145/nios2eds/bin/gnu/h-x86_64-mingw32/bin/../lib/gcc/nios2-elf/4.9.1/../../../../../H-x86_64-mingw32/nios2-elf/lib\libc.a(lib_a-malloc.o)
 *fill*         0x0000000000032362        0x2 
 .data          0x0000000000032364      0x408 j:/altera/15.0.0.145/nios2eds/bin/gnu/h-x86_64-mingw32/bin/../lib/gcc/nios2-elf/4.9.1/../../../../../H-x86_64-mingw32/nios2-elf/lib\libc.a(lib_a-mallocr.o)
                0x0000000000032364                __malloc_av_
 .data          0x000000000003276c        0x0 j:/altera/15.0.0.145/nios2eds/bin/gnu/h-x86_64-mingw32/bin/../lib/gcc/nios2-elf/4.9.1/../../../../../H-x86_64-mingw32/nios2-elf/lib\libc.a(lib_a-memset.o)
 .data          0x000000000003276c        0x0 j:/altera/15.0.0.145/nios2eds/bin/gnu/h-x86_64-mingw32/bin/../lib/gcc/nios2-elf/4.9.1/../../../../../H-x86_64-mingw32/nios2-elf/lib\libc.a(lib_a-printf.o)
 .data          0x000000000003276c        0x0 j:/altera/15.0.0.145/nios2eds/bin/gnu/h-x86_64-mingw32/bin/../lib/gcc/nios2-elf/4.9.1/../../../../../H-x86_64-mingw32/nios2-elf/lib\libc.a(lib_a-putchar.o)
 .data          0x000000000003276c        0x0 j:/altera/15.0.0.145/nios2eds/bin/gnu/h-x86_64-mingw32/bin/../lib/gcc/nios2-elf/4.9.1/../../../../../H-x86_64-mingw32/nios2-elf/lib\libc.a(lib_a-puts.o)
 .data          0x000000000003276c        0x0 j:/altera/15.0.0.145/nios2eds/bin/gnu/h-x86_64-mingw32/bin/../lib/gcc/nios2-elf/4.9.1/../../../../../H-x86_64-mingw32/nios2-elf/lib\libc.a(lib_a-sbrkr.o)
 .data          0x000000000003276c        0x0 j:/altera/15.0.0.145/nios2eds/bin/gnu/h-x86_64-mingw32/bin/../lib/gcc/nios2-elf/4.9.1/../../../../../H-x86_64-mingw32/nios2-elf/lib\libc.a(lib_a-strlen.o)
 .data          0x000000000003276c        0x0 j:/altera/15.0.0.145/nios2eds/bin/gnu/h-x86_64-mingw32/bin/../lib/gcc/nios2-elf/4.9.1/../../../../../H-x86_64-mingw32/nios2-elf/lib\libc.a(lib_a-vfprintf.o)
 .data          0x000000000003276c        0x0 j:/altera/15.0.0.145/nios2eds/bin/gnu/h-x86_64-mingw32/bin/../lib/gcc/nios2-elf/4.9.1/../../../../../H-x86_64-mingw32/nios2-elf/lib\libc.a(lib_a-wsetup.o)
 .data          0x000000000003276c        0x0 j:/altera/15.0.0.145/nios2eds/bin/gnu/h-x86_64-mingw32/bin/../lib/gcc/nios2-elf/4.9.1/../../../../../H-x86_64-mingw32/nios2-elf/lib\libc.a(lib_a-dtoa.o)
 .data          0x000000000003276c        0x0 j:/altera/15.0.0.145/nios2eds/bin/gnu/h-x86_64-mingw32/bin/../lib/gcc/nios2-elf/4.9.1/../../../../../H-x86_64-mingw32/nios2-elf/lib\libc.a(lib_a-fflush.o)
 .data          0x000000000003276c        0x0 j:/altera/15.0.0.145/nios2eds/bin/gnu/h-x86_64-mingw32/bin/../lib/gcc/nios2-elf/4.9.1/../../../../../H-x86_64-mingw32/nios2-elf/lib\libc.a(lib_a-findfp.o)
 .data          0x000000000003276c        0x0 j:/altera/15.0.0.145/nios2eds/bin/gnu/h-x86_64-mingw32/bin/../lib/gcc/nios2-elf/4.9.1/../../../../../H-x86_64-mingw32/nios2-elf/lib\libc.a(lib_a-freer.o)
 .data          0x000000000003276c        0x0 j:/altera/15.0.0.145/nios2eds/bin/gnu/h-x86_64-mingw32/bin/../lib/gcc/nios2-elf/4.9.1/../../../../../H-x86_64-mingw32/nios2-elf/lib\libc.a(lib_a-fvwrite.o)
 .data          0x000000000003276c        0x0 j:/altera/15.0.0.145/nios2eds/bin/gnu/h-x86_64-mingw32/bin/../lib/gcc/nios2-elf/4.9.1/../../../../../H-x86_64-mingw32/nios2-elf/lib\libc.a(lib_a-fwalk.o)
 .data          0x000000000003276c      0x424 j:/altera/15.0.0.145/nios2eds/bin/gnu/h-x86_64-mingw32/bin/../lib/gcc/nios2-elf/4.9.1/../../../../../H-x86_64-mingw32/nios2-elf/lib\libc.a(lib_a-impure.o)
 .data          0x0000000000032b90        0x0 j:/altera/15.0.0.145/nios2eds/bin/gnu/h-x86_64-mingw32/bin/../lib/gcc/nios2-elf/4.9.1/../../../../../H-x86_64-mingw32/nios2-elf/lib\libc.a(lib_a-int_errno.o)
 .data          0x0000000000032b90       0x78 j:/altera/15.0.0.145/nios2eds/bin/gnu/h-x86_64-mingw32/bin/../lib/gcc/nios2-elf/4.9.1/../../../../../H-x86_64-mingw32/nios2-elf/lib\libc.a(lib_a-locale.o)
 .data          0x0000000000032c08        0x0 j:/altera/15.0.0.145/nios2eds/bin/gnu/h-x86_64-mingw32/bin/../lib/gcc/nios2-elf/4.9.1/../../../../../H-x86_64-mingw32/nios2-elf/lib\libc.a(lib_a-makebuf.o)
 .data          0x0000000000032c08        0x0 j:/altera/15.0.0.145/nios2eds/bin/gnu/h-x86_64-mingw32/bin/../lib/gcc/nios2-elf/4.9.1/../../../../../H-x86_64-mingw32/nios2-elf/lib\libc.a(lib_a-memchr.o)
 .data          0x0000000000032c08        0x0 j:/altera/15.0.0.145/nios2eds/bin/gnu/h-x86_64-mingw32/bin/../lib/gcc/nios2-elf/4.9.1/../../../../../H-x86_64-mingw32/nios2-elf/lib\libc.a(lib_a-memcpy.o)
 .data          0x0000000000032c08        0x0 j:/altera/15.0.0.145/nios2eds/bin/gnu/h-x86_64-mingw32/bin/../lib/gcc/nios2-elf/4.9.1/../../../../../H-x86_64-mingw32/nios2-elf/lib\libc.a(lib_a-memmove.o)
 .data          0x0000000000032c08        0x0 j:/altera/15.0.0.145/nios2eds/bin/gnu/h-x86_64-mingw32/bin/../lib/gcc/nios2-elf/4.9.1/../../../../../H-x86_64-mingw32/nios2-elf/lib\libc.a(lib_a-mprec.o)
 .data          0x0000000000032c08        0x0 j:/altera/15.0.0.145/nios2eds/bin/gnu/h-x86_64-mingw32/bin/../lib/gcc/nios2-elf/4.9.1/../../../../../H-x86_64-mingw32/nios2-elf/lib\libc.a(lib_a-putc.o)
 .data          0x0000000000032c08        0x0 j:/altera/15.0.0.145/nios2eds/bin/gnu/h-x86_64-mingw32/bin/../lib/gcc/nios2-elf/4.9.1/../../../../../H-x86_64-mingw32/nios2-elf/lib\libc.a(lib_a-reallocr.o)
 .data          0x0000000000032c08        0x0 j:/altera/15.0.0.145/nios2eds/bin/gnu/h-x86_64-mingw32/bin/../lib/gcc/nios2-elf/4.9.1/../../../../../H-x86_64-mingw32/nios2-elf/lib\libc.a(lib_a-s_fpclassify.o)
 .data          0x0000000000032c08        0x0 j:/altera/15.0.0.145/nios2eds/bin/gnu/h-x86_64-mingw32/bin/../lib/gcc/nios2-elf/4.9.1/../../../../../H-x86_64-mingw32/nios2-elf/lib\libc.a(lib_a-stdio.o)
 .data          0x0000000000032c08        0x0 j:/altera/15.0.0.145/nios2eds/bin/gnu/h-x86_64-mingw32/bin/../lib/gcc/nios2-elf/4.9.1/../../../../../H-x86_64-mingw32/nios2-elf/lib\libc.a(lib_a-strcmp.o)
 .data          0x0000000000032c08        0x0 j:/altera/15.0.0.145/nios2eds/bin/gnu/h-x86_64-mingw32/bin/../lib/gcc/nios2-elf/4.9.1/../../../../../H-x86_64-mingw32/nios2-elf/lib\libc.a(lib_a-vfiprintf.o)
 .data          0x0000000000032c08        0x0 j:/altera/15.0.0.145/nios2eds/bin/gnu/h-x86_64-mingw32/bin/../lib/gcc/nios2-elf/4.9.1/../../../../../H-x86_64-mingw32/nios2-elf/lib\libc.a(lib_a-wbuf.o)
 .data          0x0000000000032c08        0x0 j:/altera/15.0.0.145/nios2eds/bin/gnu/h-x86_64-mingw32/bin/../lib/gcc/nios2-elf/4.9.1/../../../../../H-x86_64-mingw32/nios2-elf/lib\libc.a(lib_a-writer.o)
 .data          0x0000000000032c08        0x0 j:/altera/15.0.0.145/nios2eds/bin/gnu/h-x86_64-mingw32/bin/../lib/gcc/nios2-elf/4.9.1/../../../../../H-x86_64-mingw32/nios2-elf/lib\libc.a(closer.o)
 .data          0x0000000000032c08        0x0 j:/altera/15.0.0.145/nios2eds/bin/gnu/h-x86_64-mingw32/bin/../lib/gcc/nios2-elf/4.9.1/../../../../../H-x86_64-mingw32/nios2-elf/lib\libc.a(lib_a-callocr.o)
 .data          0x0000000000032c08        0x0 j:/altera/15.0.0.145/nios2eds/bin/gnu/h-x86_64-mingw32/bin/../lib/gcc/nios2-elf/4.9.1/../../../../../H-x86_64-mingw32/nios2-elf/lib\libc.a(lib_a-fclose.o)
 .data          0x0000000000032c08        0x0 j:/altera/15.0.0.145/nios2eds/bin/gnu/h-x86_64-mingw32/bin/../lib/gcc/nios2-elf/4.9.1/../../../../../H-x86_64-mingw32/nios2-elf/lib\libc.a(lib_a-fputwc.o)
 .data          0x0000000000032c08        0x0 j:/altera/15.0.0.145/nios2eds/bin/gnu/h-x86_64-mingw32/bin/../lib/gcc/nios2-elf/4.9.1/../../../../../H-x86_64-mingw32/nios2-elf/lib\libc.a(lib_a-fstatr.o)
 .data          0x0000000000032c08        0x0 j:/altera/15.0.0.145/nios2eds/bin/gnu/h-x86_64-mingw32/bin/../lib/gcc/nios2-elf/4.9.1/../../../../../H-x86_64-mingw32/nios2-elf/lib\libc.a(lib_a-isattyr.o)
 .data          0x0000000000032c08        0x0 j:/altera/15.0.0.145/nios2eds/bin/gnu/h-x86_64-mingw32/bin/../lib/gcc/nios2-elf/4.9.1/../../../../../H-x86_64-mingw32/nios2-elf/lib\libc.a(lib_a-lseekr.o)
 .data          0x0000000000032c08        0x0 j:/altera/15.0.0.145/nios2eds/bin/gnu/h-x86_64-mingw32/bin/../lib/gcc/nios2-elf/4.9.1/../../../../../H-x86_64-mingw32/nios2-elf/lib\libc.a(lib_a-readr.o)
 .data          0x0000000000032c08        0x0 j:/altera/15.0.0.145/nios2eds/bin/gnu/h-x86_64-mingw32/bin/../lib/gcc/nios2-elf/4.9.1/../../../../../H-x86_64-mingw32/nios2-elf/lib\libc.a(lib_a-wcrtomb.o)
 .data          0x0000000000032c08        0x0 j:/altera/15.0.0.145/nios2eds/bin/gnu/h-x86_64-mingw32/bin/../lib/gcc/nios2-elf/4.9.1/../../../../../H-x86_64-mingw32/nios2-elf/lib\libc.a(lib_a-wctomb_r.o)
 .data          0x0000000000032c08        0x0 j:/altera/15.0.0.145/nios2eds/bin/gnu/h-x86_64-mingw32/bin/../lib/gcc/nios2-elf/4.9.1\libgcc.a(_udivdi3.o)
 .data          0x0000000000032c08        0x0 j:/altera/15.0.0.145/nios2eds/bin/gnu/h-x86_64-mingw32/bin/../lib/gcc/nios2-elf/4.9.1\libgcc.a(_umoddi3.o)
 .data          0x0000000000032c08        0x0 j:/altera/15.0.0.145/nios2eds/bin/gnu/h-x86_64-mingw32/bin/../lib/gcc/nios2-elf/4.9.1\libgcc.a(adddf3.o)
 .data          0x0000000000032c08        0x0 j:/altera/15.0.0.145/nios2eds/bin/gnu/h-x86_64-mingw32/bin/../lib/gcc/nios2-elf/4.9.1\libgcc.a(divdf3.o)
 .data          0x0000000000032c08        0x0 j:/altera/15.0.0.145/nios2eds/bin/gnu/h-x86_64-mingw32/bin/../lib/gcc/nios2-elf/4.9.1\libgcc.a(eqdf2.o)
 .data          0x0000000000032c08        0x0 j:/altera/15.0.0.145/nios2eds/bin/gnu/h-x86_64-mingw32/bin/../lib/gcc/nios2-elf/4.9.1\libgcc.a(gedf2.o)
 .data          0x0000000000032c08        0x0 j:/altera/15.0.0.145/nios2eds/bin/gnu/h-x86_64-mingw32/bin/../lib/gcc/nios2-elf/4.9.1\libgcc.a(ledf2.o)
 .data          0x0000000000032c08        0x0 j:/altera/15.0.0.145/nios2eds/bin/gnu/h-x86_64-mingw32/bin/../lib/gcc/nios2-elf/4.9.1\libgcc.a(muldf3.o)
 .data          0x0000000000032c08        0x0 j:/altera/15.0.0.145/nios2eds/bin/gnu/h-x86_64-mingw32/bin/../lib/gcc/nios2-elf/4.9.1\libgcc.a(subdf3.o)
 .data          0x0000000000032c08        0x0 j:/altera/15.0.0.145/nios2eds/bin/gnu/h-x86_64-mingw32/bin/../lib/gcc/nios2-elf/4.9.1\libgcc.a(fixdfsi.o)
 .data          0x0000000000032c08        0x0 j:/altera/15.0.0.145/nios2eds/bin/gnu/h-x86_64-mingw32/bin/../lib/gcc/nios2-elf/4.9.1\libgcc.a(floatsidf.o)
 .data          0x0000000000032c08        0x0 j:/altera/15.0.0.145/nios2eds/bin/gnu/h-x86_64-mingw32/bin/../lib/gcc/nios2-elf/4.9.1\libgcc.a(floatunsidf.o)
 .data          0x0000000000032c08        0x0 j:/altera/15.0.0.145/nios2eds/bin/gnu/h-x86_64-mingw32/bin/../lib/gcc/nios2-elf/4.9.1\libgcc.a(_clz.o)
 .data          0x0000000000032c08        0x0 j:/altera/15.0.0.145/nios2eds/bin/gnu/h-x86_64-mingw32/bin/../lib/gcc/nios2-elf/4.9.1\libgcc.a(_clzsi2.o)
 .data          0x0000000000032c08        0x0 ../Camera_Test_bsp/\libhal_bsp.a(alt_close.o)
 .data          0x0000000000032c08      0x1a8 ../Camera_Test_bsp/\libhal_bsp.a(alt_dev.o)
                0x0000000000032c08                alt_dev_null
                0x0000000000032c30                alt_fd_list
 .data          0x0000000000032db0        0x0 ../Camera_Test_bsp/\libhal_bsp.a(alt_errno.o)
 .data          0x0000000000032db0        0x0 ../Camera_Test_bsp/\libhal_bsp.a(alt_fstat.o)
 .data          0x0000000000032db0        0x0 ../Camera_Test_bsp/\libhal_bsp.a(alt_isatty.o)
 .data          0x0000000000032db0        0x0 ../Camera_Test_bsp/\libhal_bsp.a(alt_load.o)
 .data          0x0000000000032db0        0x0 ../Camera_Test_bsp/\libhal_bsp.a(alt_lseek.o)
 .data          0x0000000000032db0        0x0 ../Camera_Test_bsp/\libhal_bsp.a(alt_main.o)
 .data          0x0000000000032db0        0x0 ../Camera_Test_bsp/\libhal_bsp.a(alt_malloc_lock.o)
 .data          0x0000000000032db0        0x0 ../Camera_Test_bsp/\libhal_bsp.a(alt_read.o)
 .data          0x0000000000032db0        0x0 ../Camera_Test_bsp/\libhal_bsp.a(alt_release_fd.o)
 .data          0x0000000000032db0        0x0 ../Camera_Test_bsp/\libhal_bsp.a(alt_sbrk.o)
 .data          0x0000000000032db0        0x0 ../Camera_Test_bsp/\libhal_bsp.a(alt_tick.o)
 .data          0x0000000000032db0        0x0 ../Camera_Test_bsp/\libhal_bsp.a(alt_usleep.o)
 .data          0x0000000000032db0        0x0 ../Camera_Test_bsp/\libhal_bsp.a(alt_write.o)
 .data          0x0000000000032db0     0x1060 ../Camera_Test_bsp/\libhal_bsp.a(alt_sys_init.o)
 .data          0x0000000000033e10        0x0 ../Camera_Test_bsp/\libhal_bsp.a(altera_avalon_jtag_uart_fd.o)
 .data          0x0000000000033e10        0x0 ../Camera_Test_bsp/\libhal_bsp.a(altera_avalon_jtag_uart_init.o)
 .data          0x0000000000033e10        0x0 ../Camera_Test_bsp/\libhal_bsp.a(altera_avalon_jtag_uart_ioctl.o)
 .data          0x0000000000033e10        0x0 ../Camera_Test_bsp/\libhal_bsp.a(altera_avalon_jtag_uart_read.o)
 .data          0x0000000000033e10        0x0 ../Camera_Test_bsp/\libhal_bsp.a(altera_avalon_jtag_uart_write.o)
 .data          0x0000000000033e10        0x0 ../Camera_Test_bsp/\libhal_bsp.a(altera_avalon_timer_sc.o)
 .data          0x0000000000033e10        0x0 ../Camera_Test_bsp/\libhal_bsp.a(alt_alarm_start.o)
 .data          0x0000000000033e10        0x0 ../Camera_Test_bsp/\libhal_bsp.a(alt_busy_sleep.o)
 .data          0x0000000000033e10        0x0 ../Camera_Test_bsp/\libhal_bsp.a(alt_dcache_flush_all.o)
 .data          0x0000000000033e10        0x0 ../Camera_Test_bsp/\libhal_bsp.a(alt_dev_llist_insert.o)
 .data          0x0000000000033e10        0x0 ../Camera_Test_bsp/\libhal_bsp.a(alt_do_ctors.o)
 .data          0x0000000000033e10        0x0 ../Camera_Test_bsp/\libhal_bsp.a(alt_do_dtors.o)
 .data          0x0000000000033e10        0x0 ../Camera_Test_bsp/\libhal_bsp.a(alt_icache_flush_all.o)
 .data          0x0000000000033e10        0x0 ../Camera_Test_bsp/\libhal_bsp.a(alt_iic.o)
 .data          0x0000000000033e10        0x0 ../Camera_Test_bsp/\libhal_bsp.a(alt_iic_isr_register.o)
 .data          0x0000000000033e10        0x0 ../Camera_Test_bsp/\libhal_bsp.a(alt_io_redirect.o)
 .data          0x0000000000033e10        0x0 ../Camera_Test_bsp/\libhal_bsp.a(alt_irq_entry.o)
 .data          0x0000000000033e10        0x0 ../Camera_Test_bsp/\libhal_bsp.a(alt_irq_handler.o)
 .data          0x0000000000033e10        0x0 ../Camera_Test_bsp/\libhal_bsp.a(alt_irq_vars.o)
 .data          0x0000000000033e10        0x0 ../Camera_Test_bsp/\libhal_bsp.a(alt_open.o)
 .data          0x0000000000033e10        0x0 ../Camera_Test_bsp/\libhal_bsp.a(altera_nios2_gen2_irq.o)
 .data          0x0000000000033e10        0x0 ../Camera_Test_bsp/\libhal_bsp.a(alt_exception_entry.o)
 .data          0x0000000000033e10        0x0 ../Camera_Test_bsp/\libhal_bsp.a(alt_find_dev.o)
 .data          0x0000000000033e10        0x0 ../Camera_Test_bsp/\libhal_bsp.a(alt_find_file.o)
 .data          0x0000000000033e10        0x0 ../Camera_Test_bsp/\libhal_bsp.a(alt_get_fd.o)
 .data          0x0000000000033e10        0x0 ../Camera_Test_bsp/\libhal_bsp.a(alt_icache_flush.o)
 .data          0x0000000000033e10        0x0 ../Camera_Test_bsp/\libhal_bsp.a(alt_instruction_exception_entry.o)
 .data          0x0000000000033e10        0x0 j:/altera/15.0.0.145/nios2eds/bin/gnu/h-x86_64-mingw32/bin/../lib/gcc/nios2-elf/4.9.1/../../../../../H-x86_64-mingw32/nios2-elf/lib\libc.a(lib_a-atexit.o)
 .data          0x0000000000033e10        0x0 j:/altera/15.0.0.145/nios2eds/bin/gnu/h-x86_64-mingw32/bin/../lib/gcc/nios2-elf/4.9.1/../../../../../H-x86_64-mingw32/nios2-elf/lib\libc.a(lib_a-exit.o)
 .data          0x0000000000033e10        0x0 j:/altera/15.0.0.145/nios2eds/bin/gnu/h-x86_64-mingw32/bin/../lib/gcc/nios2-elf/4.9.1/../../../../../H-x86_64-mingw32/nios2-elf/lib\libc.a(lib_a-memcmp.o)
 .data          0x0000000000033e10        0x0 j:/altera/15.0.0.145/nios2eds/bin/gnu/h-x86_64-mingw32/bin/../lib/gcc/nios2-elf/4.9.1/../../../../../H-x86_64-mingw32/nios2-elf/lib\libc.a(lib_a-__atexit.o)
 .data          0x0000000000033e10        0x0 j:/altera/15.0.0.145/nios2eds/bin/gnu/h-x86_64-mingw32/bin/../lib/gcc/nios2-elf/4.9.1/../../../../../H-x86_64-mingw32/nios2-elf/lib\libc.a(lib_a-__call_atexit.o)
 .data          0x0000000000033e10        0x0 ../Camera_Test_bsp/\libhal_bsp.a(alt_exit.o)
                0x000000000003be10                _gp = ABSOLUTE ((. + 0x8000))
                0x000000000003be10                PROVIDE (gp, _gp)
 *(.rwdata .rwdata.*)
 *(.sdata .sdata.* .gnu.linkonce.s.*)
 .sdata         0x0000000000033e10        0xc obj/default/auto_focus.o
                0x0000000000033e10                video_w
                0x0000000000033e12                video_h
                0x0000000000033e14                focus_width
                0x0000000000033e16                focus_height
                0x0000000000033e18                focus_scal
                0x0000000000033e19                focus_scal_f
                0x0000000000033e1a                focus_th
 .sdata         0x0000000000033e1c        0x8 j:/altera/15.0.0.145/nios2eds/bin/gnu/h-x86_64-mingw32/bin/../lib/gcc/nios2-elf/4.9.1/../../../../../H-x86_64-mingw32/nios2-elf/lib\libc.a(lib_a-mallocr.o)
                0x0000000000033e1c                __malloc_sbrk_base
                0x0000000000033e20                __malloc_trim_threshold
 .sdata         0x0000000000033e24        0x8 j:/altera/15.0.0.145/nios2eds/bin/gnu/h-x86_64-mingw32/bin/../lib/gcc/nios2-elf/4.9.1/../../../../../H-x86_64-mingw32/nios2-elf/lib\libc.a(lib_a-impure.o)
                0x0000000000033e24                _global_impure_ptr
                0x0000000000033e28                _impure_ptr
 .sdata         0x0000000000033e2c        0x4 j:/altera/15.0.0.145/nios2eds/bin/gnu/h-x86_64-mingw32/bin/../lib/gcc/nios2-elf/4.9.1/../../../../../H-x86_64-mingw32/nios2-elf/lib\libc.a(lib_a-locale.o)
                0x0000000000033e2c                __mb_cur_max
 .sdata         0x0000000000033e30        0x4 j:/altera/15.0.0.145/nios2eds/bin/gnu/h-x86_64-mingw32/bin/../lib/gcc/nios2-elf/4.9.1/../../../../../H-x86_64-mingw32/nios2-elf/lib\libc.a(lib_a-wctomb_r.o)
                0x0000000000033e30                __wctomb
 .sdata         0x0000000000033e34       0x14 ../Camera_Test_bsp/\libhal_bsp.a(alt_dev.o)
                0x0000000000033e34                alt_fs_list
                0x0000000000033e3c                alt_dev_list
                0x0000000000033e44                alt_max_fd
 .sdata         0x0000000000033e48        0x4 ../Camera_Test_bsp/\libhal_bsp.a(alt_errno.o)
                0x0000000000033e48                alt_errno
 .sdata         0x0000000000033e4c        0x4 ../Camera_Test_bsp/\libhal_bsp.a(alt_sbrk.o)
 .sdata         0x0000000000033e50        0x8 ../Camera_Test_bsp/\libhal_bsp.a(alt_tick.o)
                0x0000000000033e50                alt_alarm_list
 .sdata         0x0000000000033e58        0x4 ../Camera_Test_bsp/\libhal_bsp.a(alt_irq_vars.o)
                0x0000000000033e58                alt_priority_mask
 *(.sdata2 .sdata2.* .gnu.linkonce.s2.*)
                0x0000000000033e5c                . = ALIGN (0x4)
                0x0000000000033e5c                _edata = ABSOLUTE (.)
                0x0000000000033e5c                PROVIDE (edata, ABSOLUTE (.))
                0x0000000000033e5c                PROVIDE (__ram_rwdata_end, ABSOLUTE (.))
                0x0000000000033e5c                PROVIDE (__flash_rwdata_start, LOADADDR (.rwdata))

.bss            0x00000000000360ec      0x160
                0x00000000000360ec                __bss_start = ABSOLUTE (.)
                0x00000000000360ec                PROVIDE (__sbss_start, ABSOLUTE (.))
                0x00000000000360ec                PROVIDE (___sbss_start, ABSOLUTE (.))
 *(.dynsbss)
 *(.sbss .sbss.* .gnu.linkonce.sb.*)
 .sbss          0x00000000000360ec        0xc j:/altera/15.0.0.145/nios2eds/bin/gnu/h-x86_64-mingw32/bin/../lib/gcc/nios2-elf/4.9.1/../../../../../H-x86_64-mingw32/nios2-elf/lib\libc.a(lib_a-mallocr.o)
                0x00000000000360ec                __malloc_max_total_mem
                0x00000000000360f0                __malloc_max_sbrked_mem
                0x00000000000360f4                __malloc_top_pad
 .sbss          0x00000000000360f8        0x4 j:/altera/15.0.0.145/nios2eds/bin/gnu/h-x86_64-mingw32/bin/../lib/gcc/nios2-elf/4.9.1/../../../../../H-x86_64-mingw32/nios2-elf/lib\libc.a(lib_a-int_errno.o)
                0x00000000000360f8                errno
 .sbss          0x00000000000360fc        0xc j:/altera/15.0.0.145/nios2eds/bin/gnu/h-x86_64-mingw32/bin/../lib/gcc/nios2-elf/4.9.1/../../../../../H-x86_64-mingw32/nios2-elf/lib\libc.a(lib_a-locale.o)
                0x00000000000360fc                _PathLocale
                0x0000000000036100                __mlocale_changed
                0x0000000000036104                __nlocale_changed
 .sbss          0x0000000000036108        0xc ../Camera_Test_bsp/\libhal_bsp.a(alt_main.o)
                0x0000000000036108                alt_argc
                0x000000000003610c                alt_argv
                0x0000000000036110                alt_envp
 .sbss          0x0000000000036114        0x8 ../Camera_Test_bsp/\libhal_bsp.a(alt_tick.o)
                0x0000000000036114                _alt_tick_rate
                0x0000000000036118                _alt_nticks
 .sbss          0x000000000003611c        0x4 ../Camera_Test_bsp/\libhal_bsp.a(alt_irq_vars.o)
                0x000000000003611c                alt_irq_active
 .sbss          0x0000000000036120        0x4 ../Camera_Test_bsp/\libhal_bsp.a(alt_instruction_exception_entry.o)
                0x0000000000036120                alt_instruction_exception_handler
 *(.sbss2 .sbss2.* .gnu.linkonce.sb2.*)
 *(.scommon)
                0x0000000000036124                PROVIDE (__sbss_end, ABSOLUTE (.))
                0x0000000000036124                PROVIDE (___sbss_end, ABSOLUTE (.))
 *(.dynbss)
 *(.bss .bss.* .gnu.linkonce.b.*)
 .bss           0x0000000000036124        0x0 ../Camera_Test_bsp//obj/HAL/src/crt0.o
 .bss           0x0000000000036124        0x0 obj/default/I2C_core.o
 .bss           0x0000000000036124        0x0 obj/default/auto_focus.o
 .bss           0x0000000000036124        0x0 obj/default/main.o
 .bss           0x0000000000036124        0x0 obj/default/mipi_bridge_config.o
 .bss           0x0000000000036124        0x0 obj/default/mipi_camera_config.o
 .bss           0x0000000000036124        0x0 obj/default/queue.o
 .bss           0x0000000000036124        0x0 j:/altera/15.0.0.145/nios2eds/bin/gnu/h-x86_64-mingw32/bin/../lib/gcc/nios2-elf/4.9.1\libgcc.a(lib2-divmod.o)
 .bss           0x0000000000036124        0x0 j:/altera/15.0.0.145/nios2eds/bin/gnu/h-x86_64-mingw32/bin/../lib/gcc/nios2-elf/4.9.1/../../../../../H-x86_64-mingw32/nios2-elf/lib\libc.a(lib_a-malloc.o)
 .bss           0x0000000000036124       0x28 j:/altera/15.0.0.145/nios2eds/bin/gnu/h-x86_64-mingw32/bin/../lib/gcc/nios2-elf/4.9.1/../../../../../H-x86_64-mingw32/nios2-elf/lib\libc.a(lib_a-mallocr.o)
                0x0000000000036124                __malloc_current_mallinfo
 .bss           0x000000000003614c        0x0 j:/altera/15.0.0.145/nios2eds/bin/gnu/h-x86_64-mingw32/bin/../lib/gcc/nios2-elf/4.9.1/../../../../../H-x86_64-mingw32/nios2-elf/lib\libc.a(lib_a-memset.o)
 .bss           0x000000000003614c        0x0 j:/altera/15.0.0.145/nios2eds/bin/gnu/h-x86_64-mingw32/bin/../lib/gcc/nios2-elf/4.9.1/../../../../../H-x86_64-mingw32/nios2-elf/lib\libc.a(lib_a-printf.o)
 .bss           0x000000000003614c        0x0 j:/altera/15.0.0.145/nios2eds/bin/gnu/h-x86_64-mingw32/bin/../lib/gcc/nios2-elf/4.9.1/../../../../../H-x86_64-mingw32/nios2-elf/lib\libc.a(lib_a-putchar.o)
 .bss           0x000000000003614c        0x0 j:/altera/15.0.0.145/nios2eds/bin/gnu/h-x86_64-mingw32/bin/../lib/gcc/nios2-elf/4.9.1/../../../../../H-x86_64-mingw32/nios2-elf/lib\libc.a(lib_a-puts.o)
 .bss           0x000000000003614c        0x0 j:/altera/15.0.0.145/nios2eds/bin/gnu/h-x86_64-mingw32/bin/../lib/gcc/nios2-elf/4.9.1/../../../../../H-x86_64-mingw32/nios2-elf/lib\libc.a(lib_a-sbrkr.o)
 .bss           0x000000000003614c        0x0 j:/altera/15.0.0.145/nios2eds/bin/gnu/h-x86_64-mingw32/bin/../lib/gcc/nios2-elf/4.9.1/../../../../../H-x86_64-mingw32/nios2-elf/lib\libc.a(lib_a-strlen.o)
 .bss           0x000000000003614c        0x0 j:/altera/15.0.0.145/nios2eds/bin/gnu/h-x86_64-mingw32/bin/../lib/gcc/nios2-elf/4.9.1/../../../../../H-x86_64-mingw32/nios2-elf/lib\libc.a(lib_a-vfprintf.o)
 .bss           0x000000000003614c        0x0 j:/altera/15.0.0.145/nios2eds/bin/gnu/h-x86_64-mingw32/bin/../lib/gcc/nios2-elf/4.9.1/../../../../../H-x86_64-mingw32/nios2-elf/lib\libc.a(lib_a-wsetup.o)
 .bss           0x000000000003614c        0x0 j:/altera/15.0.0.145/nios2eds/bin/gnu/h-x86_64-mingw32/bin/../lib/gcc/nios2-elf/4.9.1/../../../../../H-x86_64-mingw32/nios2-elf/lib\libc.a(lib_a-dtoa.o)
 .bss           0x000000000003614c        0x0 j:/altera/15.0.0.145/nios2eds/bin/gnu/h-x86_64-mingw32/bin/../lib/gcc/nios2-elf/4.9.1/../../../../../H-x86_64-mingw32/nios2-elf/lib\libc.a(lib_a-fflush.o)
 .bss           0x000000000003614c        0x0 j:/altera/15.0.0.145/nios2eds/bin/gnu/h-x86_64-mingw32/bin/../lib/gcc/nios2-elf/4.9.1/../../../../../H-x86_64-mingw32/nios2-elf/lib\libc.a(lib_a-findfp.o)
 .bss           0x000000000003614c        0x0 j:/altera/15.0.0.145/nios2eds/bin/gnu/h-x86_64-mingw32/bin/../lib/gcc/nios2-elf/4.9.1/../../../../../H-x86_64-mingw32/nios2-elf/lib\libc.a(lib_a-freer.o)
 .bss           0x000000000003614c        0x0 j:/altera/15.0.0.145/nios2eds/bin/gnu/h-x86_64-mingw32/bin/../lib/gcc/nios2-elf/4.9.1/../../../../../H-x86_64-mingw32/nios2-elf/lib\libc.a(lib_a-fvwrite.o)
 .bss           0x000000000003614c        0x0 j:/altera/15.0.0.145/nios2eds/bin/gnu/h-x86_64-mingw32/bin/../lib/gcc/nios2-elf/4.9.1/../../../../../H-x86_64-mingw32/nios2-elf/lib\libc.a(lib_a-fwalk.o)
 .bss           0x000000000003614c        0x0 j:/altera/15.0.0.145/nios2eds/bin/gnu/h-x86_64-mingw32/bin/../lib/gcc/nios2-elf/4.9.1/../../../../../H-x86_64-mingw32/nios2-elf/lib\libc.a(lib_a-impure.o)
 .bss           0x000000000003614c        0x0 j:/altera/15.0.0.145/nios2eds/bin/gnu/h-x86_64-mingw32/bin/../lib/gcc/nios2-elf/4.9.1/../../../../../H-x86_64-mingw32/nios2-elf/lib\libc.a(lib_a-int_errno.o)
 .bss           0x000000000003614c        0x0 j:/altera/15.0.0.145/nios2eds/bin/gnu/h-x86_64-mingw32/bin/../lib/gcc/nios2-elf/4.9.1/../../../../../H-x86_64-mingw32/nios2-elf/lib\libc.a(lib_a-locale.o)
 .bss           0x000000000003614c        0x0 j:/altera/15.0.0.145/nios2eds/bin/gnu/h-x86_64-mingw32/bin/../lib/gcc/nios2-elf/4.9.1/../../../../../H-x86_64-mingw32/nios2-elf/lib\libc.a(lib_a-makebuf.o)
 .bss           0x000000000003614c        0x0 j:/altera/15.0.0.145/nios2eds/bin/gnu/h-x86_64-mingw32/bin/../lib/gcc/nios2-elf/4.9.1/../../../../../H-x86_64-mingw32/nios2-elf/lib\libc.a(lib_a-memchr.o)
 .bss           0x000000000003614c        0x0 j:/altera/15.0.0.145/nios2eds/bin/gnu/h-x86_64-mingw32/bin/../lib/gcc/nios2-elf/4.9.1/../../../../../H-x86_64-mingw32/nios2-elf/lib\libc.a(lib_a-memcpy.o)
 .bss           0x000000000003614c        0x0 j:/altera/15.0.0.145/nios2eds/bin/gnu/h-x86_64-mingw32/bin/../lib/gcc/nios2-elf/4.9.1/../../../../../H-x86_64-mingw32/nios2-elf/lib\libc.a(lib_a-memmove.o)
 .bss           0x000000000003614c        0x0 j:/altera/15.0.0.145/nios2eds/bin/gnu/h-x86_64-mingw32/bin/../lib/gcc/nios2-elf/4.9.1/../../../../../H-x86_64-mingw32/nios2-elf/lib\libc.a(lib_a-mprec.o)
 .bss           0x000000000003614c        0x0 j:/altera/15.0.0.145/nios2eds/bin/gnu/h-x86_64-mingw32/bin/../lib/gcc/nios2-elf/4.9.1/../../../../../H-x86_64-mingw32/nios2-elf/lib\libc.a(lib_a-putc.o)
 .bss           0x000000000003614c        0x0 j:/altera/15.0.0.145/nios2eds/bin/gnu/h-x86_64-mingw32/bin/../lib/gcc/nios2-elf/4.9.1/../../../../../H-x86_64-mingw32/nios2-elf/lib\libc.a(lib_a-reallocr.o)
 .bss           0x000000000003614c        0x0 j:/altera/15.0.0.145/nios2eds/bin/gnu/h-x86_64-mingw32/bin/../lib/gcc/nios2-elf/4.9.1/../../../../../H-x86_64-mingw32/nios2-elf/lib\libc.a(lib_a-s_fpclassify.o)
 .bss           0x000000000003614c        0x0 j:/altera/15.0.0.145/nios2eds/bin/gnu/h-x86_64-mingw32/bin/../lib/gcc/nios2-elf/4.9.1/../../../../../H-x86_64-mingw32/nios2-elf/lib\libc.a(lib_a-stdio.o)
 .bss           0x000000000003614c        0x0 j:/altera/15.0.0.145/nios2eds/bin/gnu/h-x86_64-mingw32/bin/../lib/gcc/nios2-elf/4.9.1/../../../../../H-x86_64-mingw32/nios2-elf/lib\libc.a(lib_a-strcmp.o)
 .bss           0x000000000003614c        0x0 j:/altera/15.0.0.145/nios2eds/bin/gnu/h-x86_64-mingw32/bin/../lib/gcc/nios2-elf/4.9.1/../../../../../H-x86_64-mingw32/nios2-elf/lib\libc.a(lib_a-vfiprintf.o)
 .bss           0x000000000003614c        0x0 j:/altera/15.0.0.145/nios2eds/bin/gnu/h-x86_64-mingw32/bin/../lib/gcc/nios2-elf/4.9.1/../../../../../H-x86_64-mingw32/nios2-elf/lib\libc.a(lib_a-wbuf.o)
 .bss           0x000000000003614c        0x0 j:/altera/15.0.0.145/nios2eds/bin/gnu/h-x86_64-mingw32/bin/../lib/gcc/nios2-elf/4.9.1/../../../../../H-x86_64-mingw32/nios2-elf/lib\libc.a(lib_a-writer.o)
 .bss           0x000000000003614c        0x0 j:/altera/15.0.0.145/nios2eds/bin/gnu/h-x86_64-mingw32/bin/../lib/gcc/nios2-elf/4.9.1/../../../../../H-x86_64-mingw32/nios2-elf/lib\libc.a(closer.o)
 .bss           0x000000000003614c        0x0 j:/altera/15.0.0.145/nios2eds/bin/gnu/h-x86_64-mingw32/bin/../lib/gcc/nios2-elf/4.9.1/../../../../../H-x86_64-mingw32/nios2-elf/lib\libc.a(lib_a-callocr.o)
 .bss           0x000000000003614c        0x0 j:/altera/15.0.0.145/nios2eds/bin/gnu/h-x86_64-mingw32/bin/../lib/gcc/nios2-elf/4.9.1/../../../../../H-x86_64-mingw32/nios2-elf/lib\libc.a(lib_a-fclose.o)
 .bss           0x000000000003614c        0x0 j:/altera/15.0.0.145/nios2eds/bin/gnu/h-x86_64-mingw32/bin/../lib/gcc/nios2-elf/4.9.1/../../../../../H-x86_64-mingw32/nios2-elf/lib\libc.a(lib_a-fputwc.o)
 .bss           0x000000000003614c        0x0 j:/altera/15.0.0.145/nios2eds/bin/gnu/h-x86_64-mingw32/bin/../lib/gcc/nios2-elf/4.9.1/../../../../../H-x86_64-mingw32/nios2-elf/lib\libc.a(lib_a-fstatr.o)
 .bss           0x000000000003614c        0x0 j:/altera/15.0.0.145/nios2eds/bin/gnu/h-x86_64-mingw32/bin/../lib/gcc/nios2-elf/4.9.1/../../../../../H-x86_64-mingw32/nios2-elf/lib\libc.a(lib_a-isattyr.o)
 .bss           0x000000000003614c        0x0 j:/altera/15.0.0.145/nios2eds/bin/gnu/h-x86_64-mingw32/bin/../lib/gcc/nios2-elf/4.9.1/../../../../../H-x86_64-mingw32/nios2-elf/lib\libc.a(lib_a-lseekr.o)
 .bss           0x000000000003614c        0x0 j:/altera/15.0.0.145/nios2eds/bin/gnu/h-x86_64-mingw32/bin/../lib/gcc/nios2-elf/4.9.1/../../../../../H-x86_64-mingw32/nios2-elf/lib\libc.a(lib_a-readr.o)
 .bss           0x000000000003614c        0x0 j:/altera/15.0.0.145/nios2eds/bin/gnu/h-x86_64-mingw32/bin/../lib/gcc/nios2-elf/4.9.1/../../../../../H-x86_64-mingw32/nios2-elf/lib\libc.a(lib_a-wcrtomb.o)
 .bss           0x000000000003614c        0x0 j:/altera/15.0.0.145/nios2eds/bin/gnu/h-x86_64-mingw32/bin/../lib/gcc/nios2-elf/4.9.1/../../../../../H-x86_64-mingw32/nios2-elf/lib\libc.a(lib_a-wctomb_r.o)
 .bss           0x000000000003614c        0x0 j:/altera/15.0.0.145/nios2eds/bin/gnu/h-x86_64-mingw32/bin/../lib/gcc/nios2-elf/4.9.1\libgcc.a(_udivdi3.o)
 .bss           0x000000000003614c        0x0 j:/altera/15.0.0.145/nios2eds/bin/gnu/h-x86_64-mingw32/bin/../lib/gcc/nios2-elf/4.9.1\libgcc.a(_umoddi3.o)
 .bss           0x000000000003614c        0x0 j:/altera/15.0.0.145/nios2eds/bin/gnu/h-x86_64-mingw32/bin/../lib/gcc/nios2-elf/4.9.1\libgcc.a(adddf3.o)
 .bss           0x000000000003614c        0x0 j:/altera/15.0.0.145/nios2eds/bin/gnu/h-x86_64-mingw32/bin/../lib/gcc/nios2-elf/4.9.1\libgcc.a(divdf3.o)
 .bss           0x000000000003614c        0x0 j:/altera/15.0.0.145/nios2eds/bin/gnu/h-x86_64-mingw32/bin/../lib/gcc/nios2-elf/4.9.1\libgcc.a(eqdf2.o)
 .bss           0x000000000003614c        0x0 j:/altera/15.0.0.145/nios2eds/bin/gnu/h-x86_64-mingw32/bin/../lib/gcc/nios2-elf/4.9.1\libgcc.a(gedf2.o)
 .bss           0x000000000003614c        0x0 j:/altera/15.0.0.145/nios2eds/bin/gnu/h-x86_64-mingw32/bin/../lib/gcc/nios2-elf/4.9.1\libgcc.a(ledf2.o)
 .bss           0x000000000003614c        0x0 j:/altera/15.0.0.145/nios2eds/bin/gnu/h-x86_64-mingw32/bin/../lib/gcc/nios2-elf/4.9.1\libgcc.a(muldf3.o)
 .bss           0x000000000003614c        0x0 j:/altera/15.0.0.145/nios2eds/bin/gnu/h-x86_64-mingw32/bin/../lib/gcc/nios2-elf/4.9.1\libgcc.a(subdf3.o)
 .bss           0x000000000003614c        0x0 j:/altera/15.0.0.145/nios2eds/bin/gnu/h-x86_64-mingw32/bin/../lib/gcc/nios2-elf/4.9.1\libgcc.a(fixdfsi.o)
 .bss           0x000000000003614c        0x0 j:/altera/15.0.0.145/nios2eds/bin/gnu/h-x86_64-mingw32/bin/../lib/gcc/nios2-elf/4.9.1\libgcc.a(floatsidf.o)
 .bss           0x000000000003614c        0x0 j:/altera/15.0.0.145/nios2eds/bin/gnu/h-x86_64-mingw32/bin/../lib/gcc/nios2-elf/4.9.1\libgcc.a(floatunsidf.o)
 .bss           0x000000000003614c        0x0 j:/altera/15.0.0.145/nios2eds/bin/gnu/h-x86_64-mingw32/bin/../lib/gcc/nios2-elf/4.9.1\libgcc.a(_clz.o)
 .bss           0x000000000003614c        0x0 j:/altera/15.0.0.145/nios2eds/bin/gnu/h-x86_64-mingw32/bin/../lib/gcc/nios2-elf/4.9.1\libgcc.a(_clzsi2.o)
 .bss           0x000000000003614c        0x0 ../Camera_Test_bsp/\libhal_bsp.a(alt_close.o)
 .bss           0x000000000003614c        0x0 ../Camera_Test_bsp/\libhal_bsp.a(alt_dev.o)
 .bss           0x000000000003614c        0x0 ../Camera_Test_bsp/\libhal_bsp.a(alt_errno.o)
 .bss           0x000000000003614c        0x0 ../Camera_Test_bsp/\libhal_bsp.a(alt_fstat.o)
 .bss           0x000000000003614c        0x0 ../Camera_Test_bsp/\libhal_bsp.a(alt_isatty.o)
 .bss           0x000000000003614c        0x0 ../Camera_Test_bsp/\libhal_bsp.a(alt_load.o)
 .bss           0x000000000003614c        0x0 ../Camera_Test_bsp/\libhal_bsp.a(alt_lseek.o)
 .bss           0x000000000003614c        0x0 ../Camera_Test_bsp/\libhal_bsp.a(alt_main.o)
 .bss           0x000000000003614c        0x0 ../Camera_Test_bsp/\libhal_bsp.a(alt_malloc_lock.o)
 .bss           0x000000000003614c        0x0 ../Camera_Test_bsp/\libhal_bsp.a(alt_read.o)
 .bss           0x000000000003614c        0x0 ../Camera_Test_bsp/\libhal_bsp.a(alt_release_fd.o)
 .bss           0x000000000003614c        0x0 ../Camera_Test_bsp/\libhal_bsp.a(alt_sbrk.o)
 .bss           0x000000000003614c        0x0 ../Camera_Test_bsp/\libhal_bsp.a(alt_tick.o)
 .bss           0x000000000003614c        0x0 ../Camera_Test_bsp/\libhal_bsp.a(alt_usleep.o)
 .bss           0x000000000003614c        0x0 ../Camera_Test_bsp/\libhal_bsp.a(alt_write.o)
 .bss           0x000000000003614c        0x0 ../Camera_Test_bsp/\libhal_bsp.a(alt_sys_init.o)
 .bss           0x000000000003614c        0x0 ../Camera_Test_bsp/\libhal_bsp.a(altera_avalon_jtag_uart_fd.o)
 .bss           0x000000000003614c        0x0 ../Camera_Test_bsp/\libhal_bsp.a(altera_avalon_jtag_uart_init.o)
 .bss           0x000000000003614c        0x0 ../Camera_Test_bsp/\libhal_bsp.a(altera_avalon_jtag_uart_ioctl.o)
 .bss           0x000000000003614c        0x0 ../Camera_Test_bsp/\libhal_bsp.a(altera_avalon_jtag_uart_read.o)
 .bss           0x000000000003614c        0x0 ../Camera_Test_bsp/\libhal_bsp.a(altera_avalon_jtag_uart_write.o)
 .bss           0x000000000003614c        0x0 ../Camera_Test_bsp/\libhal_bsp.a(altera_avalon_timer_sc.o)
 .bss           0x000000000003614c        0x0 ../Camera_Test_bsp/\libhal_bsp.a(alt_alarm_start.o)
 .bss           0x000000000003614c        0x0 ../Camera_Test_bsp/\libhal_bsp.a(alt_busy_sleep.o)
 .bss           0x000000000003614c        0x0 ../Camera_Test_bsp/\libhal_bsp.a(alt_dcache_flush_all.o)
 .bss           0x000000000003614c        0x0 ../Camera_Test_bsp/\libhal_bsp.a(alt_dev_llist_insert.o)
 .bss           0x000000000003614c        0x0 ../Camera_Test_bsp/\libhal_bsp.a(alt_do_ctors.o)
 .bss           0x000000000003614c        0x0 ../Camera_Test_bsp/\libhal_bsp.a(alt_do_dtors.o)
 .bss           0x000000000003614c        0x0 ../Camera_Test_bsp/\libhal_bsp.a(alt_icache_flush_all.o)
 .bss           0x000000000003614c        0x0 ../Camera_Test_bsp/\libhal_bsp.a(alt_iic.o)
 .bss           0x000000000003614c        0x0 ../Camera_Test_bsp/\libhal_bsp.a(alt_iic_isr_register.o)
 .bss           0x000000000003614c        0x0 ../Camera_Test_bsp/\libhal_bsp.a(alt_io_redirect.o)
 .bss           0x000000000003614c        0x0 ../Camera_Test_bsp/\libhal_bsp.a(alt_irq_entry.o)
 .bss           0x000000000003614c        0x0 ../Camera_Test_bsp/\libhal_bsp.a(alt_irq_handler.o)
 .bss           0x000000000003614c        0x0 ../Camera_Test_bsp/\libhal_bsp.a(alt_irq_vars.o)
 .bss           0x000000000003614c        0x0 ../Camera_Test_bsp/\libhal_bsp.a(alt_open.o)
 .bss           0x000000000003614c        0x0 ../Camera_Test_bsp/\libhal_bsp.a(altera_nios2_gen2_irq.o)
 .bss           0x000000000003614c        0x0 ../Camera_Test_bsp/\libhal_bsp.a(alt_exception_entry.o)
 .bss           0x000000000003614c        0x0 ../Camera_Test_bsp/\libhal_bsp.a(alt_find_dev.o)
 .bss           0x000000000003614c        0x0 ../Camera_Test_bsp/\libhal_bsp.a(alt_find_file.o)
 .bss           0x000000000003614c        0x0 ../Camera_Test_bsp/\libhal_bsp.a(alt_get_fd.o)
 .bss           0x000000000003614c        0x0 ../Camera_Test_bsp/\libhal_bsp.a(alt_icache_flush.o)
 .bss           0x000000000003614c        0x0 ../Camera_Test_bsp/\libhal_bsp.a(alt_instruction_exception_entry.o)
 .bss           0x000000000003614c        0x0 j:/altera/15.0.0.145/nios2eds/bin/gnu/h-x86_64-mingw32/bin/../lib/gcc/nios2-elf/4.9.1/../../../../../H-x86_64-mingw32/nios2-elf/lib\libc.a(lib_a-atexit.o)
 .bss           0x000000000003614c        0x0 j:/altera/15.0.0.145/nios2eds/bin/gnu/h-x86_64-mingw32/bin/../lib/gcc/nios2-elf/4.9.1/../../../../../H-x86_64-mingw32/nios2-elf/lib\libc.a(lib_a-exit.o)
 .bss           0x000000000003614c        0x0 j:/altera/15.0.0.145/nios2eds/bin/gnu/h-x86_64-mingw32/bin/../lib/gcc/nios2-elf/4.9.1/../../../../../H-x86_64-mingw32/nios2-elf/lib\libc.a(lib_a-memcmp.o)
 .bss           0x000000000003614c        0x0 j:/altera/15.0.0.145/nios2eds/bin/gnu/h-x86_64-mingw32/bin/../lib/gcc/nios2-elf/4.9.1/../../../../../H-x86_64-mingw32/nios2-elf/lib\libc.a(lib_a-__atexit.o)
 .bss           0x000000000003614c        0x0 j:/altera/15.0.0.145/nios2eds/bin/gnu/h-x86_64-mingw32/bin/../lib/gcc/nios2-elf/4.9.1/../../../../../H-x86_64-mingw32/nios2-elf/lib\libc.a(lib_a-__call_atexit.o)
 .bss           0x000000000003614c        0x0 ../Camera_Test_bsp/\libhal_bsp.a(alt_exit.o)
 *(COMMON)
 COMMON         0x000000000003614c      0x100 ../Camera_Test_bsp/\libhal_bsp.a(alt_irq_handler.o)
                0x000000000003614c                alt_irq
                0x000000000003624c                . = ALIGN (0x4)
                0x000000000003624c                __bss_end = ABSOLUTE (.)

.onchip_memory2_0
                0x000000000003624c        0x0
                0x000000000003624c                PROVIDE (_alt_partition_onchip_memory2_0_start, ABSOLUTE (.))
 *(.onchip_memory2_0 .onchip_memory2_0. onchip_memory2_0.*)
                0x000000000003624c                . = ALIGN (0x4)
                0x000000000003624c                PROVIDE (_alt_partition_onchip_memory2_0_end, ABSOLUTE (.))
                0x000000000003624c                _end = ABSOLUTE (.)
                0x000000000003624c                end = ABSOLUTE (.)
                0x000000000003624c                __alt_stack_base = ABSOLUTE (.)
                0x000000000003624c                PROVIDE (_alt_partition_onchip_memory2_0_load_addr, LOADADDR (.onchip_memory2_0))

.stab
 *(.stab)

.stabstr
 *(.stabstr)

.stab.excl
 *(.stab.excl)

.stab.exclstr
 *(.stab.exclstr)

.stab.index
 *(.stab.index)

.stab.indexstr
 *(.stab.indexstr)

.comment        0x0000000000000000       0x23
 *(.comment)
 .comment       0x0000000000000000       0x23 obj/default/I2C_core.o
                                         0x24 (size before relaxing)
 .comment       0x0000000000000000       0x24 obj/default/auto_focus.o
 .comment       0x0000000000000000       0x24 obj/default/main.o
 .comment       0x0000000000000000       0x24 obj/default/mipi_bridge_config.o
 .comment       0x0000000000000000       0x24 obj/default/mipi_camera_config.o
 .comment       0x0000000000000000       0x24 obj/default/queue.o
 .comment       0x0000000000000000       0x24 j:/altera/15.0.0.145/nios2eds/bin/gnu/h-x86_64-mingw32/bin/../lib/gcc/nios2-elf/4.9.1\libgcc.a(lib2-divmod.o)
 .comment       0x0000000000000000       0x24 j:/altera/15.0.0.145/nios2eds/bin/gnu/h-x86_64-mingw32/bin/../lib/gcc/nios2-elf/4.9.1/../../../../../H-x86_64-mingw32/nios2-elf/lib\libc.a(lib_a-malloc.o)
 .comment       0x0000000000000000       0x24 j:/altera/15.0.0.145/nios2eds/bin/gnu/h-x86_64-mingw32/bin/../lib/gcc/nios2-elf/4.9.1/../../../../../H-x86_64-mingw32/nios2-elf/lib\libc.a(lib_a-mallocr.o)
 .comment       0x0000000000000000       0x24 j:/altera/15.0.0.145/nios2eds/bin/gnu/h-x86_64-mingw32/bin/../lib/gcc/nios2-elf/4.9.1/../../../../../H-x86_64-mingw32/nios2-elf/lib\libc.a(lib_a-memset.o)
 .comment       0x0000000000000000       0x24 j:/altera/15.0.0.145/nios2eds/bin/gnu/h-x86_64-mingw32/bin/../lib/gcc/nios2-elf/4.9.1/../../../../../H-x86_64-mingw32/nios2-elf/lib\libc.a(lib_a-printf.o)
 .comment       0x0000000000000000       0x24 j:/altera/15.0.0.145/nios2eds/bin/gnu/h-x86_64-mingw32/bin/../lib/gcc/nios2-elf/4.9.1/../../../../../H-x86_64-mingw32/nios2-elf/lib\libc.a(lib_a-putchar.o)
 .comment       0x0000000000000000       0x24 j:/altera/15.0.0.145/nios2eds/bin/gnu/h-x86_64-mingw32/bin/../lib/gcc/nios2-elf/4.9.1/../../../../../H-x86_64-mingw32/nios2-elf/lib\libc.a(lib_a-puts.o)
 .comment       0x0000000000000000       0x24 j:/altera/15.0.0.145/nios2eds/bin/gnu/h-x86_64-mingw32/bin/../lib/gcc/nios2-elf/4.9.1/../../../../../H-x86_64-mingw32/nios2-elf/lib\libc.a(lib_a-sbrkr.o)
 .comment       0x0000000000000000       0x24 j:/altera/15.0.0.145/nios2eds/bin/gnu/h-x86_64-mingw32/bin/../lib/gcc/nios2-elf/4.9.1/../../../../../H-x86_64-mingw32/nios2-elf/lib\libc.a(lib_a-strlen.o)
 .comment       0x0000000000000000       0x24 j:/altera/15.0.0.145/nios2eds/bin/gnu/h-x86_64-mingw32/bin/../lib/gcc/nios2-elf/4.9.1/../../../../../H-x86_64-mingw32/nios2-elf/lib\libc.a(lib_a-vfprintf.o)
 .comment       0x0000000000000000       0x24 j:/altera/15.0.0.145/nios2eds/bin/gnu/h-x86_64-mingw32/bin/../lib/gcc/nios2-elf/4.9.1/../../../../../H-x86_64-mingw32/nios2-elf/lib\libc.a(lib_a-wsetup.o)
 .comment       0x0000000000000000       0x24 j:/altera/15.0.0.145/nios2eds/bin/gnu/h-x86_64-mingw32/bin/../lib/gcc/nios2-elf/4.9.1/../../../../../H-x86_64-mingw32/nios2-elf/lib\libc.a(lib_a-dtoa.o)
 .comment       0x0000000000000000       0x24 j:/altera/15.0.0.145/nios2eds/bin/gnu/h-x86_64-mingw32/bin/../lib/gcc/nios2-elf/4.9.1/../../../../../H-x86_64-mingw32/nios2-elf/lib\libc.a(lib_a-fflush.o)
 .comment       0x0000000000000000       0x24 j:/altera/15.0.0.145/nios2eds/bin/gnu/h-x86_64-mingw32/bin/../lib/gcc/nios2-elf/4.9.1/../../../../../H-x86_64-mingw32/nios2-elf/lib\libc.a(lib_a-findfp.o)
 .comment       0x0000000000000000       0x24 j:/altera/15.0.0.145/nios2eds/bin/gnu/h-x86_64-mingw32/bin/../lib/gcc/nios2-elf/4.9.1/../../../../../H-x86_64-mingw32/nios2-elf/lib\libc.a(lib_a-freer.o)
 .comment       0x0000000000000000       0x24 j:/altera/15.0.0.145/nios2eds/bin/gnu/h-x86_64-mingw32/bin/../lib/gcc/nios2-elf/4.9.1/../../../../../H-x86_64-mingw32/nios2-elf/lib\libc.a(lib_a-fvwrite.o)
 .comment       0x0000000000000000       0x24 j:/altera/15.0.0.145/nios2eds/bin/gnu/h-x86_64-mingw32/bin/../lib/gcc/nios2-elf/4.9.1/../../../../../H-x86_64-mingw32/nios2-elf/lib\libc.a(lib_a-fwalk.o)
 .comment       0x0000000000000000       0x24 j:/altera/15.0.0.145/nios2eds/bin/gnu/h-x86_64-mingw32/bin/../lib/gcc/nios2-elf/4.9.1/../../../../../H-x86_64-mingw32/nios2-elf/lib\libc.a(lib_a-impure.o)
 .comment       0x0000000000000000       0x24 j:/altera/15.0.0.145/nios2eds/bin/gnu/h-x86_64-mingw32/bin/../lib/gcc/nios2-elf/4.9.1/../../../../../H-x86_64-mingw32/nios2-elf/lib\libc.a(lib_a-int_errno.o)
 .comment       0x0000000000000000       0x24 j:/altera/15.0.0.145/nios2eds/bin/gnu/h-x86_64-mingw32/bin/../lib/gcc/nios2-elf/4.9.1/../../../../../H-x86_64-mingw32/nios2-elf/lib\libc.a(lib_a-locale.o)
 .comment       0x0000000000000000       0x24 j:/altera/15.0.0.145/nios2eds/bin/gnu/h-x86_64-mingw32/bin/../lib/gcc/nios2-elf/4.9.1/../../../../../H-x86_64-mingw32/nios2-elf/lib\libc.a(lib_a-makebuf.o)
 .comment       0x0000000000000000       0x24 j:/altera/15.0.0.145/nios2eds/bin/gnu/h-x86_64-mingw32/bin/../lib/gcc/nios2-elf/4.9.1/../../../../../H-x86_64-mingw32/nios2-elf/lib\libc.a(lib_a-memchr.o)
 .comment       0x0000000000000000       0x24 j:/altera/15.0.0.145/nios2eds/bin/gnu/h-x86_64-mingw32/bin/../lib/gcc/nios2-elf/4.9.1/../../../../../H-x86_64-mingw32/nios2-elf/lib\libc.a(lib_a-memcpy.o)
 .comment       0x0000000000000000       0x24 j:/altera/15.0.0.145/nios2eds/bin/gnu/h-x86_64-mingw32/bin/../lib/gcc/nios2-elf/4.9.1/../../../../../H-x86_64-mingw32/nios2-elf/lib\libc.a(lib_a-memmove.o)
 .comment       0x0000000000000000       0x24 j:/altera/15.0.0.145/nios2eds/bin/gnu/h-x86_64-mingw32/bin/../lib/gcc/nios2-elf/4.9.1/../../../../../H-x86_64-mingw32/nios2-elf/lib\libc.a(lib_a-mprec.o)
 .comment       0x0000000000000000       0x24 j:/altera/15.0.0.145/nios2eds/bin/gnu/h-x86_64-mingw32/bin/../lib/gcc/nios2-elf/4.9.1/../../../../../H-x86_64-mingw32/nios2-elf/lib\libc.a(lib_a-putc.o)
 .comment       0x0000000000000000       0x24 j:/altera/15.0.0.145/nios2eds/bin/gnu/h-x86_64-mingw32/bin/../lib/gcc/nios2-elf/4.9.1/../../../../../H-x86_64-mingw32/nios2-elf/lib\libc.a(lib_a-reallocr.o)
 .comment       0x0000000000000000       0x24 j:/altera/15.0.0.145/nios2eds/bin/gnu/h-x86_64-mingw32/bin/../lib/gcc/nios2-elf/4.9.1/../../../../../H-x86_64-mingw32/nios2-elf/lib\libc.a(lib_a-s_fpclassify.o)
 .comment       0x0000000000000000       0x24 j:/altera/15.0.0.145/nios2eds/bin/gnu/h-x86_64-mingw32/bin/../lib/gcc/nios2-elf/4.9.1/../../../../../H-x86_64-mingw32/nios2-elf/lib\libc.a(lib_a-stdio.o)
 .comment       0x0000000000000000       0x24 j:/altera/15.0.0.145/nios2eds/bin/gnu/h-x86_64-mingw32/bin/../lib/gcc/nios2-elf/4.9.1/../../../../../H-x86_64-mingw32/nios2-elf/lib\libc.a(lib_a-strcmp.o)
 .comment       0x0000000000000000       0x24 j:/altera/15.0.0.145/nios2eds/bin/gnu/h-x86_64-mingw32/bin/../lib/gcc/nios2-elf/4.9.1/../../../../../H-x86_64-mingw32/nios2-elf/lib\libc.a(lib_a-vfiprintf.o)
 .comment       0x0000000000000000       0x24 j:/altera/15.0.0.145/nios2eds/bin/gnu/h-x86_64-mingw32/bin/../lib/gcc/nios2-elf/4.9.1/../../../../../H-x86_64-mingw32/nios2-elf/lib\libc.a(lib_a-wbuf.o)
 .comment       0x0000000000000000       0x24 j:/altera/15.0.0.145/nios2eds/bin/gnu/h-x86_64-mingw32/bin/../lib/gcc/nios2-elf/4.9.1/../../../../../H-x86_64-mingw32/nios2-elf/lib\libc.a(lib_a-writer.o)
 .comment       0x0000000000000000       0x24 j:/altera/15.0.0.145/nios2eds/bin/gnu/h-x86_64-mingw32/bin/../lib/gcc/nios2-elf/4.9.1/../../../../../H-x86_64-mingw32/nios2-elf/lib\libc.a(closer.o)
 .comment       0x0000000000000000       0x24 j:/altera/15.0.0.145/nios2eds/bin/gnu/h-x86_64-mingw32/bin/../lib/gcc/nios2-elf/4.9.1/../../../../../H-x86_64-mingw32/nios2-elf/lib\libc.a(lib_a-callocr.o)
 .comment       0x0000000000000000       0x24 j:/altera/15.0.0.145/nios2eds/bin/gnu/h-x86_64-mingw32/bin/../lib/gcc/nios2-elf/4.9.1/../../../../../H-x86_64-mingw32/nios2-elf/lib\libc.a(lib_a-fclose.o)
 .comment       0x0000000000000000       0x24 j:/altera/15.0.0.145/nios2eds/bin/gnu/h-x86_64-mingw32/bin/../lib/gcc/nios2-elf/4.9.1/../../../../../H-x86_64-mingw32/nios2-elf/lib\libc.a(lib_a-fputwc.o)
 .comment       0x0000000000000000       0x24 j:/altera/15.0.0.145/nios2eds/bin/gnu/h-x86_64-mingw32/bin/../lib/gcc/nios2-elf/4.9.1/../../../../../H-x86_64-mingw32/nios2-elf/lib\libc.a(lib_a-fstatr.o)
 .comment       0x0000000000000000       0x24 j:/altera/15.0.0.145/nios2eds/bin/gnu/h-x86_64-mingw32/bin/../lib/gcc/nios2-elf/4.9.1/../../../../../H-x86_64-mingw32/nios2-elf/lib\libc.a(lib_a-isattyr.o)
 .comment       0x0000000000000000       0x24 j:/altera/15.0.0.145/nios2eds/bin/gnu/h-x86_64-mingw32/bin/../lib/gcc/nios2-elf/4.9.1/../../../../../H-x86_64-mingw32/nios2-elf/lib\libc.a(lib_a-lseekr.o)
 .comment       0x0000000000000000       0x24 j:/altera/15.0.0.145/nios2eds/bin/gnu/h-x86_64-mingw32/bin/../lib/gcc/nios2-elf/4.9.1/../../../../../H-x86_64-mingw32/nios2-elf/lib\libc.a(lib_a-readr.o)
 .comment       0x0000000000000000       0x24 j:/altera/15.0.0.145/nios2eds/bin/gnu/h-x86_64-mingw32/bin/../lib/gcc/nios2-elf/4.9.1/../../../../../H-x86_64-mingw32/nios2-elf/lib\libc.a(lib_a-wcrtomb.o)
 .comment       0x0000000000000000       0x24 j:/altera/15.0.0.145/nios2eds/bin/gnu/h-x86_64-mingw32/bin/../lib/gcc/nios2-elf/4.9.1/../../../../../H-x86_64-mingw32/nios2-elf/lib\libc.a(lib_a-wctomb_r.o)
 .comment       0x0000000000000000       0x24 j:/altera/15.0.0.145/nios2eds/bin/gnu/h-x86_64-mingw32/bin/../lib/gcc/nios2-elf/4.9.1\libgcc.a(_udivdi3.o)
 .comment       0x0000000000000000       0x24 j:/altera/15.0.0.145/nios2eds/bin/gnu/h-x86_64-mingw32/bin/../lib/gcc/nios2-elf/4.9.1\libgcc.a(_umoddi3.o)
 .comment       0x0000000000000000       0x24 j:/altera/15.0.0.145/nios2eds/bin/gnu/h-x86_64-mingw32/bin/../lib/gcc/nios2-elf/4.9.1\libgcc.a(adddf3.o)
 .comment       0x0000000000000000       0x24 j:/altera/15.0.0.145/nios2eds/bin/gnu/h-x86_64-mingw32/bin/../lib/gcc/nios2-elf/4.9.1\libgcc.a(divdf3.o)
 .comment       0x0000000000000000       0x24 j:/altera/15.0.0.145/nios2eds/bin/gnu/h-x86_64-mingw32/bin/../lib/gcc/nios2-elf/4.9.1\libgcc.a(eqdf2.o)
 .comment       0x0000000000000000       0x24 j:/altera/15.0.0.145/nios2eds/bin/gnu/h-x86_64-mingw32/bin/../lib/gcc/nios2-elf/4.9.1\libgcc.a(gedf2.o)
 .comment       0x0000000000000000       0x24 j:/altera/15.0.0.145/nios2eds/bin/gnu/h-x86_64-mingw32/bin/../lib/gcc/nios2-elf/4.9.1\libgcc.a(ledf2.o)
 .comment       0x0000000000000000       0x24 j:/altera/15.0.0.145/nios2eds/bin/gnu/h-x86_64-mingw32/bin/../lib/gcc/nios2-elf/4.9.1\libgcc.a(muldf3.o)
 .comment       0x0000000000000000       0x24 j:/altera/15.0.0.145/nios2eds/bin/gnu/h-x86_64-mingw32/bin/../lib/gcc/nios2-elf/4.9.1\libgcc.a(subdf3.o)
 .comment       0x0000000000000000       0x24 j:/altera/15.0.0.145/nios2eds/bin/gnu/h-x86_64-mingw32/bin/../lib/gcc/nios2-elf/4.9.1\libgcc.a(fixdfsi.o)
 .comment       0x0000000000000000       0x24 j:/altera/15.0.0.145/nios2eds/bin/gnu/h-x86_64-mingw32/bin/../lib/gcc/nios2-elf/4.9.1\libgcc.a(floatsidf.o)
 .comment       0x0000000000000000       0x24 j:/altera/15.0.0.145/nios2eds/bin/gnu/h-x86_64-mingw32/bin/../lib/gcc/nios2-elf/4.9.1\libgcc.a(floatunsidf.o)
 .comment       0x0000000000000000       0x24 j:/altera/15.0.0.145/nios2eds/bin/gnu/h-x86_64-mingw32/bin/../lib/gcc/nios2-elf/4.9.1\libgcc.a(_clz.o)
 .comment       0x0000000000000000       0x24 j:/altera/15.0.0.145/nios2eds/bin/gnu/h-x86_64-mingw32/bin/../lib/gcc/nios2-elf/4.9.1\libgcc.a(_clzsi2.o)
 .comment       0x0000000000000000       0x24 ../Camera_Test_bsp/\libhal_bsp.a(alt_close.o)
 .comment       0x0000000000000000       0x24 ../Camera_Test_bsp/\libhal_bsp.a(alt_dev.o)
 .comment       0x0000000000000000       0x24 ../Camera_Test_bsp/\libhal_bsp.a(alt_errno.o)
 .comment       0x0000000000000000       0x24 ../Camera_Test_bsp/\libhal_bsp.a(alt_fstat.o)
 .comment       0x0000000000000000       0x24 ../Camera_Test_bsp/\libhal_bsp.a(alt_isatty.o)
 .comment       0x0000000000000000       0x24 ../Camera_Test_bsp/\libhal_bsp.a(alt_load.o)
 .comment       0x0000000000000000       0x24 ../Camera_Test_bsp/\libhal_bsp.a(alt_lseek.o)
 .comment       0x0000000000000000       0x24 ../Camera_Test_bsp/\libhal_bsp.a(alt_main.o)