Archive member included to satisfy reference by file (symbol)

j:/altera/15.0.0.145/nios2eds/bin/gnu/h-x86_64-mingw32/bin/../lib/gcc/nios2-elf/4.9.1\libgcc.a(lib2-divmod.o)
                              obj/default/HDMI_TX/edid.o (__divsi3)
j:/altera/15.0.0.145/nios2eds/bin/gnu/h-x86_64-mingw32/bin/../lib/gcc/nios2-elf/4.9.1\libgcc.a(addsf3.o)
                              obj/default/HDMI_TX/edid.o (__addsf3)
j:/altera/15.0.0.145/nios2eds/bin/gnu/h-x86_64-mingw32/bin/../lib/gcc/nios2-elf/4.9.1\libgcc.a(divsf3.o)
                              obj/default/HDMI_TX/edid.o (__divsf3)
j:/altera/15.0.0.145/nios2eds/bin/gnu/h-x86_64-mingw32/bin/../lib/gcc/nios2-elf/4.9.1\libgcc.a(mulsf3.o)
                              obj/default/HDMI_TX/edid.o (__mulsf3)
j:/altera/15.0.0.145/nios2eds/bin/gnu/h-x86_64-mingw32/bin/../lib/gcc/nios2-elf/4.9.1\libgcc.a(subsf3.o)
                              obj/default/HDMI_TX/edid.o (__subsf3)
j:/altera/15.0.0.145/nios2eds/bin/gnu/h-x86_64-mingw32/bin/../lib/gcc/nios2-elf/4.9.1\libgcc.a(floatunsisf.o)
                              obj/default/HDMI_TX/edid.o (__floatunsisf)
j:/altera/15.0.0.145/nios2eds/bin/gnu/h-x86_64-mingw32/bin/../lib/gcc/nios2-elf/4.9.1\libgcc.a(_clzsi2.o)
                              j:/altera/15.0.0.145/nios2eds/bin/gnu/h-x86_64-mingw32/bin/../lib/gcc/nios2-elf/4.9.1\libgcc.a(addsf3.o) (__clzsi2)
j:/altera/15.0.0.145/nios2eds/bin/gnu/h-x86_64-mingw32/bin/../lib/gcc/nios2-elf/4.9.1\libgcc.a(_clz.o)
                              j:/altera/15.0.0.145/nios2eds/bin/gnu/h-x86_64-mingw32/bin/../lib/gcc/nios2-elf/4.9.1\libgcc.a(_clzsi2.o) (__clz_tab)
j:/altera/15.0.0.145/nios2eds/bin/gnu/h-x86_64-mingw32/bin/../lib/gcc/nios2-elf/4.9.1/../../../../../H-x86_64-mingw32/nios2-elf/lib\libc.a(lib_a-fgets.o)
                              obj/default/HDMI_TX/hdmi_tx.o (fgets)
j:/altera/15.0.0.145/nios2eds/bin/gnu/h-x86_64-mingw32/bin/../lib/gcc/nios2-elf/4.9.1/../../../../../H-x86_64-mingw32/nios2-elf/lib\libc.a(lib_a-findfp.o)
                              j:/altera/15.0.0.145/nios2eds/bin/gnu/h-x86_64-mingw32/bin/../lib/gcc/nios2-elf/4.9.1/../../../../../H-x86_64-mingw32/nios2-elf/lib\libc.a(lib_a-fgets.o) (__sinit)
j:/altera/15.0.0.145/nios2eds/bin/gnu/h-x86_64-mingw32/bin/../lib/gcc/nios2-elf/4.9.1/../../../../../H-x86_64-mingw32/nios2-elf/lib\libc.a(lib_a-fwalk.o)
                              j:/altera/15.0.0.145/nios2eds/bin/gnu/h-x86_64-mingw32/bin/../lib/gcc/nios2-elf/4.9.1/../../../../../H-x86_64-mingw32/nios2-elf/lib\libc.a(lib_a-findfp.o) (_fwalk)
j:/altera/15.0.0.145/nios2eds/bin/gnu/h-x86_64-mingw32/bin/../lib/gcc/nios2-elf/4.9.1/../../../../../H-x86_64-mingw32/nios2-elf/lib\libc.a(lib_a-impure.o)
                              j:/altera/15.0.0.145/nios2eds/bin/gnu/h-x86_64-mingw32/bin/../lib/gcc/nios2-elf/4.9.1/../../../../../H-x86_64-mingw32/nios2-elf/lib\libc.a(lib_a-findfp.o) (_global_impure_ptr)
j:/altera/15.0.0.145/nios2eds/bin/gnu/h-x86_64-mingw32/bin/../lib/gcc/nios2-elf/4.9.1/../../../../../H-x86_64-mingw32/nios2-elf/lib\libc.a(lib_a-mallocr.o)
                              j:/altera/15.0.0.145/nios2eds/bin/gnu/h-x86_64-mingw32/bin/../lib/gcc/nios2-elf/4.9.1/../../../../../H-x86_64-mingw32/nios2-elf/lib\libc.a(lib_a-findfp.o) (_malloc_r)
j:/altera/15.0.0.145/nios2eds/bin/gnu/h-x86_64-mingw32/bin/../lib/gcc/nios2-elf/4.9.1/../../../../../H-x86_64-mingw32/nios2-elf/lib\libc.a(lib_a-memchr.o)
                              j:/altera/15.0.0.145/nios2eds/bin/gnu/h-x86_64-mingw32/bin/../lib/gcc/nios2-elf/4.9.1/../../../../../H-x86_64-mingw32/nios2-elf/lib\libc.a(lib_a-fgets.o) (memchr)
j:/altera/15.0.0.145/nios2eds/bin/gnu/h-x86_64-mingw32/bin/../lib/gcc/nios2-elf/4.9.1/../../../../../H-x86_64-mingw32/nios2-elf/lib\libc.a(lib_a-memcmp.o)
                              obj/default/HDMI_TX/edid.o (memcmp)
j:/altera/15.0.0.145/nios2eds/bin/gnu/h-x86_64-mingw32/bin/../lib/gcc/nios2-elf/4.9.1/../../../../../H-x86_64-mingw32/nios2-elf/lib\libc.a(lib_a-memcpy.o)
                              obj/default/HDMI_TX/edid.o (memcpy)
j:/altera/15.0.0.145/nios2eds/bin/gnu/h-x86_64-mingw32/bin/../lib/gcc/nios2-elf/4.9.1/../../../../../H-x86_64-mingw32/nios2-elf/lib\libc.a(lib_a-memset.o)
                              obj/default/HDMI_TX/hdmi_tx.o (memset)
j:/altera/15.0.0.145/nios2eds/bin/gnu/h-x86_64-mingw32/bin/../lib/gcc/nios2-elf/4.9.1/../../../../../H-x86_64-mingw32/nios2-elf/lib\libc.a(lib_a-printf.o)
                              obj/default/HDMI_TX/encoder.o (printf)
j:/altera/15.0.0.145/nios2eds/bin/gnu/h-x86_64-mingw32/bin/../lib/gcc/nios2-elf/4.9.1/../../../../../H-x86_64-mingw32/nios2-elf/lib\libc.a(lib_a-putchar.o)
                              obj/default/HDMI_TX/hdmi_tx.o (putchar)
j:/altera/15.0.0.145/nios2eds/bin/gnu/h-x86_64-mingw32/bin/../lib/gcc/nios2-elf/4.9.1/../../../../../H-x86_64-mingw32/nios2-elf/lib\libc.a(lib_a-puts.o)
                              obj/default/HDMI_TX/adv7513.o (puts)
[...]
Memory Configuration

Name             Origin             Length             Attributes
reset            0x0000000000040000 0x0000000000000020
onchip_memory2   0x0000000000040020 0x000000000002bf00
*default*        0x0000000000000000 0xffffffffffffffff

Linker script and memory map

LOAD ../Camera_Test_bsp//obj/HAL/src/crt0.o
LOAD obj/default/HDMI_TX/adv7513.o
LOAD obj/default/HDMI_TX/edid.o
LOAD obj/default/HDMI_TX/encoder.o
LOAD obj/default/HDMI_TX/hdmi_tx.o
LOAD obj/default/I2C_core.o
LOAD obj/default/auto_focus.o
LOAD obj/default/i2c.o
LOAD obj/default/main.o
LOAD obj/default/mipi_bridge_config.o
LOAD obj/default/mipi_camera_config.o
LOAD j:/altera/15.0.0.145/nios2eds/bin/gnu/h-x86_64-mingw32/bin/../lib/gcc/nios2-elf/4.9.1/../../../../../H-x86_64-mingw32/nios2-elf/lib\libstdc++.a
LOAD j:/altera/15.0.0.145/nios2eds/bin/gnu/h-x86_64-mingw32/bin/../lib/gcc/nios2-elf/4.9.1/../../../../../H-x86_64-mingw32/nios2-elf/lib\libm.a
LOAD j:/altera/15.0.0.145/nios2eds/bin/gnu/h-x86_64-mingw32/bin/../lib/gcc/nios2-elf/4.9.1\libgcc.a
START GROUP
LOAD j:/altera/15.0.0.145/nios2eds/bin/gnu/h-x86_64-mingw32/bin/../lib/gcc/nios2-elf/4.9.1/../../../../../H-x86_64-mingw32/nios2-elf/lib\libc.a
LOAD j:/altera/15.0.0.145/nios2eds/bin/gnu/h-x86_64-mingw32/bin/../lib/gcc/nios2-elf/4.9.1\libgcc.a
LOAD ../Camera_Test_bsp/\libhal_bsp.a
LOAD j:/altera/15.0.0.145/nios2eds/bin/gnu/h-x86_64-mingw32/bin/../lib/gcc/nios2-elf/4.9.1/../../../../../H-x86_64-mingw32/nios2-elf/lib\libm.a
END GROUP
LOAD j:/altera/15.0.0.145/nios2eds/bin/gnu/h-x86_64-mingw32/bin/../lib/gcc/nios2-elf/4.9.1\libgcc.a
                0x0000000000040000                __alt_mem_onchip_memory2 = 0x40000

.entry          0x0000000000040000       0x20
 *(.entry)
 .entry         0x0000000000040000       0x20 ../Camera_Test_bsp//obj/HAL/src/crt0.o
                0x0000000000040000                __reset

.exceptions     0x0000000000040020      0x19c
                0x0000000000040020                PROVIDE (__ram_exceptions_start, ABSOLUTE (.))
                0x0000000000040020                . = ALIGN (0x20)
 *(.irq)
 *(.exceptions.entry.label)
 .exceptions.entry.label
                0x0000000000040020        0x0 ../Camera_Test_bsp/\libhal_bsp.a(alt_irq_entry.o)
                0x0000000000040020                alt_irq_entry
 .exceptions.entry.label
                0x0000000000040020        0x0 ../Camera_Test_bsp/\libhal_bsp.a(alt_exception_entry.o)
                0x0000000000040020                alt_exception
 *(.exceptions.entry.user)
 *(.exceptions.entry.ecc_fatal)
 *(.exceptions.entry)
 .exceptions.entry
                0x0000000000040020       0x54 ../Camera_Test_bsp/\libhal_bsp.a(alt_exception_entry.o)
 *(.exceptions.irqtest.user)
 *(.exceptions.irqtest)
 .exceptions.irqtest
                0x0000000000040074       0x10 ../Camera_Test_bsp/\libhal_bsp.a(alt_irq_entry.o)
 *(.exceptions.irqhandler.user)
 *(.exceptions.irqhandler)
 .exceptions.irqhandler
                0x0000000000040084        0x4 ../Camera_Test_bsp/\libhal_bsp.a(alt_irq_entry.o)
 *(.exceptions.irqreturn.user)
 *(.exceptions.irqreturn)
 .exceptions.irqreturn
                0x0000000000040088        0x4 ../Camera_Test_bsp/\libhal_bsp.a(alt_irq_entry.o)
 *(.exceptions.notirq.label)
 .exceptions.notirq.label
                0x000000000004008c        0x0 ../Camera_Test_bsp/\libhal_bsp.a(alt_irq_entry.o)
 *(.exceptions.notirq.user)
 *(.exceptions.notirq)
 .exceptions.notirq
                0x000000000004008c        0x8 ../Camera_Test_bsp/\libhal_bsp.a(alt_exception_entry.o)
 *(.exceptions.soft.user)
 *(.exceptions.soft)
 *(.exceptions.unknown.user)
 *(.exceptions.unknown)
 .exceptions.unknown
                0x0000000000040094        0x4 ../Camera_Test_bsp/\libhal_bsp.a(alt_exception_entry.o)
 *(.exceptions.exit.label)
 .exceptions.exit.label
                0x0000000000040098        0x0 ../Camera_Test_bsp/\libhal_bsp.a(alt_irq_entry.o)
 .exceptions.exit.label
                0x0000000000040098        0x0 ../Camera_Test_bsp/\libhal_bsp.a(alt_exception_entry.o)
 *(.exceptions.exit.user)
 *(.exceptions.exit)
 .exceptions.exit
                0x0000000000040098       0x54 ../Camera_Test_bsp/\libhal_bsp.a(alt_exception_entry.o)
 *(.exceptions)
 .exceptions    0x00000000000400ec       0xd0 ../Camera_Test_bsp/\libhal_bsp.a(alt_irq_handler.o)
                0x00000000000400ec                alt_irq_handler
                0x00000000000401bc                PROVIDE (__ram_exceptions_end, ABSOLUTE (.))
                0x0000000000040020                PROVIDE (__flash_exceptions_start, LOADADDR (.exceptions))

.text           0x00000000000401bc    0x1b6c0
                0x00000000000401bc                PROVIDE (stext, ABSOLUTE (.))
 *(.interp)
 *(.hash)
 *(.dynsym)
 *(.dynstr)
 *(.gnu.version)
 *(.gnu.version_d)
 *(.gnu.version_r)
 *(.rel.init)
 *(.rela.init)
 *(.rel.text .rel.text.* .rel.gnu.linkonce.t.*)
 *(.rela.text .rela.text.* .rela.gnu.linkonce.t.*)
 *(.rel.fini)
 *(.rela.fini)
 *(.rel.rodata .rel.rodata.* .rel.gnu.linkonce.r.*)
 *(.rela.rodata .rela.rodata.* .rela.gnu.linkonce.r.*)
 *(.rel.data .rel.data.* .rel.gnu.linkonce.d.*)
 *(.rela.data .rela.data.* .rela.gnu.linkonce.d.*)
 *(.rel.tdata .rel.tdata.* .rel.gnu.linkonce.td.*)
 *(.rela.tdata .rela.tdata.* .rela.gnu.linkonce.td.*)
 *(.rel.tbss .rel.tbss.* .rel.gnu.linkonce.tb.*)
 *(.rela.tbss .rela.tbss.* .rela.gnu.linkonce.tb.*)
 *(.rel.ctors)
 *(.rela.ctors)
 *(.rel.dtors)
 *(.rela.dtors)
 *(.rel.got)
 *(.rela.got)
 *(.rel.sdata .rel.sdata.* .rel.gnu.linkonce.s.*)
 *(.rela.sdata .rela.sdata.* .rela.gnu.linkonce.s.*)
 *(.rel.sbss .rel.sbss.* .rel.gnu.linkonce.sb.*)
 *(.rela.sbss .rela.sbss.* .rela.gnu.linkonce.sb.*)
 *(.rel.sdata2 .rel.sdata2.* .rel.gnu.linkonce.s2.*)
 *(.rela.sdata2 .rela.sdata2.* .rela.gnu.linkonce.s2.*)
 *(.rel.sbss2 .rel.sbss2.* .rel.gnu.linkonce.sb2.*)
 *(.rela.sbss2 .rela.sbss2.* .rela.gnu.linkonce.sb2.*)
 *(.rel.bss .rel.bss.* .rel.gnu.linkonce.b.*)
 *(.rela.bss .rela.bss.* .rela.gnu.linkonce.b.*)
 *(.rel.plt)
 *(.rela.plt)
 *(.rel.dyn)
 *(.init)
 *(.plt)
 *(.text .stub .text.* .gnu.linkonce.t.*)
 .text          0x00000000000401bc       0x4c ../Camera_Test_bsp//obj/HAL/src/crt0.o
                0x00000000000401bc                _start
 .text          0x0000000000040208     0x13c8 obj/default/HDMI_TX/adv7513.o
                0x0000000000040208                adv7513_chip_identify
                0x0000000000040328                adv7513_hpd_probe
                0x0000000000040454                adv7513_do_hpd_powerup
                0x0000000000040594                adv7513_do_hpd_powerdown
                0x00000000000405e0                adv7513_power_state
                0x000000000004064c                adv7513_edid_read
                0x0000000000040718                adv7513_regmap_dump
                0x0000000000041438                adv7513_video_init
                0x00000000000414f0                adv7513_audio_init
                0x0000000000041588                adv7513_chip_init
 .text          0x00000000000415d0     0x55c0 obj/default/HDMI_TX/edid.o
                0x00000000000415d0                eb_establish_timing
                0x0000000000041678                eb_establish_timing_i
                0x0000000000041724                eb_establish_timing_rb
                0x00000000000417d0                edid_decode_cea
                0x00000000000429a8                edid_decode_extensions
                0x0000000000042a9c                edid_decode_v14
                0x0000000000046b6c                edid_print_v14
 .text          0x0000000000046b90      0x6cc obj/default/HDMI_TX/encoder.o
                0x0000000000046b90                reg_read
                0x0000000000046c14                reg_write
                0x0000000000046cb0                reg_update_bits
                0x0000000000046de8                reg_or_bits
                0x0000000000046ef8                reg_clear_bits
                0x000000000004700c                adc_power
                0x0000000000047134                adc_reg_read
                0x00000000000471d0                adc_reg_write
 .text          0x000000000004725c     0x1478 obj/default/HDMI_TX/hdmi_tx.o
                0x0000000000047924                adv7513_int_setup
                0x0000000000047b50                main_xxx
                0x0000000000048490                hdmi_tx_start
 .text          0x00000000000486d4      0xdac obj/default/I2C_core.o
                0x00000000000486d4                Write32_Data
                0x000000000004872c                Read32_Data
                0x0000000000048784                oc_i2c_init
                0x00000000000487dc                oc_i2c_init_ex
                0x0000000000048918                oc_i2c_uninit
                0x000000000004899c                ACK_single_check
                0x0000000000048a28                ACK_check
                0x0000000000048a88                OC_I2C_Write
                0x0000000000048c88                ACK_judge_for_read
                0x0000000000048cec                OC_I2C_Read
                0x0000000000048eb8                OC_I2C_Read_Continue
                0x0000000000048ff0                OC_I2CL_Write
                0x0000000000049200                OC_I2CL_Read
 .text          0x0000000000049480      0x3b0 obj/default/auto_focus.o
                0x0000000000049480                Focus_Init
                0x00000000000495a4                Focus_Window
                0x0000000000049780                Focus_Released
 .text          0x0000000000049830      0xa78 obj/default/i2c.o
                0x0000000000049830                I2C_Write
                0x0000000000049908                I2C_Read
                0x0000000000049a08                I2C_MultipleRead
                0x0000000000049b5c                i2c_start
                0x0000000000049be4                i2c_stop
                0x0000000000049c58                i2c_write
                0x0000000000049d88                i2c_read
                0x0000000000049edc                I2CL_Write
                0x0000000000049fec                I2CL_Read
                0x000000000004a124                I2CL_MultipleRead
 .text          0x000000000004a2a8      0x4e8 obj/default/main.o
                0x000000000004a2a8                mipi_clear_error
                0x000000000004a35c                mipi_show_error_info
                0x000000000004a3e4                mipi_show_error_info_more
                0x000000000004a558                MIPI_Init
                0x000000000004a5d8                main
 .text          0x000000000004a790      0x240 obj/default/mipi_bridge_config.o
                0x000000000004a790                nSWAP16
                0x000000000004a7dc                MipiBridgeRegWrite
                0x000000000004a83c                MipiBridgeRegRead
                0x000000000004a8ac                MipiBridgeInit
 .text          0x000000000004a9d0      0x630 obj/default/mipi_camera_config.o
                0x000000000004a9d0                OV8865_read_cmos_sensor_8
                0x000000000004aa2c                OV8865_write_cmos_sensor_8
                0x000000000004aa8c                OV8865_write_AF
                0x000000000004aaec                OV8865_read_AF
                0x000000000004ab68                OV8865_FOCUS_Move_to
                0x000000000004ac48                MIPI_BIN_LEVEL
                0x000000000004ae04                MipiCameraInit
 .text          0x000000000004b000      0x12c j:/altera/15.0.0.145/nios2eds/bin/gnu/h-x86_64-mingw32/bin/../lib/gcc/nios2-elf/4.9.1\libgcc.a(lib2-divmod.o)
                0x000000000004b06c                __divsi3
                0x000000000004b0c0                __modsi3
                0x000000000004b11c                __udivsi3
                0x000000000004b124                __umodsi3
 .text          0x000000000004b12c      0x4e0 j:/altera/15.0.0.145/nios2eds/bin/gnu/h-x86_64-mingw32/bin/../lib/gcc/nios2-elf/4.9.1\libgcc.a(addsf3.o)
                0x000000000004b12c                __addsf3
 .text          0x000000000004b60c      0x450 j:/altera/15.0.0.145/nios2eds/bin/gnu/h-x86_64-mingw32/bin/../lib/gcc/nios2-elf/4.9.1\libgcc.a(divsf3.o)
                0x000000000004b60c                __divsf3
 .text          0x000000000004ba5c      0x424 j:/altera/15.0.0.145/nios2eds/bin/gnu/h-x86_64-mingw32/bin/../lib/gcc/nios2-elf/4.9.1\libgcc.a(mulsf3.o)
                0x000000000004ba5c                __mulsf3
 .text          0x000000000004be80      0x4fc j:/altera/15.0.0.145/nios2eds/bin/gnu/h-x86_64-mingw32/bin/../lib/gcc/nios2-elf/4.9.1\libgcc.a(subsf3.o)
                0x000000000004be80                __subsf3
 .text          0x000000000004c37c      0x110 j:/altera/15.0.0.145/nios2eds/bin/gnu/h-x86_64-mingw32/bin/../lib/gcc/nios2-elf/4.9.1\libgcc.a(floatunsisf.o)
                0x000000000004c37c                __floatunsisf
 .text          0x000000000004c48c       0x64 j:/altera/15.0.0.145/nios2eds/bin/gnu/h-x86_64-mingw32/bin/../lib/gcc/nios2-elf/4.9.1\libgcc.a(_clzsi2.o)
                0x000000000004c48c                __clzsi2
 .text          0x000000000004c4f0        0x0 j:/altera/15.0.0.145/nios2eds/bin/gnu/h-x86_64-mingw32/bin/../lib/gcc/nios2-elf/4.9.1\libgcc.a(_clz.o)
 .text          0x000000000004c4f0      0x178 j:/altera/15.0.0.145/nios2eds/bin/gnu/h-x86_64-mingw32/bin/../lib/gcc/nios2-elf/4.9.1/../../../../../H-x86_64-mingw32/nios2-elf/lib\libc.a(lib_a-fgets.o)
                0x000000000004c4f0                _fgets_r
                0x000000000004c644                fgets
 .text          0x000000000004c668      0x3a0 j:/altera/15.0.0.145/nios2eds/bin/gnu/h-x86_64-mingw32/bin/../lib/gcc/nios2-elf/4.9.1/../../../../../H-x86_64-mingw32/nios2-elf/lib\libc.a(lib_a-findfp.o)
                0x000000000004c678                _cleanup_r
                0x000000000004c824                __sfmoreglue
                0x000000000004c888                __sfp
                0x000000000004c9a0                _cleanup
                0x000000000004c9b8                __sinit
                0x000000000004c9c8                __sfp_lock_acquire
                0x000000000004c9cc                __sfp_lock_release
                0x000000000004c9d0                __sinit_lock_acquire
                0x000000000004c9d4                __sinit_lock_release
                0x000000000004c9d8                __fp_lock_all
                0x000000000004c9f0                __fp_unlock_all
 .text          0x000000000004ca08      0x170 j:/altera/15.0.0.145/nios2eds/bin/gnu/h-x86_64-mingw32/bin/../lib/gcc/nios2-elf/4.9.1/../../../../../H-x86_64-mingw32/nios2-elf/lib\libc.a(lib_a-fwalk.o)
                0x000000000004ca08                _fwalk
                0x000000000004cac0                _fwalk_reent
 .text          0x000000000004cb78        0x0 j:/altera/15.0.0.145/nios2eds/bin/gnu/h-x86_64-mingw32/bin/../lib/gcc/nios2-elf/4.9.1/../../../../../H-x86_64-mingw32/nios2-elf/lib\libc.a(lib_a-impure.o)
 .text          0x000000000004cb78      0x7a8 j:/altera/15.0.0.145/nios2eds/bin/gnu/h-x86_64-mingw32/bin/../lib/gcc/nios2-elf/4.9.1/../../../../../H-x86_64-mingw32/nios2-elf/lib\libc.a(lib_a-mallocr.o)
                0x000000000004cb78                _malloc_r
 .text          0x000000000004d320       0xe8 j:/altera/15.0.0.145/nios2eds/bin/gnu/h-x86_64-mingw32/bin/../lib/gcc/nios2-elf/4.9.1/../../../../../H-x86_64-mingw32/nios2-elf/lib\libc.a(lib_a-memchr.o)
                0x000000000004d320                memchr
 .text          0x000000000004d408       0x7c j:/altera/15.0.0.145/nios2eds/bin/gnu/h-x86_64-mingw32/bin/../lib/gcc/nios2-elf/4.9.1/../../../../../H-x86_64-mingw32/nios2-elf/lib\libc.a(lib_a-memcmp.o)
                0x000000000004d408                memcmp
 .text          0x000000000004d484      0x138 j:/altera/15.0.0.145/nios2eds/bin/gnu/h-x86_64-mingw32/bin/../lib/gcc/nios2-elf/4.9.1/../../../../../H-x86_64-mingw32/nios2-elf/lib\libc.a(lib_a-memcpy.o)
                0x000000000004d484                memcpy
 .text          0x000000000004d5bc      0x124 j:/altera/15.0.0.145/nios2eds/bin/gnu/h-x86_64-mingw32/bin/../lib/gcc/nios2-elf/4.9.1/../../../../../H-x86_64-mingw32/nios2-elf/lib\libc.a(lib_a-memset.o)
                0x000000000004d5bc                memset
 .text          0x000000000004d6e0       0x68 j:/altera/15.0.0.145/nios2eds/bin/gnu/h-x86_64-mingw32/bin/../lib/gcc/nios2-elf/4.9.1/../../../../../H-x86_64-mingw32/nios2-elf/lib\libc.a(lib_a-printf.o)
                0x000000000004d6e0                _printf_r
                0x000000000004d70c                printf
 .text          0x000000000004d748       0x20 j:/altera/15.0.0.145/nios2eds/bin/gnu/h-x86_64-mingw32/bin/../lib/gcc/nios2-elf/4.9.1/../../../../../H-x86_64-mingw32/nios2-elf/lib\libc.a(lib_a-putchar.o)
                0x000000000004d748                _putchar_r
                0x000000000004d750                putchar
 .text          0x000000000004d768       0xcc j:/altera/15.0.0.145/nios2eds/bin/gnu/h-x86_64-mingw32/bin/../lib/gcc/nios2-elf/4.9.1/../../../../../H-x86_64-mingw32/nios2-elf/lib\libc.a(lib_a-puts.o)
                0x000000000004d768                _puts_r
                0x000000000004d820                puts
 .text          0x000000000004d834      0x1c4 j:/altera/15.0.0.145/nios2eds/bin/gnu/h-x86_64-mingw32/bin/../lib/gcc/nios2-elf/4.9.1/../../../../../H-x86_64-mingw32/nios2-elf/lib\libc.a(lib_a-refill.o)
                0x000000000004d850                __srefill_r
 .text          0x000000000004d9f8       0x54 j:/altera/15.0.0.145/nios2eds/bin/gnu/h-x86_64-mingw32/bin/../lib/gcc/nios2-elf/4.9.1/../../../../../H-x86_64-mingw32/nios2-elf/lib\libc.a(lib_a-sbrkr.o)
                0x000000000004d9f8                _sbrk_r
 .text          0x000000000004da4c      0x13c j:/altera/15.0.0.145/nios2eds/bin/gnu/h-x86_64-mingw32/bin/../lib/gcc/nios2-elf/4.9.1/../../../../../H-x86_64-mingw32/nios2-elf/lib\libc.a(lib_a-stdio.o)
                0x000000000004da4c                __sread
                0x000000000004daa0                __seofread
                0x000000000004daa8                __swrite
                0x000000000004db24                __sseek
                0x000000000004db80                __sclose
 .text          0x000000000004db88       0x98 j:/altera/15.0.0.145/nios2eds/bin/gnu/h-x86_64-mingw32/bin/../lib/gcc/nios2-elf/4.9.1/../../../../../H-x86_64-mingw32/nios2-elf/lib\libc.a(lib_a-strlen.o)
                0x000000000004db88                strlen
 .text          0x000000000004dc20       0xec j:/altera/15.0.0.145/nios2eds/bin/gnu/h-x86_64-mingw32/bin/../lib/gcc/nios2-elf/4.9.1/../../../../../H-x86_64-mingw32/nios2-elf/lib\libc.a(lib_a-strncpy.o)
                0x000000000004dc20                strncpy
 .text          0x000000000004dd0c      0x2ac j:/altera/15.0.0.145/nios2eds/bin/gnu/h-x86_64-mingw32/bin/../lib/gcc/nios2-elf/4.9.1/../../../../../H-x86_64-mingw32/nios2-elf/lib\libc.a(lib_a-strtoul.o)
                0x000000000004dd0c                _strtoul_r
                0x000000000004df94                strtoul
 .text          0x000000000004dfb8     0x2020 j:/altera/15.0.0.145/nios2eds/bin/gnu/h-x86_64-mingw32/bin/../lib/gcc/nios2-elf/4.9.1/../../../../../H-x86_64-mingw32/nios2-elf/lib\libc.a(lib_a-vfprintf.o)
                0x000000000004dfb8                ___vfprintf_internal_r
                0x000000000004ffb4                __vfprintf_internal
 .text          0x000000000004ffd8       0x5c j:/altera/15.0.0.145/nios2eds/bin/gnu/h-x86_64-mingw32/bin/../lib/gcc/nios2-elf/4.9.1/../../../../../H-x86_64-mingw32/nios2-elf/lib\libc.a(lib_a-writer.o)
                0x000000000004ffd8                _write_r
 .text          0x0000000000050034      0x130 j:/altera/15.0.0.145/nios2eds/bin/gnu/h-x86_64-mingw32/bin/../lib/gcc/nios2-elf/4.9.1/../../../../../H-x86_64-mingw32/nios2-elf/lib\libc.a(lib_a-wsetup.o)
                0x0000000000050034                __swsetup_r
 .text          0x0000000000050164       0x54 j:/altera/15.0.0.145/nios2eds/bin/gnu/h-x86_64-mingw32/bin/../lib/gcc/nios2-elf/4.9.1/../../../../../H-x86_64-mingw32/nios2-elf/lib\libc.a(closer.o)
                0x0000000000050164                _close_r
 .text          0x00000000000501b8        0x0 j:/altera/15.0.0.145/nios2eds/bin/gnu/h-x86_64-mingw32/bin/../lib/gcc/nios2-elf/4.9.1/../../../../../H-x86_64-mingw32/nios2-elf/lib\libc.a(lib_a-ctype_.o)
 .text          0x00000000000501b8     0x1928 j:/altera/15.0.0.145/nios2eds/bin/gnu/h-x86_64-mingw32/bin/../lib/gcc/nios2-elf/4.9.1/../../../../../H-x86_64-mingw32/nios2-elf/lib\libc.a(lib_a-dtoa.o)
                0x00000000000503b8                _dtoa_r
 .text          0x0000000000051ae0      0x114 j:/altera/15.0.0.145/nios2eds/bin/gnu/h-x86_64-mingw32/bin/../lib/gcc/nios2-elf/4.9.1/../../../../../H-x86_64-mingw32/nios2-elf/lib\libc.a(lib_a-fclose.o)
                0x0000000000051ae0                _fclose_r
                0x0000000000051be0                fclose
 .text          0x0000000000051bf4      0x258 j:/altera/15.0.0.145/nios2eds/bin/gnu/h-x86_64-mingw32/bin/../lib/gcc/nios2-elf/4.9.1/../../../../../H-x86_64-mingw32/nios2-elf/lib\libc.a(lib_a-fflush.o)
                0x0000000000051bf4                _fflush_r
                0x0000000000051e1c                fflush
 .text          0x0000000000051e4c      0x414 j:/altera/15.0.0.145/nios2eds/bin/gnu/h-x86_64-mingw32/bin/../lib/gcc/nios2-elf/4.9.1/../../../../../H-x86_64-mingw32/nios2-elf/lib\libc.a(lib_a-freer.o)
                0x0000000000051e4c                _malloc_trim_r
                0x0000000000051f70                _free_r
 .text          0x0000000000052260      0x4a4 j:/altera/15.0.0.145/nios2eds/bin/gnu/h-x86_64-mingw32/bin/../lib/gcc/nios2-elf/4.9.1/../../../../../H-x86_64-mingw32/nios2-elf/lib\libc.a(lib_a-fvwrite.o)
                0x0000000000052260                __sfvwrite_r
 .text          0x0000000000052704        0x0 j:/altera/15.0.0.145/nios2eds/bin/gnu/h-x86_64-mingw32/bin/../lib/gcc/nios2-elf/4.9.1/../../../../../H-x86_64-mingw32/nios2-elf/lib\libc.a(lib_a-int_errno.o)
 .text          0x0000000000052704       0xe0 j:/altera/15.0.0.145/nios2eds/bin/gnu/h-x86_64-mingw32/bin/../lib/gcc/nios2-elf/4.9.1/../../../../../H-x86_64-mingw32/nios2-elf/lib\libc.a(lib_a-locale.o)
                0x0000000000052704                _setlocale_r
                0x0000000000052780                __locale_charset
                0x000000000005278c                __locale_mb_cur_max
                0x000000000005279c                __locale_msgcharset
                0x00000000000527a8                __locale_cjk_lang
                0x00000000000527b0                _localeconv_r
                0x00000000000527bc                setlocale
                0x00000000000527d8                localeconv
 .text          0x00000000000527e4       0x5c j:/altera/15.0.0.145/nios2eds/bin/gnu/h-x86_64-mingw32/bin/../lib/gcc/nios2-elf/4.9.1/../../../../../H-x86_64-mingw32/nios2-elf/lib\libc.a(lib_a-lseekr.o)
                0x00000000000527e4                _lseek_r
 .text          0x0000000000052840      0x1b8 j:/altera/15.0.0.145/nios2eds/bin/gnu/h-x86_64-mingw32/bin/../lib/gcc/nios2-elf/4.9.1/../../../../../H-x86_64-mingw32/nios2-elf/lib\libc.a(lib_a-makebuf.o)
                0x0000000000052840                __smakebuf_r
 .text          0x00000000000529f8      0x15c j:/altera/15.0.0.145/nios2eds/bin/gnu/h-x86_64-mingw32/bin/../lib/gcc/nios2-elf/4.9.1/../../../../../H-x86_64-mingw32/nios2-elf/lib\libc.a(lib_a-memmove.o)
                0x00000000000529f8                memmove
 .text          0x0000000000052b54      0xf8c j:/altera/15.0.0.145/nios2eds/bin/gnu/h-x86_64-mingw32/bin/../lib/gcc/nios2-elf/4.9.1/../../../../../H-x86_64-mingw32/nios2-elf/lib\libc.a(lib_a-mprec.o)
                0x0000000000052b54                _Balloc
                0x0000000000052bfc                _Bfree
                0x0000000000052c24                __multadd
                0x0000000000052d38                __s2b
                0x0000000000052e3c                __hi0bits
                0x0000000000052ea4                __lo0bits
                0x0000000000052f54                __i2b
                0x0000000000052f90                __multiply
                0x000000000005318c                __pow5mult
                0x00000000000532cc                __lshift
                0x0000000000053414                __mcmp
                0x0000000000053474                __mdiff
                0x000000000005360c                __ulp
                0x000000000005366c                __b2d
                0x0000000000053788                __d2b
                0x00000000000538c4                __ratio
                0x0000000000053968                _mprec_log10
                0x00000000000539dc                __copybits
                0x0000000000053a54                __any_on
 .text          0x0000000000053ae0      0x168 j:/altera/15.0.0.145/nios2eds/bin/gnu/h-x86_64-mingw32/bin/../lib/gcc/nios2-elf/4.9.1/../../../../../H-x86_64-mingw32/nios2-elf/lib\libc.a(lib_a-putc.o)
                0x0000000000053ae0                _putc_r
                0x0000000000053b80                putc
 .text          0x0000000000053c48       0x5c j:/altera/15.0.0.145/nios2eds/bin/gnu/h-x86_64-mingw32/bin/../lib/gcc/nios2-elf/4.9.1/../../../../../H-x86_64-mingw32/nios2-elf/lib\libc.a(lib_a-readr.o)
                0x0000000000053c48                _read_r
 .text          0x0000000000053ca4      0x5a0 j:/altera/15.0.0.145/nios2eds/bin/gnu/h-x86_64-mingw32/bin/../lib/gcc/nios2-elf/4.9.1/../../../../../H-x86_64-mingw32/nios2-elf/lib\libc.a(lib_a-reallocr.o)
                0x0000000000053ca4                _realloc_r
 .text          0x0000000000054244       0x74 j:/altera/15.0.0.145/nios2eds/bin/gnu/h-x86_64-mingw32/bin/../lib/gcc/nios2-elf/4.9.1/../../../../../H-x86_64-mingw32/nios2-elf/lib\libc.a(lib_a-s_fpclassify.o)
                0x0000000000054244                __fpclassifyd
 .text          0x00000000000542b8       0xa4 j:/altera/15.0.0.145/nios2eds/bin/gnu/h-x86_64-mingw32/bin/../lib/gcc/nios2-elf/4.9.1/../../../../../H-x86_64-mingw32/nios2-elf/lib\libc.a(lib_a-strcmp.o)
                0x00000000000542b8                strcmp
 .text          0x000000000005435c     0x1494 j:/altera/15.0.0.145/nios2eds/bin/gnu/h-x86_64-mingw32/bin/../lib/gcc/nios2-elf/4.9.1/../../../../../H-x86_64-mingw32/nios2-elf/lib\libc.a(lib_a-vfiprintf.o)
                0x0000000000054458                __sprint_r
                0x0000000000054470                ___vfiprintf_internal_r
                0x00000000000557cc                __vfiprintf_internal
 .text          0x00000000000557f0      0x170 j:/altera/15.0.0.145/nios2eds/bin/gnu/h-x86_64-mingw32/bin/../lib/gcc/nios2-elf/4.9.1/../../../../../H-x86_64-mingw32/nios2-elf/lib\libc.a(lib_a-wbuf.o)
                0x00000000000557f0                __swbuf_r
                0x0000000000055944                __swbuf
 .text          0x0000000000055960       0xc4 j:/altera/15.0.0.145/nios2eds/bin/gnu/h-x86_64-mingw32/bin/../lib/gcc/nios2-elf/4.9.1/../../../../../H-x86_64-mingw32/nios2-elf/lib\libc.a(lib_a-callocr.o)
                0x0000000000055960                _calloc_r
 .text          0x0000000000055a24      0x1dc j:/altera/15.0.0.145/nios2eds/bin/gnu/h-x86_64-mingw32/bin/../lib/gcc/nios2-elf/4.9.1/../../../../../H-x86_64-mingw32/nios2-elf/lib\libc.a(lib_a-fputwc.o)
                0x0000000000055a24                _fputwc_r
                0x0000000000055ba8                fputwc
 .text          0x0000000000055c00       0x58 j:/altera/15.0.0.145/nios2eds/bin/gnu/h-x86_64-mingw32/bin/../lib/gcc/nios2-elf/4.9.1/../../../../../H-x86_64-mingw32/nios2-elf/lib\libc.a(lib_a-fstatr.o)
                0x0000000000055c00                _fstat_r
 .text          0x0000000000055c58       0x54 j:/altera/15.0.0.145/nios2eds/bin/gnu/h-x86_64-mingw32/bin/../lib/gcc/nios2-elf/4.9.1/../../../../../H-x86_64-mingw32/nios2-elf/lib\libc.a(lib_a-isattyr.o)
                0x0000000000055c58                _isatty_r
 .text          0x0000000000055cac      0x174 j:/altera/15.0.0.145/nios2eds/bin/gnu/h-x86_64-mingw32/bin/../lib/gcc/nios2-elf/4.9.1/../../../../../H-x86_64-mingw32/nios2-elf/lib\libc.a(lib_a-wcrtomb.o)
                0x0000000000055cac                _wcrtomb_r
                0x0000000000055d48                wcrtomb
 .text          0x0000000000055e20       0x8c j:/altera/15.0.0.145/nios2eds/bin/gnu/h-x86_64-mingw32/bin/../lib/gcc/nios2-elf/4.9.1/../../../../../H-x86_64-mingw32/nios2-elf/lib\libc.a(lib_a-wctomb_r.o)
                0x0000000000055e20                __ascii_wctomb
                0x0000000000055e50                _wctomb_r
 .text          0x0000000000055eac      0x5c0 j:/altera/15.0.0.145/nios2eds/bin/gnu/h-x86_64-mingw32/bin/../lib/gcc/nios2-elf/4.9.1\libgcc.a(_udivdi3.o)
                0x0000000000055eac                __udivdi3
 .text          0x000000000005646c      0x590 j:/altera/15.0.0.145/nios2eds/bin/gnu/h-x86_64-mingw32/bin/../lib/gcc/nios2-elf/4.9.1\libgcc.a(_umoddi3.o)
                0x000000000005646c                __umoddi3
 .text          0x00000000000569fc      0x89c j:/altera/15.0.0.145/nios2eds/bin/gnu/h-x86_64-mingw32/bin/../lib/gcc/nios2-elf/4.9.1\libgcc.a(adddf3.o)
                0x00000000000569fc                __adddf3
 .text          0x0000000000057298      0x8cc j:/altera/15.0.0.145/nios2eds/bin/gnu/h-x86_64-mingw32/bin/../lib/gcc/nios2-elf/4.9.1\libgcc.a(divdf3.o)
                0x0000000000057298                __divdf3
 .text          0x0000000000057b64       0x84 j:/altera/15.0.0.145/nios2eds/bin/gnu/h-x86_64-mingw32/bin/../lib/gcc/nios2-elf/4.9.1\libgcc.a(eqdf2.o)
                0x0000000000057b64                __nedf2
                0x0000000000057b64                __eqdf2
 .text          0x0000000000057be8       0xe0 j:/altera/15.0.0.145/nios2eds/bin/gnu/h-x86_64-mingw32/bin/../lib/gcc/nios2-elf/4.9.1\libgcc.a(gedf2.o)
                0x0000000000057be8                __gedf2
                0x0000000000057be8                __gtdf2
 .text          0x0000000000057cc8       0xe0 j:/altera/15.0.0.145/nios2eds/bin/gnu/h-x86_64-mingw32/bin/../lib/gcc/nios2-elf/4.9.1\libgcc.a(ledf2.o)
                0x0000000000057cc8                __ledf2
                0x0000000000057cc8                __ltdf2
 .text          0x0000000000057da8      0x724 j:/altera/15.0.0.145/nios2eds/bin/gnu/h-x86_64-mingw32/bin/../lib/gcc/nios2-elf/4.9.1\libgcc.a(muldf3.o)
                0x0000000000057da8                __muldf3
 .text          0x00000000000584cc      0x8d0 j:/altera/15.0.0.145/nios2eds/bin/gnu/h-x86_64-mingw32/bin/../lib/gcc/nios2-elf/4.9.1\libgcc.a(subdf3.o)
                0x00000000000584cc                __subdf3
 .text          0x0000000000058d9c       0x88 j:/altera/15.0.0.145/nios2eds/bin/gnu/h-x86_64-mingw32/bin/../lib/gcc/nios2-elf/4.9.1\libgcc.a(fixdfsi.o)
                0x0000000000058d9c                __fixdfsi
 .text          0x0000000000058e24       0xd0 j:/altera/15.0.0.145/nios2eds/bin/gnu/h-x86_64-mingw32/bin/../lib/gcc/nios2-elf/4.9.1\libgcc.a(floatsidf.o)
                0x0000000000058e24                __floatsidf
 .text          0x0000000000058ef4       0xa4 j:/altera/15.0.0.145/nios2eds/bin/gnu/h-x86_64-mingw32/bin/../lib/gcc/nios2-elf/4.9.1\libgcc.a(floatunsidf.o)
                0x0000000000058ef4                __floatunsidf
 .text          0x0000000000058f98      0x120 ../Camera_Test_bsp/\libhal_bsp.a(alt_close.o)
                0x0000000000058fe8                close
 .text          0x00000000000590b8       0x2c ../Camera_Test_bsp/\libhal_bsp.a(alt_dev.o)
 .text          0x00000000000590e4        0x0 ../Camera_Test_bsp/\libhal_bsp.a(alt_errno.o)
 .text          0x00000000000590e4      0x100 ../Camera_Test_bsp/\libhal_bsp.a(alt_fstat.o)
                0x0000000000059134                fstat
 .text          0x00000000000591e4      0x1e0 ../Camera_Test_bsp/\libhal_bsp.a(alt_iic.o)
                0x00000000000591e4                alt_ic_isr_register
                0x0000000000059234                alt_ic_irq_enable
                0x00000000000592d4                alt_ic_irq_disable
                0x0000000000059378                alt_ic_irq_enabled
 .text          0x00000000000593c4       0xf0 ../Camera_Test_bsp/\libhal_bsp.a(alt_iic_isr_register.o)
                0x00000000000593c4                alt_iic_isr_register
 .text          0x00000000000594b4        0x0 ../Camera_Test_bsp/\libhal_bsp.a(alt_irq_entry.o)
 .text          0x00000000000594b4        0x0 ../Camera_Test_bsp/\libhal_bsp.a(alt_irq_handler.o)
 .text          0x00000000000594b4        0x0 ../Camera_Test_bsp/\libhal_bsp.a(alt_irq_vars.o)
 .text          0x00000000000594b4       0xf4 ../Camera_Test_bsp/\libhal_bsp.a(alt_isatty.o)
                0x0000000000059504                isatty
 .text          0x00000000000595a8       0xe4 ../Camera_Test_bsp/\libhal_bsp.a(alt_load.o)
                0x000000000005960c                alt_load
 .text          0x000000000005968c      0x124 ../Camera_Test_bsp/\libhal_bsp.a(alt_lseek.o)
                0x00000000000596dc                lseek
 .text          0x00000000000597b0       0x78 ../Camera_Test_bsp/\libhal_bsp.a(alt_main.o)
                0x00000000000597b0                alt_main
 .text          0x0000000000059828       0x40 ../Camera_Test_bsp/\libhal_bsp.a(alt_malloc_lock.o)
                0x0000000000059828                __malloc_lock
                0x0000000000059848                __malloc_unlock
 .text          0x0000000000059868      0x14c ../Camera_Test_bsp/\libhal_bsp.a(alt_read.o)
                0x00000000000598b8                read
 .text          0x00000000000599b4       0x60 ../Camera_Test_bsp/\libhal_bsp.a(alt_release_fd.o)
                0x00000000000599b4                alt_release_fd
 .text          0x0000000000059a14       0xb0 ../Camera_Test_bsp/\libhal_bsp.a(alt_sbrk.o)
                0x0000000000059a14                sbrk
 .text          0x0000000000059ac4      0x19c ../Camera_Test_bsp/\libhal_bsp.a(alt_tick.o)
                0x0000000000059ac4                alt_alarm_stop
                0x0000000000059b5c                alt_tick
 .text          0x0000000000059c60       0x30 ../Camera_Test_bsp/\libhal_bsp.a(alt_usleep.o)
                0x0000000000059c60                usleep
 .text          0x0000000000059c90      0x148 ../Camera_Test_bsp/\libhal_bsp.a(alt_write.o)
                0x0000000000059ce0                write
 .text          0x0000000000059dd8       0xcc ../Camera_Test_bsp/\libhal_bsp.a(alt_sys_init.o)
                0x0000000000059e10                alt_irq_init
                0x0000000000059e44                alt_sys_init
 .text          0x0000000000059ea4      0x164 ../Camera_Test_bsp/\libhal_bsp.a(altera_avalon_jtag_uart_fd.o)
                0x0000000000059ea4                altera_avalon_jtag_uart_read_fd
                0x0000000000059f04                altera_avalon_jtag_uart_write_fd
                0x0000000000059f64                altera_avalon_jtag_uart_close_fd
                0x0000000000059fb4                altera_avalon_jtag_uart_ioctl_fd
 .text          0x000000000005a008      0x3d8 ../Camera_Test_bsp/\libhal_bsp.a(altera_avalon_jtag_uart_init.o)
                0x000000000005a008                altera_avalon_jtag_uart_init
                0x000000000005a378                altera_avalon_jtag_uart_close
 .text          0x000000000005a3e0       0xec ../Camera_Test_bsp/\libhal_bsp.a(altera_avalon_jtag_uart_ioctl.o)
                0x000000000005a3e0                altera_avalon_jtag_uart_ioctl
 .text          0x000000000005a4cc      0x20c ../Camera_Test_bsp/\libhal_bsp.a(altera_avalon_jtag_uart_read.o)
                0x000000000005a4cc                altera_avalon_jtag_uart_read
 .text          0x000000000005a6d8      0x218 ../Camera_Test_bsp/\libhal_bsp.a(altera_avalon_jtag_uart_write.o)
                0x000000000005a6d8                altera_avalon_jtag_uart_write
 .text          0x000000000005a8f0       0xfc ../Camera_Test_bsp/\libhal_bsp.a(altera_avalon_timer_sc.o)
                0x000000000005a964                alt_avalon_timer_sc_init
 .text          0x000000000005a9ec      0x140 ../Camera_Test_bsp/\libhal_bsp.a(alt_alarm_start.o)
                0x000000000005a9ec                alt_alarm_start
 .text          0x000000000005ab2c      0x158 ../Camera_Test_bsp/\libhal_bsp.a(alt_busy_sleep.o)
                0x000000000005ab2c                alt_busy_sleep
 .text          0x000000000005ac84       0x44 ../Camera_Test_bsp/\libhal_bsp.a(alt_dcache_flush_all.o)
                0x000000000005ac84                alt_dcache_flush_all
 .text          0x000000000005acc8       0xf4 ../Camera_Test_bsp/\libhal_bsp.a(alt_dev_llist_insert.o)
                0x000000000005ad18                alt_dev_llist_insert
 .text          0x000000000005adbc       0x5c ../Camera_Test_bsp/\libhal_bsp.a(alt_do_ctors.o)
                0x000000000005adbc                _do_ctors
 .text          0x000000000005ae18       0x5c ../Camera_Test_bsp/\libhal_bsp.a(alt_do_dtors.o)
                0x000000000005ae18                _do_dtors
 .text          0x000000000005ae74        0x0 ../Camera_Test_bsp/\libhal_bsp.a(alt_exception_entry.o)
 .text          0x000000000005ae74       0x30 ../Camera_Test_bsp/\libhal_bsp.a(alt_icache_flush_all.o)
                0x000000000005ae74                alt_icache_flush_all
 .text          0x000000000005aea4      0x138 ../Camera_Test_bsp/\libhal_bsp.a(alt_io_redirect.o)
                0x000000000005af64                alt_io_redirect
 .text          0x000000000005afdc      0x274 ../Camera_Test_bsp/\libhal_bsp.a(alt_open.o)
                0x000000000005b0f8                open
 .text          0x000000000005b250       0x20 ../Camera_Test_bsp/\libhal_bsp.a(altera_nios2_qsys_irq.o)
                0x000000000005b250                altera_nios2_qsys_irq_init
 .text          0x000000000005b270       0x90 ../Camera_Test_bsp/\libhal_bsp.a(alt_find_dev.o)
                0x000000000005b270                alt_find_dev
 .text          0x000000000005b300      0x114 ../Camera_Test_bsp/\libhal_bsp.a(alt_find_file.o)
                0x000000000005b300                alt_find_file
 .text          0x000000000005b414       0xb4 ../Camera_Test_bsp/\libhal_bsp.a(alt_get_fd.o)
                0x000000000005b414                alt_get_fd
 .text          0x000000000005b4c8       0x8c ../Camera_Test_bsp/\libhal_bsp.a(alt_icache_flush.o)
                0x000000000005b4c8                alt_icache_flush
 .text          0x000000000005b554       0x14 j:/altera/15.0.0.145/nios2eds/bin/gnu/h-x86_64-mingw32/bin/../lib/gcc/nios2-elf/4.9.1/../../../../../H-x86_64-mingw32/nios2-elf/lib\libc.a(lib_a-atexit.o)
                0x000000000005b554                atexit
 .text          0x000000000005b568       0x38 j:/altera/15.0.0.145/nios2eds/bin/gnu/h-x86_64-mingw32/bin/../lib/gcc/nios2-elf/4.9.1/../../../../../H-x86_64-mingw32/nios2-elf/lib\libc.a(lib_a-exit.o)
                0x000000000005b568                exit
 .text          0x000000000005b5a0      0x114 j:/altera/15.0.0.145/nios2eds/bin/gnu/h-x86_64-mingw32/bin/../lib/gcc/nios2-elf/4.9.1/../../../../../H-x86_64-mingw32/nios2-elf/lib\libc.a(lib_a-__atexit.o)
                0x000000000005b5a0                __register_exitproc
 .text          0x000000000005b6b4      0x194 j:/altera/15.0.0.145/nios2eds/bin/gnu/h-x86_64-mingw32/bin/../lib/gcc/nios2-elf/4.9.1/../../../../../H-x86_64-mingw32/nios2-elf/lib\libc.a(lib_a-__call_atexit.o)
                0x000000000005b6b4                __call_exitprocs
 .text          0x000000000005b848       0x34 ../Camera_Test_bsp/\libhal_bsp.a(alt_exit.o)
                0x000000000005b848                _exit
 *(.gnu.warning.*)
 *(.fini)
                0x000000000005b87c                PROVIDE (__etext, ABSOLUTE (.))
                0x000000000005b87c                PROVIDE (_etext, ABSOLUTE (.))
                0x000000000005b87c                PROVIDE (etext, ABSOLUTE (.))
 *(.eh_frame_hdr)
                0x000000000005b87c                . = ALIGN (0x4)
                0x000000000005b87c                PROVIDE (__preinit_array_start, ABSOLUTE (.))
 *(.preinit_array)
                0x000000000005b87c                PROVIDE (__preinit_array_end, ABSOLUTE (.))
                0x000000000005b87c                PROVIDE (__init_array_start, ABSOLUTE (.))
 *(.init_array)
                0x000000000005b87c                PROVIDE (__init_array_end, ABSOLUTE (.))
                0x000000000005b87c                PROVIDE (__fini_array_start, ABSOLUTE (.))
 *(.fini_array)
                0x000000000005b87c                PROVIDE (__fini_array_end, ABSOLUTE (.))
 *(.eh_frame)
 *(.gcc_except_table .gcc_except_table.*)
 *(.dynamic)
                0x000000000005b87c                PROVIDE (__CTOR_LIST__, ABSOLUTE (.))
 *(.ctors)
 *(SORT(.ctors.*))
                0x000000000005b87c                PROVIDE (__CTOR_END__, ABSOLUTE (.))
                0x000000000005b87c                PROVIDE (__DTOR_LIST__, ABSOLUTE (.))
 *(.dtors)
 *(SORT(.dtors.*))
                0x000000000005b87c                PROVIDE (__DTOR_END__, ABSOLUTE (.))
 *(.jcr)
                0x000000000005b87c                . = ALIGN (0x4)

.rodata         0x000000000005b87c     0x12fc
                0x000000000005b87c                PROVIDE (__ram_rodata_start, ABSOLUTE (.))
                0x000000000005b87c                . = ALIGN (0x4)
 *(.rodata .rodata.* .gnu.linkonce.r.*)
 .rodata        0x000000000005b87c      0x1f8 obj/default/HDMI_TX/adv7513.o
                0x000000000005b87c                adv7513_register_defaults
 .rodata        0x000000000005ba74       0x38 obj/default/HDMI_TX/encoder.o
 .rodata        0x000000000005baac      0x5cc obj/default/HDMI_TX/hdmi_tx.o
 .rodata        0x000000000005c078      0x278 obj/default/I2C_core.o
 .rodata        0x000000000005c2f0       0x50 obj/default/auto_focus.o
 .rodata        0x000000000005c340      0x1a4 obj/default/main.o
 .rodata        0x000000000005c4e4       0x64 obj/default/mipi_bridge_config.o
 .rodata        0x000000000005c548       0xb8 obj/default/mipi_camera_config.o
 .rodata        0x000000000005c600      0x100 j:/altera/15.0.0.145/nios2eds/bin/gnu/h-x86_64-mingw32/bin/../lib/gcc/nios2-elf/4.9.1\libgcc.a(_clz.o)
                0x000000000005c600                __clz_tab
 .rodata.str1.4
                0x000000000005c700        0x2 j:/altera/15.0.0.145/nios2eds/bin/gnu/h-x86_64-mingw32/bin/../lib/gcc/nios2-elf/4.9.1/../../../../../H-x86_64-mingw32/nios2-elf/lib\libc.a(lib_a-impure.o)
                                          0x4 (size before relaxing)
 *fill*         0x000000000005c702        0x2 
 .rodata.str1.4
                0x000000000005c704        0x2 j:/altera/15.0.0.145/nios2eds/bin/gnu/h-x86_64-mingw32/bin/../lib/gcc/nios2-elf/4.9.1/../../../../../H-x86_64-mingw32/nios2-elf/lib\libc.a(lib_a-puts.o)
                                          0x4 (size before relaxing)
 *fill*         0x000000000005c706        0x2 
 .rodata.str1.4
                0x000000000005c708       0x42 j:/altera/15.0.0.145/nios2eds/bin/gnu/h-x86_64-mingw32/bin/../lib/gcc/nios2-elf/4.9.1/../../../../../H-x86_64-mingw32/nios2-elf/lib\libc.a(lib_a-vfprintf.o)
                                         0x44 (size before relaxing)
 .rodata        0x000000000005c74a       0x20 j:/altera/15.0.0.145/nios2eds/bin/gnu/h-x86_64-mingw32/bin/../lib/gcc/nios2-elf/4.9.1/../../../../../H-x86_64-mingw32/nios2-elf/lib\libc.a(lib_a-vfprintf.o)
 .rodata        0x000000000005c76a      0x281 j:/altera/15.0.0.145/nios2eds/bin/gnu/h-x86_64-mingw32/bin/../lib/gcc/nios2-elf/4.9.1/../../../../../H-x86_64-mingw32/nios2-elf/lib\libc.a(lib_a-ctype_.o)
                0x000000000005c76a                _ctype_
 *fill*         0x000000000005c9eb        0x1 
 .rodata.str1.4
                0x000000000005c9ec       0x10 j:/altera/15.0.0.145/nios2eds/bin/gnu/h-x86_64-mingw32/bin/../lib/gcc/nios2-elf/4.9.1/../../../../../H-x86_64-mingw32/nios2-elf/lib\libc.a(lib_a-dtoa.o)
                                         0x14 (size before relaxing)
 .rodata.str1.4
                0x000000000005c9fc        0xc j:/altera/15.0.0.145/nios2eds/bin/gnu/h-x86_64-mingw32/bin/../lib/gcc/nios2-elf/4.9.1/../../../../../H-x86_64-mingw32/nios2-elf/lib\libc.a(lib_a-locale.o)
                                         0x14 (size before relaxing)
 .rodata        0x000000000005ca08      0x124 j:/altera/15.0.0.145/nios2eds/bin/gnu/h-x86_64-mingw32/bin/../lib/gcc/nios2-elf/4.9.1/../../../../../H-x86_64-mingw32/nios2-elf/lib\libc.a(lib_a-mprec.o)
                0x000000000005ca14                __mprec_tinytens
                0x000000000005ca3c                __mprec_bigtens
                0x000000000005ca64                __mprec_tens
 .rodata.str1.4
                0x0000000000000000       0x30 j:/altera/15.0.0.145/nios2eds/bin/gnu/h-x86_64-mingw32/bin/../lib/gcc/nios2-elf/4.9.1/../../../../../H-x86_64-mingw32/nios2-elf/lib\libc.a(lib_a-vfiprintf.o)
 .rodata        0x000000000005cb2c       0x20 j:/altera/15.0.0.145/nios2eds/bin/gnu/h-x86_64-mingw32/bin/../lib/gcc/nios2-elf/4.9.1/../../../../../H-x86_64-mingw32/nios2-elf/lib\libc.a(lib_a-vfiprintf.o)
 .rodata        0x000000000005cb4c        0xc ../Camera_Test_bsp/\libhal_bsp.a(alt_dev.o)
 .rodata        0x000000000005cb58       0x10 ../Camera_Test_bsp/\libhal_bsp.a(alt_main.o)
 .rodata        0x000000000005cb68       0x10 ../Camera_Test_bsp/\libhal_bsp.a(alt_sys_init.o)
 *(.rodata1)
                0x000000000005cb78                . = ALIGN (0x4)
                0x000000000005cb78                PROVIDE (__ram_rodata_end, ABSOLUTE (.))
                0x000000000005b87c                PROVIDE (__flash_rodata_start, LOADADDR (.rodata))

.rwdata         0x000000000005cb78     0x232c load address 0x000000000005eea4
                0x000000000005cb78                PROVIDE (__ram_rwdata_start, ABSOLUTE (.))
                0x000000000005cb78                . = ALIGN (0x4)
 *(.got.plt)
 *(.got)
 *(.data1)
 *(.data .data.* .gnu.linkonce.d.*)
 .data          0x000000000005cb78        0x0 ../Camera_Test_bsp//obj/HAL/src/crt0.o
 .data          0x000000000005cb78        0x0 obj/default/HDMI_TX/adv7513.o
 .data          0x000000000005cb78        0x0 obj/default/HDMI_TX/edid.o
 .data          0x000000000005cb78        0x0 obj/default/HDMI_TX/encoder.o
 .data          0x000000000005cb78       0x8c obj/default/HDMI_TX/hdmi_tx.o
                0x000000000005cb78                encoder
 .data          0x000000000005cc04        0x0 obj/default/I2C_core.o
 .data          0x000000000005cc04        0x0 obj/default/auto_focus.o
 .data          0x000000000005cc04        0x0 obj/default/i2c.o
 .data          0x000000000005cc04        0x0 obj/default/main.o
 .data          0x000000000005cc04       0x34 obj/default/mipi_bridge_config.o
 .data          0x000000000005cc38      0x762 obj/default/mipi_camera_config.o
 .data          0x000000000005d39a        0x0 j:/altera/15.0.0.145/nios2eds/bin/gnu/h-x86_64-mingw32/bin/../lib/gcc/nios2-elf/4.9.1\libgcc.a(lib2-divmod.o)
 .data          0x000000000005d39a        0x0 j:/altera/15.0.0.145/nios2eds/bin/gnu/h-x86_64-mingw32/bin/../lib/gcc/nios2-elf/4.9.1\libgcc.a(addsf3.o)
 .data          0x000000000005d39a        0x0 j:/altera/15.0.0.145/nios2eds/bin/gnu/h-x86_64-mingw32/bin/../lib/gcc/nios2-elf/4.9.1\libgcc.a(divsf3.o)
 .data          0x000000000005d39a        0x0 j:/altera/15.0.0.145/nios2eds/bin/gnu/h-x86_64-mingw32/bin/../lib/gcc/nios2-elf/4.9.1\libgcc.a(mulsf3.o)
 .data          0x000000000005d39a        0x0 j:/altera/15.0.0.145/nios2eds/bin/gnu/h-x86_64-mingw32/bin/../lib/gcc/nios2-elf/4.9.1\libgcc.a(subsf3.o)
 .data          0x000000000005d39a        0x0 j:/altera/15.0.0.145/nios2eds/bin/gnu/h-x86_64-mingw32/bin/../lib/gcc/nios2-elf/4.9.1\libgcc.a(floatunsisf.o)
 .data          0x000000000005d39a        0x0 j:/altera/15.0.0.145/nios2eds/bin/gnu/h-x86_64-mingw32/bin/../lib/gcc/nios2-elf/4.9.1\libgcc.a(_clzsi2.o)
 .data          0x000000000005d39a        0x0 j:/altera/15.0.0.145/nios2eds/bin/gnu/h-x86_64-mingw32/bin/../lib/gcc/nios2-elf/4.9.1\libgcc.a(_clz.o)
 .data          0x000000000005d39a        0x0 j:/altera/15.0.0.145/nios2eds/bin/gnu/h-x86_64-mingw32/bin/../lib/gcc/nios2-elf/4.9.1/../../../../../H-x86_64-mingw32/nios2-elf/lib\libc.a(lib_a-fgets.o)
 .data          0x000000000005d39a        0x0 j:/altera/15.0.0.145/nios2eds/bin/gnu/h-x86_64-mingw32/bin/../lib/gcc/nios2-elf/4.9.1/../../../../../H-x86_64-mingw32/nios2-elf/lib\libc.a(lib_a-findfp.o)
 .data          0x000000000005d39a        0x0 j:/altera/15.0.0.145/nios2eds/bin/gnu/h-x86_64-mingw32/bin/../lib/gcc/nios2-elf/4.9.1/../../../../../H-x86_64-mingw32/nios2-elf/lib\libc.a(lib_a-fwalk.o)
 *fill*         0x000000000005d39a        0x2 
 .data          0x000000000005d39c      0x424 j:/altera/15.0.0.145/nios2eds/bin/gnu/h-x86_64-mingw32/bin/../lib/gcc/nios2-elf/4.9.1/../../../../../H-x86_64-mingw32/nios2-elf/lib\libc.a(lib_a-impure.o)
 .data          0x000000000005d7c0      0x408 j:/altera/15.0.0.145/nios2eds/bin/gnu/h-x86_64-mingw32/bin/../lib/gcc/nios2-elf/4.9.1/../../../../../H-x86_64-mingw32/nios2-elf/lib\libc.a(lib_a-mallocr.o)
                0x000000000005d7c0                __malloc_av_
 .data          0x000000000005dbc8        0x0 j:/altera/15.0.0.145/nios2eds/bin/gnu/h-x86_64-mingw32/bin/../lib/gcc/nios2-elf/4.9.1/../../../../../H-x86_64-mingw32/nios2-elf/lib\libc.a(lib_a-memchr.o)
 .data          0x000000000005dbc8        0x0 j:/altera/15.0.0.145/nios2eds/bin/gnu/h-x86_64-mingw32/bin/../lib/gcc/nios2-elf/4.9.1/../../../../../H-x86_64-mingw32/nios2-elf/lib\libc.a(lib_a-memcmp.o)
 .data          0x000000000005dbc8        0x0 j:/altera/15.0.0.145/nios2eds/bin/gnu/h-x86_64-mingw32/bin/../lib/gcc/nios2-elf/4.9.1/../../../../../H-x86_64-mingw32/nios2-elf/lib\libc.a(lib_a-memcpy.o)
 .data          0x000000000005dbc8        0x0 j:/altera/15.0.0.145/nios2eds/bin/gnu/h-x86_64-mingw32/bin/../lib/gcc/nios2-elf/4.9.1/../../../../../H-x86_64-mingw32/nios2-elf/lib\libc.a(lib_a-memset.o)
 .data          0x000000000005dbc8        0x0 j:/altera/15.0.0.145/nios2eds/bin/gnu/h-x86_64-mingw32/bin/../lib/gcc/nios2-elf/4.9.1/../../../../../H-x86_64-mingw32/nios2-elf/lib\libc.a(lib_a-printf.o)
 .data          0x000000000005dbc8        0x0 j:/altera/15.0.0.145/nios2eds/bin/gnu/h-x86_64-mingw32/bin/../lib/gcc/nios2-elf/4.9.1/../../../../../H-x86_64-mingw32/nios2-elf/lib\libc.a(lib_a-putchar.o)
 .data          0x000000000005dbc8        0x0 j:/altera/15.0.0.145/nios2eds/bin/gnu/h-x86_64-mingw32/bin/../lib/gcc/nios2-elf/4.9.1/../../../../../H-x86_64-mingw32/nios2-elf/lib\libc.a(lib_a-puts.o)
 .data          0x000000000005dbc8        0x0 j:/altera/15.0.0.145/nios2eds/bin/gnu/h-x86_64-mingw32/bin/../lib/gcc/nios2-elf/4.9.1/../../../../../H-x86_64-mingw32/nios2-elf/lib\libc.a(lib_a-refill.o)
 .data          0x000000000005dbc8        0x0 j:/altera/15.0.0.145/nios2eds/bin/gnu/h-x86_64-mingw32/bin/../lib/gcc/nios2-elf/4.9.1/../../../../../H-x86_64-mingw32/nios2-elf/lib\libc.a(lib_a-sbrkr.o)
 .data          0x000000000005dbc8        0x0 j:/altera/15.0.0.145/nios2eds/bin/gnu/h-x86_64-mingw32/bin/../lib/gcc/nios2-elf/4.9.1/../../../../../H-x86_64-mingw32/nios2-elf/lib\libc.a(lib_a-stdio.o)
 .data          0x000000000005dbc8        0x0 j:/altera/15.0.0.145/nios2eds/bin/gnu/h-x86_64-mingw32/bin/../lib/gcc/nios2-elf/4.9.1/../../../../../H-x86_64-mingw32/nios2-elf/lib\libc.a(lib_a-strlen.o)
 .data          0x000000000005dbc8        0x0 j:/altera/15.0.0.145/nios2eds/bin/gnu/h-x86_64-mingw32/bin/../lib/gcc/nios2-elf/4.9.1/../../../../../H-x86_64-mingw32/nios2-elf/lib\libc.a(lib_a-strncpy.o)
 .data          0x000000000005dbc8        0x0 j:/altera/15.0.0.145/nios2eds/bin/gnu/h-x86_64-mingw32/bin/../lib/gcc/nios2-elf/4.9.1/../../../../../H-x86_64-mingw32/nios2-elf/lib\libc.a(lib_a-strtoul.o)
 .data          0x000000000005dbc8        0x0 j:/altera/15.0.0.145/nios2eds/bin/gnu/h-x86_64-mingw32/bin/../lib/gcc/nios2-elf/4.9.1/../../../../../H-x86_64-mingw32/nios2-elf/lib\libc.a(lib_a-vfprintf.o)
 .data          0x000000000005dbc8        0x0 j:/altera/15.0.0.145/nios2eds/bin/gnu/h-x86_64-mingw32/bin/../lib/gcc/nios2-elf/4.9.1/../../../../../H-x86_64-mingw32/nios2-elf/lib\libc.a(lib_a-writer.o)
 .data          0x000000000005dbc8        0x0 j:/altera/15.0.0.145/nios2eds/bin/gnu/h-x86_64-mingw32/bin/../lib/gcc/nios2-elf/4.9.1/../../../../../H-x86_64-mingw32/nios2-elf/lib\libc.a(lib_a-wsetup.o)
 .data          0x000000000005dbc8        0x0 j:/altera/15.0.0.145/nios2eds/bin/gnu/h-x86_64-mingw32/bin/../lib/gcc/nios2-elf/4.9.1/../../../../../H-x86_64-mingw32/nios2-elf/lib\libc.a(closer.o)
 .data          0x000000000005dbc8        0x0 j:/altera/15.0.0.145/nios2eds/bin/gnu/h-x86_64-mingw32/bin/../lib/gcc/nios2-elf/4.9.1/../../../../../H-x86_64-mingw32/nios2-elf/lib\libc.a(lib_a-ctype_.o)
 .data          0x000000000005dbc8        0x0 j:/altera/15.0.0.145/nios2eds/bin/gnu/h-x86_64-mingw32/bin/../lib/gcc/nios2-elf/4.9.1/../../../../../H-x86_64-mingw32/nios2-elf/lib\libc.a(lib_a-dtoa.o)
 .data          0x000000000005dbc8        0x0 j:/altera/15.0.0.145/nios2eds/bin/gnu/h-x86_64-mingw32/bin/../lib/gcc/nios2-elf/4.9.1/../../../../../H-x86_64-mingw32/nios2-elf/lib\libc.a(lib_a-fclose.o)
 .data          0x000000000005dbc8        0x0 j:/altera/15.0.0.145/nios2eds/bin/gnu/h-x86_64-mingw32/bin/../lib/gcc/nios2-elf/4.9.1/../../../../../H-x86_64-mingw32/nios2-elf/lib\libc.a(lib_a-fflush.o)
 .data          0x000000000005dbc8        0x0 j:/altera/15.0.0.145/nios2eds/bin/gnu/h-x86_64-mingw32/bin/../lib/gcc/nios2-elf/4.9.1/../../../../../H-x86_64-mingw32/nios2-elf/lib\libc.a(lib_a-freer.o)
 .data          0x000000000005dbc8        0x0 j:/altera/15.0.0.145/nios2eds/bin/gnu/h-x86_64-mingw32/bin/../lib/gcc/nios2-elf/4.9.1/../../../../../H-x86_64-mingw32/nios2-elf/lib\libc.a(lib_a-fvwrite.o)
 .data          0x000000000005dbc8        0x0 j:/altera/15.0.0.145/nios2eds/bin/gnu/h-x86_64-mingw32/bin/../lib/gcc/nios2-elf/4.9.1/../../../../../H-x86_64-mingw32/nios2-elf/lib\libc.a(lib_a-int_errno.o)
 .data          0x000000000005dbc8       0x78 j:/altera/15.0.0.145/nios2eds/bin/gnu/h-x86_64-mingw32/bin/../lib/gcc/nios2-elf/4.9.1/../../../../../H-x86_64-mingw32/nios2-elf/lib\libc.a(lib_a-locale.o)
 .data          0x000000000005dc40        0x0 j:/altera/15.0.0.145/nios2eds/bin/gnu/h-x86_64-mingw32/bin/../lib/gcc/nios2-elf/4.9.1/../../../../../H-x86_64-mingw32/nios2-elf/lib\libc.a(lib_a-lseekr.o)
 .data          0x000000000005dc40        0x0 j:/altera/15.0.0.145/nios2eds/bin/gnu/h-x86_64-mingw32/bin/../lib/gcc/nios2-elf/4.9.1/../../../../../H-x86_64-mingw32/nios2-elf/lib\libc.a(lib_a-makebuf.o)
 .data          0x000000000005dc40        0x0 j:/altera/15.0.0.145/nios2eds/bin/gnu/h-x86_64-mingw32/bin/../lib/gcc/nios2-elf/4.9.1/../../../../../H-x86_64-mingw32/nios2-elf/lib\libc.a(lib_a-memmove.o)
 .data          0x000000000005dc40        0x0 j:/altera/15.0.0.145/nios2eds/bin/gnu/h-x86_64-mingw32/bin/../lib/gcc/nios2-elf/4.9.1/../../../../../H-x86_64-mingw32/nios2-elf/lib\libc.a(lib_a-mprec.o)
 .data          0x000000000005dc40        0x0 j:/altera/15.0.0.145/nios2eds/bin/gnu/h-x86_64-mingw32/bin/../lib/gcc/nios2-elf/4.9.1/../../../../../H-x86_64-mingw32/nios2-elf/lib\libc.a(lib_a-putc.o)
 .data          0x000000000005dc40        0x0 j:/altera/15.0.0.145/nios2eds/bin/gnu/h-x86_64-mingw32/bin/../lib/gcc/nios2-elf/4.9.1/../../../../../H-x86_64-mingw32/nios2-elf/lib\libc.a(lib_a-readr.o)
 .data          0x000000000005dc40        0x0 j:/altera/15.0.0.145/nios2eds/bin/gnu/h-x86_64-mingw32/bin/../lib/gcc/nios2-elf/4.9.1/../../../../../H-x86_64-mingw32/nios2-elf/lib\libc.a(lib_a-reallocr.o)
 .data          0x000000000005dc40        0x0 j:/altera/15.0.0.145/nios2eds/bin/gnu/h-x86_64-mingw32/bin/../lib/gcc/nios2-elf/4.9.1/../../../../../H-x86_64-mingw32/nios2-elf/lib\libc.a(lib_a-s_fpclassify.o)
 .data          0x000000000005dc40        0x0 j:/altera/15.0.0.145/nios2eds/bin/gnu/h-x86_64-mingw32/bin/../lib/gcc/nios2-elf/4.9.1/../../../../../H-x86_64-mingw32/nios2-elf/lib\libc.a(lib_a-strcmp.o)
 .data          0x000000000005dc40        0x0 j:/altera/15.0.0.145/nios2eds/bin/gnu/h-x86_64-mingw32/bin/../lib/gcc/nios2-elf/4.9.1/../../../../../H-x86_64-mingw32/nios2-elf/lib\libc.a(lib_a-vfiprintf.o)
 .data          0x000000000005dc40        0x0 j:/altera/15.0.0.145/nios2eds/bin/gnu/h-x86_64-mingw32/bin/../lib/gcc/nios2-elf/4.9.1/../../../../../H-x86_64-mingw32/nios2-elf/lib\libc.a(lib_a-wbuf.o)
 .data          0x000000000005dc40        0x0 j:/altera/15.0.0.145/nios2eds/bin/gnu/h-x86_64-mingw32/bin/../lib/gcc/nios2-elf/4.9.1/../../../../../H-x86_64-mingw32/nios2-elf/lib\libc.a(lib_a-callocr.o)
 .data          0x000000000005dc40        0x0 j:/altera/15.0.0.145/nios2eds/bin/gnu/h-x86_64-mingw32/bin/../lib/gcc/nios2-elf/4.9.1/../../../../../H-x86_64-mingw32/nios2-elf/lib\libc.a(lib_a-fputwc.o)
 .data          0x000000000005dc40        0x0 j:/altera/15.0.0.145/nios2eds/bin/gnu/h-x86_64-mingw32/bin/../lib/gcc/nios2-elf/4.9.1/../../../../../H-x86_64-mingw32/nios2-elf/lib\libc.a(lib_a-fstatr.o)
 .data          0x000000000005dc40        0x0 j:/altera/15.0.0.145/nios2eds/bin/gnu/h-x86_64-mingw32/bin/../lib/gcc/nios2-elf/4.9.1/../../../../../H-x86_64-mingw32/nios2-elf/lib\libc.a(lib_a-isattyr.o)
 .data          0x000000000005dc40        0x0 j:/altera/15.0.0.145/nios2eds/bin/gnu/h-x86_64-mingw32/bin/../lib/gcc/nios2-elf/4.9.1/../../../../../H-x86_64-mingw32/nios2-elf/lib\libc.a(lib_a-wcrtomb.o)
 .data          0x000000000005dc40        0x0 j:/altera/15.0.0.145/nios2eds/bin/gnu/h-x86_64-mingw32/bin/../lib/gcc/nios2-elf/4.9.1/../../../../../H-x86_64-mingw32/nios2-elf/lib\libc.a(lib_a-wctomb_r.o)
 .data          0x000000000005dc40        0x0 j:/altera/15.0.0.145/nios2eds/bin/gnu/h-x86_64-mingw32/bin/../lib/gcc/nios2-elf/4.9.1\libgcc.a(_udivdi3.o)
 .data          0x000000000005dc40        0x0 j:/altera/15.0.0.145/nios2eds/bin/gnu/h-x86_64-mingw32/bin/../lib/gcc/nios2-elf/4.9.1\libgcc.a(_umoddi3.o)
 .data          0x000000000005dc40        0x0 j:/altera/15.0.0.145/nios2eds/bin/gnu/h-x86_64-mingw32/bin/../lib/gcc/nios2-elf/4.9.1\libgcc.a(adddf3.o)
 .data          0x000000000005dc40        0x0 j:/altera/15.0.0.145/nios2eds/bin/gnu/h-x86_64-mingw32/bin/../lib/gcc/nios2-elf/4.9.1\libgcc.a(divdf3.o)
 .data          0x000000000005dc40        0x0 j:/altera/15.0.0.145/nios2eds/bin/gnu/h-x86_64-mingw32/bin/../lib/gcc/nios2-elf/4.9.1\libgcc.a(eqdf2.o)
 .data          0x000000000005dc40        0x0 j:/altera/15.0.0.145/nios2eds/bin/gnu/h-x86_64-mingw32/bin/../lib/gcc/nios2-elf/4.9.1\libgcc.a(gedf2.o)
 .data          0x000000000005dc40        0x0 j:/altera/15.0.0.145/nios2eds/bin/gnu/h-x86_64-mingw32/bin/../lib/gcc/nios2-elf/4.9.1\libgcc.a(ledf2.o)
 .data          0x000000000005dc40        0x0 j:/altera/15.0.0.145/nios2eds/bin/gnu/h-x86_64-mingw32/bin/../lib/gcc/nios2-elf/4.9.1\libgcc.a(muldf3.o)
 .data          0x000000000005dc40        0x0 j:/altera/15.0.0.145/nios2eds/bin/gnu/h-x86_64-mingw32/bin/../lib/gcc/nios2-elf/4.9.1\libgcc.a(subdf3.o)
 .data          0x000000000005dc40        0x0 j:/altera/15.0.0.145/nios2eds/bin/gnu/h-x86_64-mingw32/bin/../lib/gcc/nios2-elf/4.9.1\libgcc.a(fixdfsi.o)
 .data          0x000000000005dc40        0x0 j:/altera/15.0.0.145/nios2eds/bin/gnu/h-x86_64-mingw32/bin/../lib/gcc/nios2-elf/4.9.1\libgcc.a(floatsidf.o)
 .data          0x000000000005dc40        0x0 j:/altera/15.0.0.145/nios2eds/bin/gnu/h-x86_64-mingw32/bin/../lib/gcc/nios2-elf/4.9.1\libgcc.a(floatunsidf.o)
 .data          0x000000000005dc40        0x0 ../Camera_Test_bsp/\libhal_bsp.a(alt_close.o)
 .data          0x000000000005dc40      0x1a8 ../Camera_Test_bsp/\libhal_bsp.a(alt_dev.o)
                0x000000000005dc40                alt_dev_null
                0x000000000005dc68                alt_fd_list
 .data          0x000000000005dde8        0x0 ../Camera_Test_bsp/\libhal_bsp.a(alt_errno.o)
 .data          0x000000000005dde8        0x0 ../Camera_Test_bsp/\libhal_bsp.a(alt_fstat.o)
 .data          0x000000000005dde8        0x0 ../Camera_Test_bsp/\libhal_bsp.a(alt_iic.o)
 .data          0x000000000005dde8        0x0 ../Camera_Test_bsp/\libhal_bsp.a(alt_iic_isr_register.o)
 .data          0x000000000005dde8        0x0 ../Camera_Test_bsp/\libhal_bsp.a(alt_irq_entry.o)
 .data          0x000000000005dde8        0x0 ../Camera_Test_bsp/\libhal_bsp.a(alt_irq_handler.o)
 .data          0x000000000005dde8        0x0 ../Camera_Test_bsp/\libhal_bsp.a(alt_irq_vars.o)
 .data          0x000000000005dde8        0x0 ../Camera_Test_bsp/\libhal_bsp.a(alt_isatty.o)
 .data          0x000000000005dde8        0x0 ../Camera_Test_bsp/\libhal_bsp.a(alt_load.o)
 .data          0x000000000005dde8        0x0 ../Camera_Test_bsp/\libhal_bsp.a(alt_lseek.o)
 .data          0x000000000005dde8        0x0 ../Camera_Test_bsp/\libhal_bsp.a(alt_main.o)
 .data          0x000000000005dde8        0x0 ../Camera_Test_bsp/\libhal_bsp.a(alt_malloc_lock.o)
 .data          0x000000000005dde8        0x0 ../Camera_Test_bsp/\libhal_bsp.a(alt_read.o)
 .data          0x000000000005dde8        0x0 ../Camera_Test_bsp/\libhal_bsp.a(alt_release_fd.o)
 .data          0x000000000005dde8        0x0 ../Camera_Test_bsp/\libhal_bsp.a(alt_sbrk.o)
 .data          0x000000000005dde8        0x0 ../Camera_Test_bsp/\libhal_bsp.a(alt_tick.o)
 .data          0x000000000005dde8        0x0 ../Camera_Test_bsp/\libhal_bsp.a(alt_usleep.o)
 .data          0x000000000005dde8        0x0 ../Camera_Test_bsp/\libhal_bsp.a(alt_write.o)
 .data          0x000000000005dde8     0x1060 ../Camera_Test_bsp/\libhal_bsp.a(alt_sys_init.o)
 .data          0x000000000005ee48        0x0 ../Camera_Test_bsp/\libhal_bsp.a(altera_avalon_jtag_uart_fd.o)
 .data          0x000000000005ee48        0x0 ../Camera_Test_bsp/\libhal_bsp.a(altera_avalon_jtag_uart_init.o)
 .data          0x000000000005ee48        0x0 ../Camera_Test_bsp/\libhal_bsp.a(altera_avalon_jtag_uart_ioctl.o)
 .data          0x000000000005ee48        0x0 ../Camera_Test_bsp/\libhal_bsp.a(altera_avalon_jtag_uart_read.o)
 .data          0x000000000005ee48        0x0 ../Camera_Test_bsp/\libhal_bsp.a(altera_avalon_jtag_uart_write.o)
 .data          0x000000000005ee48        0x0 ../Camera_Test_bsp/\libhal_bsp.a(altera_avalon_timer_sc.o)
 .data          0x000000000005ee48        0x0 ../Camera_Test_bsp/\libhal_bsp.a(alt_alarm_start.o)
 .data          0x000000000005ee48        0x0 ../Camera_Test_bsp/\libhal_bsp.a(alt_busy_sleep.o)
 .data          0x000000000005ee48        0x0 ../Camera_Test_bsp/\libhal_bsp.a(alt_dcache_flush_all.o)
 .data          0x000000000005ee48        0x0 ../Camera_Test_bsp/\libhal_bsp.a(alt_dev_llist_insert.o)
 .data          0x000000000005ee48        0x0 ../Camera_Test_bsp/\libhal_bsp.a(alt_do_ctors.o)
 .data          0x000000000005ee48        0x0 ../Camera_Test_bsp/\libhal_bsp.a(alt_do_dtors.o)
 .data          0x000000000005ee48        0x0 ../Camera_Test_bsp/\libhal_bsp.a(alt_exception_entry.o)
 .data          0x000000000005ee48        0x0 ../Camera_Test_bsp/\libhal_bsp.a(alt_icache_flush_all.o)
 .data          0x000000000005ee48        0x0 ../Camera_Test_bsp/\libhal_bsp.a(alt_io_redirect.o)
 .data          0x000000000005ee48        0x0 ../Camera_Test_bsp/\libhal_bsp.a(alt_open.o)
 .data          0x000000000005ee48        0x0 ../Camera_Test_bsp/\libhal_bsp.a(altera_nios2_qsys_irq.o)
 .data          0x000000000005ee48        0x0 ../Camera_Test_bsp/\libhal_bsp.a(alt_find_dev.o)
 .data          0x000000000005ee48        0x0 ../Camera_Test_bsp/\libhal_bsp.a(alt_find_file.o)
 .data          0x000000000005ee48        0x0 ../Camera_Test_bsp/\libhal_bsp.a(alt_get_fd.o)
 .data          0x000000000005ee48        0x0 ../Camera_Test_bsp/\libhal_bsp.a(alt_icache_flush.o)
 .data          0x000000000005ee48        0x0 j:/altera/15.0.0.145/nios2eds/bin/gnu/h-x86_64-mingw32/bin/../lib/gcc/nios2-elf/4.9.1/../../../../../H-x86_64-mingw32/nios2-elf/lib\libc.a(lib_a-atexit.o)
 .data          0x000000000005ee48        0x0 j:/altera/15.0.0.145/nios2eds/bin/gnu/h-x86_64-mingw32/bin/../lib/gcc/nios2-elf/4.9.1/../../../../../H-x86_64-mingw32/nios2-elf/lib\libc.a(lib_a-exit.o)
 .data          0x000000000005ee48        0x0 j:/altera/15.0.0.145/nios2eds/bin/gnu/h-x86_64-mingw32/bin/../lib/gcc/nios2-elf/4.9.1/../../../../../H-x86_64-mingw32/nios2-elf/lib\libc.a(lib_a-__atexit.o)
 .data          0x000000000005ee48        0x0 j:/altera/15.0.0.145/nios2eds/bin/gnu/h-x86_64-mingw32/bin/../lib/gcc/nios2-elf/4.9.1/../../../../../H-x86_64-mingw32/nios2-elf/lib\libc.a(lib_a-__call_atexit.o)
 .data          0x000000000005ee48        0x0 ../Camera_Test_bsp/\libhal_bsp.a(alt_exit.o)
                0x0000000000066e48                _gp = ABSOLUTE ((. + 0x8000))
                0x0000000000066e48                PROVIDE (gp, _gp)
 *(.rwdata .rwdata.*)
 *(.sdata .sdata.* .gnu.linkonce.s.*)
 .sdata         0x000000000005ee48        0x4 obj/default/HDMI_TX/adv7513.o
                0x000000000005ee48                ADV7513_REG_SPACE_SIZE
 .sdata         0x000000000005ee4c        0x8 obj/default/HDMI_TX/edid.o
 .sdata         0x000000000005ee54        0xc obj/default/auto_focus.o
                0x000000000005ee54                video_w
                0x000000000005ee56                video_h
                0x000000000005ee58                focus_width
                0x000000000005ee5a                focus_height
                0x000000000005ee5c                focus_scal
                0x000000000005ee5d                focus_scal_f
                0x000000000005ee5e                focus_th
 .sdata         0x000000000005ee60        0x8 j:/altera/15.0.0.145/nios2eds/bin/gnu/h-x86_64-mingw32/bin/../lib/gcc/nios2-elf/4.9.1/../../../../../H-x86_64-mingw32/nios2-elf/lib\libc.a(lib_a-impure.o)
                0x000000000005ee60                _global_impure_ptr
                0x000000000005ee64                _impure_ptr
 .sdata         0x000000000005ee68        0x8 j:/altera/15.0.0.145/nios2eds/bin/gnu/h-x86_64-mingw32/bin/../lib/gcc/nios2-elf/4.9.1/../../../../../H-x86_64-mingw32/nios2-elf/lib\libc.a(lib_a-mallocr.o)
                0x000000000005ee68                __malloc_sbrk_base
                0x000000000005ee6c                __malloc_trim_threshold
 .sdata         0x000000000005ee70        0x4 j:/altera/15.0.0.145/nios2eds/bin/gnu/h-x86_64-mingw32/bin/../lib/gcc/nios2-elf/4.9.1/../../../../../H-x86_64-mingw32/nios2-elf/lib\libc.a(lib_a-ctype_.o)
                0x000000000005ee70                __ctype_ptr__
 .sdata         0x000000000005ee74        0x4 j:/altera/15.0.0.145/nios2eds/bin/gnu/h-x86_64-mingw32/bin/../lib/gcc/nios2-elf/4.9.1/../../../../../H-x86_64-mingw32/nios2-elf/lib\libc.a(lib_a-locale.o)
                0x000000000005ee74                __mb_cur_max
 .sdata         0x000000000005ee78        0x4 j:/altera/15.0.0.145/nios2eds/bin/gnu/h-x86_64-mingw32/bin/../lib/gcc/nios2-elf/4.9.1/../../../../../H-x86_64-mingw32/nios2-elf/lib\libc.a(lib_a-wctomb_r.o)
                0x000000000005ee78                __wctomb
 .sdata         0x000000000005ee7c       0x14 ../Camera_Test_bsp/\libhal_bsp.a(alt_dev.o)
                0x000000000005ee7c                alt_fs_list
                0x000000000005ee84                alt_dev_list
                0x000000000005ee8c                alt_max_fd
 .sdata         0x000000000005ee90        0x4 ../Camera_Test_bsp/\libhal_bsp.a(alt_errno.o)
                0x000000000005ee90                alt_errno
 .sdata         0x000000000005ee94        0x4 ../Camera_Test_bsp/\libhal_bsp.a(alt_irq_vars.o)
                0x000000000005ee94                alt_priority_mask
 .sdata         0x000000000005ee98        0x4 ../Camera_Test_bsp/\libhal_bsp.a(alt_sbrk.o)
 .sdata         0x000000000005ee9c        0x8 ../Camera_Test_bsp/\libhal_bsp.a(alt_tick.o)
                0x000000000005ee9c                alt_alarm_list
 *(.sdata2 .sdata2.* .gnu.linkonce.s2.*)
                0x000000000005eea4                . = ALIGN (0x4)
                0x000000000005eea4                _edata = ABSOLUTE (.)
                0x000000000005eea4                PROVIDE (edata, ABSOLUTE (.))
                0x000000000005eea4                PROVIDE (__ram_rwdata_end, ABSOLUTE (.))
                0x000000000005eea4                PROVIDE (__flash_rwdata_start, LOADADDR (.rwdata))

.bss            0x00000000000611d0      0x15c
                0x00000000000611d0                __bss_start = ABSOLUTE (.)
                0x00000000000611d0                PROVIDE (__sbss_start, ABSOLUTE (.))
                0x00000000000611d0                PROVIDE (___sbss_start, ABSOLUTE (.))
 *(.dynsbss)
 *(.sbss .sbss.* .gnu.linkonce.sb.*)
 .sbss          0x00000000000611d0        0xc j:/altera/15.0.0.145/nios2eds/bin/gnu/h-x86_64-mingw32/bin/../lib/gcc/nios2-elf/4.9.1/../../../../../H-x86_64-mingw32/nios2-elf/lib\libc.a(lib_a-mallocr.o)
                0x00000000000611d0                __malloc_max_total_mem
                0x00000000000611d4                __malloc_max_sbrked_mem
                0x00000000000611d8                __malloc_top_pad
 .sbss          0x00000000000611dc        0x4 j:/altera/15.0.0.145/nios2eds/bin/gnu/h-x86_64-mingw32/bin/../lib/gcc/nios2-elf/4.9.1/../../../../../H-x86_64-mingw32/nios2-elf/lib\libc.a(lib_a-int_errno.o)
                0x00000000000611dc                errno
 .sbss          0x00000000000611e0        0xc j:/altera/15.0.0.145/nios2eds/bin/gnu/h-x86_64-mingw32/bin/../lib/gcc/nios2-elf/4.9.1/../../../../../H-x86_64-mingw32/nios2-elf/lib\libc.a(lib_a-locale.o)
                0x00000000000611e0                _PathLocale
                0x00000000000611e4                __mlocale_changed
                0x00000000000611e8                __nlocale_changed
 .sbss          0x00000000000611ec        0x4 ../Camera_Test_bsp/\libhal_bsp.a(alt_irq_vars.o)
                0x00000000000611ec                alt_irq_active
 .sbss          0x00000000000611f0        0xc ../Camera_Test_bsp/\libhal_bsp.a(alt_main.o)
                0x00000000000611f0                alt_argc
                0x00000000000611f4                alt_argv
                0x00000000000611f8                alt_envp
 .sbss          0x00000000000611fc        0x8 ../Camera_Test_bsp/\libhal_bsp.a(alt_tick.o)
                0x00000000000611fc                _alt_tick_rate
                0x0000000000061200                _alt_nticks
 *(.sbss2 .sbss2.* .gnu.linkonce.sb2.*)
 *(.scommon)
                0x0000000000061204                PROVIDE (__sbss_end, ABSOLUTE (.))
                0x0000000000061204                PROVIDE (___sbss_end, ABSOLUTE (.))
 *(.dynbss)
 *(.bss .bss.* .gnu.linkonce.b.*)
 .bss           0x0000000000061204        0x0 ../Camera_Test_bsp//obj/HAL/src/crt0.o
 .bss           0x0000000000061204        0x0 obj/default/HDMI_TX/adv7513.o
 .bss           0x0000000000061204        0x0 obj/default/HDMI_TX/edid.o
 .bss           0x0000000000061204        0x0 obj/default/HDMI_TX/encoder.o
 .bss           0x0000000000061204        0x0 obj/default/HDMI_TX/hdmi_tx.o
 .bss           0x0000000000061204        0x0 obj/default/I2C_core.o
 .bss           0x0000000000061204        0x0 obj/default/auto_focus.o
 .bss           0x0000000000061204        0x0 obj/default/i2c.o
 .bss           0x0000000000061204        0x0 obj/default/main.o
 .bss           0x0000000000061204        0x0 obj/default/mipi_bridge_config.o
 .bss           0x0000000000061204        0x0 obj/default/mipi_camera_config.o
 .bss           0x0000000000061204        0x0 j:/altera/15.0.0.145/nios2eds/bin/gnu/h-x86_64-mingw32/bin/../lib/gcc/nios2-elf/4.9.1\libgcc.a(lib2-divmod.o)
 .bss           0x0000000000061204        0x0 j:/altera/15.0.0.145/nios2eds/bin/gnu/h-x86_64-mingw32/bin/../lib/gcc/nios2-elf/4.9.1\libgcc.a(addsf3.o)
 .bss           0x0000000000061204        0x0 j:/altera/15.0.0.145/nios2eds/bin/gnu/h-x86_64-mingw32/bin/../lib/gcc/nios2-elf/4.9.1\libgcc.a(divsf3.o)
 .bss           0x0000000000061204        0x0 j:/altera/15.0.0.145/nios2eds/bin/gnu/h-x86_64-mingw32/bin/../lib/gcc/nios2-elf/4.9.1\libgcc.a(mulsf3.o)
 .bss           0x0000000000061204        0x0 j:/altera/15.0.0.145/nios2eds/bin/gnu/h-x86_64-mingw32/bin/../lib/gcc/nios2-elf/4.9.1\libgcc.a(subsf3.o)
 .bss           0x0000000000061204        0x0 j:/altera/15.0.0.145/nios2eds/bin/gnu/h-x86_64-mingw32/bin/../lib/gcc/nios2-elf/4.9.1\libgcc.a(floatunsisf.o)
 .bss           0x0000000000061204        0x0 j:/altera/15.0.0.145/nios2eds/bin/gnu/h-x86_64-mingw32/bin/../lib/gcc/nios2-elf/4.9.1\libgcc.a(_clzsi2.o)
 .bss           0x0000000000061204        0x0 j:/altera/15.0.0.145/nios2eds/bin/gnu/h-x86_64-mingw32/bin/../lib/gcc/nios2-elf/4.9.1\libgcc.a(_clz.o)
 .bss           0x0000000000061204        0x0 j:/altera/15.0.0.145/nios2eds/bin/gnu/h-x86_64-mingw32/bin/../lib/gcc/nios2-elf/4.9.1/../../../../../H-x86_64-mingw32/nios2-elf/lib\libc.a(lib_a-fgets.o)
 .bss           0x0000000000061204        0x0 j:/altera/15.0.0.145/nios2eds/bin/gnu/h-x86_64-mingw32/bin/../lib/gcc/nios2-elf/4.9.1/../../../../../H-x86_64-mingw32/nios2-elf/lib\libc.a(lib_a-findfp.o)
 .bss           0x0000000000061204        0x0 j:/altera/15.0.0.145/nios2eds/bin/gnu/h-x86_64-mingw32/bin/../lib/gcc/nios2-elf/4.9.1/../../../../../H-x86_64-mingw32/nios2-elf/lib\libc.a(lib_a-fwalk.o)
 .bss           0x0000000000061204        0x0 j:/altera/15.0.0.145/nios2eds/bin/gnu/h-x86_64-mingw32/bin/../lib/gcc/nios2-elf/4.9.1/../../../../../H-x86_64-mingw32/nios2-elf/lib\libc.a(lib_a-impure.o)
 .bss           0x0000000000061204       0x28 j:/altera/15.0.0.145/nios2eds/bin/gnu/h-x86_64-mingw32/bin/../lib/gcc/nios2-elf/4.9.1/../../../../../H-x86_64-mingw32/nios2-elf/lib\libc.a(lib_a-mallocr.o)
                0x0000000000061204                __malloc_current_mallinfo
 .bss           0x000000000006122c        0x0 j:/altera/15.0.0.145/nios2eds/bin/gnu/h-x86_64-mingw32/bin/../lib/gcc/nios2-elf/4.9.1/../../../../../H-x86_64-mingw32/nios2-elf/lib\libc.a(lib_a-memchr.o)
 .bss           0x000000000006122c        0x0 j:/altera/15.0.0.145/nios2eds/bin/gnu/h-x86_64-mingw32/bin/../lib/gcc/nios2-elf/4.9.1/../../../../../H-x86_64-mingw32/nios2-elf/lib\libc.a(lib_a-memcmp.o)
 .bss           0x000000000006122c        0x0 j:/altera/15.0.0.145/nios2eds/bin/gnu/h-x86_64-mingw32/bin/../lib/gcc/nios2-elf/4.9.1/../../../../../H-x86_64-mingw32/nios2-elf/lib\libc.a(lib_a-memcpy.o)
 .bss           0x000000000006122c        0x0 j:/altera/15.0.0.145/nios2eds/bin/gnu/h-x86_64-mingw32/bin/../lib/gcc/nios2-elf/4.9.1/../../../../../H-x86_64-mingw32/nios2-elf/lib\libc.a(lib_a-memset.o)
 .bss           0x000000000006122c        0x0 j:/altera/15.0.0.145/nios2eds/bin/gnu/h-x86_64-mingw32/bin/../lib/gcc/nios2-elf/4.9.1/../../../../../H-x86_64-mingw32/nios2-elf/lib\libc.a(lib_a-printf.o)
 .bss           0x000000000006122c        0x0 j:/altera/15.0.0.145/nios2eds/bin/gnu/h-x86_64-mingw32/bin/../lib/gcc/nios2-elf/4.9.1/../../../../../H-x86_64-mingw32/nios2-elf/lib\libc.a(lib_a-putchar.o)
 .bss           0x000000000006122c        0x0 j:/altera/15.0.0.145/nios2eds/bin/gnu/h-x86_64-mingw32/bin/../lib/gcc/nios2-elf/4.9.1/../../../../../H-x86_64-mingw32/nios2-elf/lib\libc.a(lib_a-puts.o)
 .bss           0x000000000006122c        0x0 j:/altera/15.0.0.145/nios2eds/bin/gnu/h-x86_64-mingw32/bin/../lib/gcc/nios2-elf/4.9.1/../../../../../H-x86_64-mingw32/nios2-elf/lib\libc.a(lib_a-refill.o)
 .bss           0x000000000006122c        0x0 j:/altera/15.0.0.145/nios2eds/bin/gnu/h-x86_64-mingw32/bin/../lib/gcc/nios2-elf/4.9.1/../../../../../H-x86_64-mingw32/nios2-elf/lib\libc.a(lib_a-sbrkr.o)
 .bss           0x000000000006122c        0x0 j:/altera/15.0.0.145/nios2eds/bin/gnu/h-x86_64-mingw32/bin/../lib/gcc/nios2-elf/4.9.1/../../../../../H-x86_64-mingw32/nios2-elf/lib\libc.a(lib_a-stdio.o)
 .bss           0x000000000006122c        0x0 j:/altera/15.0.0.145/nios2eds/bin/gnu/h-x86_64-mingw32/bin/../lib/gcc/nios2-elf/4.9.1/../../../../../H-x86_64-mingw32/nios2-elf/lib\libc.a(lib_a-strlen.o)
 .bss           0x000000000006122c        0x0 j:/altera/15.0.0.145/nios2eds/bin/gnu/h-x86_64-mingw32/bin/../lib/gcc/nios2-elf/4.9.1/../../../../../H-x86_64-mingw32/nios2-elf/lib\libc.a(lib_a-strncpy.o)
 .bss           0x000000000006122c        0x0 j:/altera/15.0.0.145/nios2eds/bin/gnu/h-x86_64-mingw32/bin/../lib/gcc/nios2-elf/4.9.1/../../../../../H-x86_64-mingw32/nios2-elf/lib\libc.a(lib_a-strtoul.o)
 .bss           0x000000000006122c        0x0 j:/altera/15.0.0.145/nios2eds/bin/gnu/h-x86_64-mingw32/bin/../lib/gcc/nios2-elf/4.9.1/../../../../../H-x86_64-mingw32/nios2-elf/lib\libc.a(lib_a-vfprintf.o)
 .bss           0x000000000006122c        0x0 j:/altera/15.0.0.145/nios2eds/bin/gnu/h-x86_64-mingw32/bin/../lib/gcc/nios2-elf/4.9.1/../../../../../H-x86_64-mingw32/nios2-elf/lib\libc.a(lib_a-writer.o)
 .bss           0x000000000006122c        0x0 j:/altera/15.0.0.145/nios2eds/bin/gnu/h-x86_64-mingw32/bin/../lib/gcc/nios2-elf/4.9.1/../../../../../H-x86_64-mingw32/nios2-elf/lib\libc.a(lib_a-wsetup.o)
 .bss           0x000000000006122c        0x0 j:/altera/15.0.0.145/nios2eds/bin/gnu/h-x86_64-mingw32/bin/../lib/gcc/nios2-elf/4.9.1/../../../../../H-x86_64-mingw32/nios2-elf/lib\libc.a(closer.o)
 .bss           0x000000000006122c        0x0 j:/altera/15.0.0.145/nios2eds/bin/gnu/h-x86_64-mingw32/bin/../lib/gcc/nios2-elf/4.9.1/../../../../../H-x86_64-mingw32/nios2-elf/lib\libc.a(lib_a-ctype_.o)
 .bss           0x000000000006122c        0x0 j:/altera/15.0.0.145/nios2eds/bin/gnu/h-x86_64-mingw32/bin/../lib/gcc/nios2-elf/4.9.1/../../../../../H-x86_64-mingw32/nios2-elf/lib\libc.a(lib_a-dtoa.o)
 .bss           0x000000000006122c        0x0 j:/altera/15.0.0.145/nios2eds/bin/gnu/h-x86_64-mingw32/bin/../lib/gcc/nios2-elf/4.9.1/../../../../../H-x86_64-mingw32/nios2-elf/lib\libc.a(lib_a-fclose.o)
 .bss           0x000000000006122c        0x0 j:/altera/15.0.0.145/nios2eds/bin/gnu/h-x86_64-mingw32/bin/../lib/gcc/nios2-elf/4.9.1/../../../../../H-x86_64-mingw32/nios2-elf/lib\libc.a(lib_a-fflush.o)
 .bss           0x000000000006122c        0x0 j:/altera/15.0.0.145/nios2eds/bin/gnu/h-x86_64-mingw32/bin/../lib/gcc/nios2-elf/4.9.1/../../../../../H-x86_64-mingw32/nios2-elf/lib\libc.a(lib_a-freer.o)
 .bss           0x000000000006122c        0x0 j:/altera/15.0.0.145/nios2eds/bin/gnu/h-x86_64-mingw32/bin/../lib/gcc/nios2-elf/4.9.1/../../../../../H-x86_64-mingw32/nios2-elf/lib\libc.a(lib_a-fvwrite.o)
 .bss           0x000000000006122c        0x0 j:/altera/15.0.0.145/nios2eds/bin/gnu/h-x86_64-mingw32/bin/../lib/gcc/nios2-elf/4.9.1/../../../../../H-x86_64-mingw32/nios2-elf/lib\libc.a(lib_a-int_errno.o)
 .bss           0x000000000006122c        0x0 j:/altera/15.0.0.145/nios2eds/bin/gnu/h-x86_64-mingw32/bin/../lib/gcc/nios2-elf/4.9.1/../../../../../H-x86_64-mingw32/nios2-elf/lib\libc.a(lib_a-locale.o)
 .bss           0x000000000006122c        0x0 j:/altera/15.0.0.145/nios2eds/bin/gnu/h-x86_64-mingw32/bin/../lib/gcc/nios2-elf/4.9.1/../../../../../H-x86_64-mingw32/nios2-elf/lib\libc.a(lib_a-lseekr.o)
 .bss           0x000000000006122c        0x0 j:/altera/15.0.0.145/nios2eds/bin/gnu/h-x86_64-mingw32/bin/../lib/gcc/nios2-elf/4.9.1/../../../../../H-x86_64-mingw32/nios2-elf/lib\libc.a(lib_a-makebuf.o)
 .bss           0x000000000006122c        0x0 j:/altera/15.0.0.145/nios2eds/bin/gnu/h-x86_64-mingw32/bin/../lib/gcc/nios2-elf/4.9.1/../../../../../H-x86_64-mingw32/nios2-elf/lib\libc.a(lib_a-memmove.o)
 .bss           0x000000000006122c        0x0 j:/altera/15.0.0.145/nios2eds/bin/gnu/h-x86_64-mingw32/bin/../lib/gcc/nios2-elf/4.9.1/../../../../../H-x86_64-mingw32/nios2-elf/lib\libc.a(lib_a-mprec.o)
 .bss           0x000000000006122c        0x0 j:/altera/15.0.0.145/nios2eds/bin/gnu/h-x86_64-mingw32/bin/../lib/gcc/nios2-elf/4.9.1/../../../../../H-x86_64-mingw32/nios2-elf/lib\libc.a(lib_a-putc.o)
 .bss           0x000000000006122c        0x0 j:/altera/15.0.0.145/nios2eds/bin/gnu/h-x86_64-mingw32/bin/../lib/gcc/nios2-elf/4.9.1/../../../../../H-x86_64-mingw32/nios2-elf/lib\libc.a(lib_a-readr.o)
 .bss           0x000000000006122c        0x0 j:/altera/15.0.0.145/nios2eds/bin/gnu/h-x86_64-mingw32/bin/../lib/gcc/nios2-elf/4.9.1/../../../../../H-x86_64-mingw32/nios2-elf/lib\libc.a(lib_a-reallocr.o)
 .bss           0x000000000006122c        0x0 j:/altera/15.0.0.145/nios2eds/bin/gnu/h-x86_64-mingw32/bin/../lib/gcc/nios2-elf/4.9.1/../../../../../H-x86_64-mingw32/nios2-elf/lib\libc.a(lib_a-s_fpclassify.o)
 .bss           0x000000000006122c        0x0 j:/altera/15.0.0.145/nios2eds/bin/gnu/h-x86_64-mingw32/bin/../lib/gcc/nios2-elf/4.9.1/../../../../../H-x86_64-mingw32/nios2-elf/lib\libc.a(lib_a-strcmp.o)
 .bss           0x000000000006122c        0x0 j:/altera/15.0.0.145/nios2eds/bin/gnu/h-x86_64-mingw32/bin/../lib/gcc/nios2-elf/4.9.1/../../../../../H-x86_64-mingw32/nios2-elf/lib\libc.a(lib_a-vfiprintf.o)
 .bss           0x000000000006122c        0x0 j:/altera/15.0.0.145/nios2eds/bin/gnu/h-x86_64-mingw32/bin/../lib/gcc/nios2-elf/4.9.1/../../../../../H-x86_64-mingw32/nios2-elf/lib\libc.a(lib_a-wbuf.o)
 .bss           0x000000000006122c        0x0 j:/altera/15.0.0.145/nios2eds/bin/gnu/h-x86_64-mingw32/bin/../lib/gcc/nios2-elf/4.9.1/../../../../../H-x86_64-mingw32/nios2-elf/lib\libc.a(lib_a-callocr.o)
 .bss           0x000000000006122c        0x0 j:/altera/15.0.0.145/nios2eds/bin/gnu/h-x86_64-mingw32/bin/../lib/gcc/nios2-elf/4.9.1/../../../../../H-x86_64-mingw32/nios2-elf/lib\libc.a(lib_a-fputwc.o)
 .bss           0x000000000006122c        0x0 j:/altera/15.0.0.145/nios2eds/bin/gnu/h-x86_64-mingw32/bin/../lib/gcc/nios2-elf/4.9.1/../../../../../H-x86_64-mingw32/nios2-elf/lib\libc.a(lib_a-fstatr.o)
 .bss           0x000000000006122c        0x0 j:/altera/15.0.0.145/nios2eds/bin/gnu/h-x86_64-mingw32/bin/../lib/gcc/nios2-elf/4.9.1/../../../../../H-x86_64-mingw32/nios2-elf/lib\libc.a(lib_a-isattyr.o)
 .bss           0x000000000006122c        0x0 j:/altera/15.0.0.145/nios2eds/bin/gnu/h-x86_64-mingw32/bin/../lib/gcc/nios2-elf/4.9.1/../../../../../H-x86_64-mingw32/nios2-elf/lib\libc.a(lib_a-wcrtomb.o)
 .bss           0x000000000006122c        0x0 j:/altera/15.0.0.145/nios2eds/bin/gnu/h-x86_64-mingw32/bin/../lib/gcc/nios2-elf/4.9.1/../../../../../H-x86_64-mingw32/nios2-elf/lib\libc.a(lib_a-wctomb_r.o)
 .bss           0x000000000006122c        0x0 j:/altera/15.0.0.145/nios2eds/bin/gnu/h-x86_64-mingw32/bin/../lib/gcc/nios2-elf/4.9.1\libgcc.a(_udivdi3.o)
 .bss           0x000000000006122c        0x0 j:/altera/15.0.0.145/nios2eds/bin/gnu/h-x86_64-mingw32/bin/../lib/gcc/nios2-elf/4.9.1\libgcc.a(_umoddi3.o)
 .bss           0x000000000006122c        0x0 j:/altera/15.0.0.145/nios2eds/bin/gnu/h-x86_64-mingw32/bin/../lib/gcc/nios2-elf/4.9.1\libgcc.a(adddf3.o)
 .bss           0x000000000006122c        0x0 j:/altera/15.0.0.145/nios2eds/bin/gnu/h-x86_64-mingw32/bin/../lib/gcc/nios2-elf/4.9.1\libgcc.a(divdf3.o)
 .bss           0x000000000006122c        0x0 j:/altera/15.0.0.145/nios2eds/bin/gnu/h-x86_64-mingw32/bin/../lib/gcc/nios2-elf/4.9.1\libgcc.a(eqdf2.o)
 .bss           0x000000000006122c        0x0 j:/altera/15.0.0.145/nios2eds/bin/gnu/h-x86_64-mingw32/bin/../lib/gcc/nios2-elf/4.9.1\libgcc.a(gedf2.o)
 .bss           0x000000000006122c        0x0 j:/altera/15.0.0.145/nios2eds/bin/gnu/h-x86_64-mingw32/bin/../lib/gcc/nios2-elf/4.9.1\libgcc.a(ledf2.o)
 .bss           0x000000000006122c        0x0 j:/altera/15.0.0.145/nios2eds/bin/gnu/h-x86_64-mingw32/bin/../lib/gcc/nios2-elf/4.9.1\libgcc.a(muldf3.o)
 .bss           0x000000000006122c        0x0 j:/altera/15.0.0.145/nios2eds/bin/gnu/h-x86_64-mingw32/bin/../lib/gcc/nios2-elf/4.9.1\libgcc.a(subdf3.o)
 .bss           0x000000000006122c        0x0 j:/altera/15.0.0.145/nios2eds/bin/gnu/h-x86_64-mingw32/bin/../lib/gcc/nios2-elf/4.9.1\libgcc.a(fixdfsi.o)
 .bss           0x000000000006122c        0x0 j:/altera/15.0.0.145/nios2eds/bin/gnu/h-x86_64-mingw32/bin/../lib/gcc/nios2-elf/4.9.1\libgcc.a(floatsidf.o)
 .bss           0x000000000006122c        0x0 j:/altera/15.0.0.145/nios2eds/bin/gnu/h-x86_64-mingw32/bin/../lib/gcc/nios2-elf/4.9.1\libgcc.a(floatunsidf.o)
 .bss           0x000000000006122c        0x0 ../Camera_Test_bsp/\libhal_bsp.a(alt_close.o)
 .bss           0x000000000006122c        0x0 ../Camera_Test_bsp/\libhal_bsp.a(alt_dev.o)
 .bss           0x000000000006122c        0x0 ../Camera_Test_bsp/\libhal_bsp.a(alt_errno.o)
 .bss           0x000000000006122c        0x0 ../Camera_Test_bsp/\libhal_bsp.a(alt_fstat.o)
 .bss           0x000000000006122c        0x0 ../Camera_Test_bsp/\libhal_bsp.a(alt_iic.o)
 .bss           0x000000000006122c        0x0 ../Camera_Test_bsp/\libhal_bsp.a(alt_iic_isr_register.o)
 .bss           0x000000000006122c        0x0 ../Camera_Test_bsp/\libhal_bsp.a(alt_irq_entry.o)
 .bss           0x000000000006122c        0x0 ../Camera_Test_bsp/\libhal_bsp.a(alt_irq_handler.o)
 .bss           0x000000000006122c        0x0 ../Camera_Test_bsp/\libhal_bsp.a(alt_irq_vars.o)
 .bss           0x000000000006122c        0x0 ../Camera_Test_bsp/\libhal_bsp.a(alt_isatty.o)
 .bss           0x000000000006122c        0x0 ../Camera_Test_bsp/\libhal_bsp.a(alt_load.o)
 .bss           0x000000000006122c        0x0 ../Camera_Test_bsp/\libhal_bsp.a(alt_lseek.o)
 .bss           0x000000000006122c        0x0 ../Camera_Test_bsp/\libhal_bsp.a(alt_main.o)
 .bss           0x000000000006122c        0x0 ../Camera_Test_bsp/\libhal_bsp.a(alt_malloc_lock.o)
 .bss           0x000000000006122c        0x0 ../Camera_Test_bsp/\libhal_bsp.a(alt_read.o)
 .bss           0x000000000006122c        0x0 ../Camera_Test_bsp/\libhal_bsp.a(alt_release_fd.o)
 .bss           0x000000000006122c        0x0 ../Camera_Test_bsp/\libhal_bsp.a(alt_sbrk.o)
 .bss           0x000000000006122c        0x0 ../Camera_Test_bsp/\libhal_bsp.a(alt_tick.o)
 .bss           0x000000000006122c        0x0 ../Camera_Test_bsp/\libhal_bsp.a(alt_usleep.o)
 .bss           0x000000000006122c        0x0 ../Camera_Test_bsp/\libhal_bsp.a(alt_write.o)
 .bss           0x000000000006122c        0x0 ../Camera_Test_bsp/\libhal_bsp.a(alt_sys_init.o)
 .bss           0x000000000006122c        0x0 ../Camera_Test_bsp/\libhal_bsp.a(altera_avalon_jtag_uart_fd.o)
 .bss           0x000000000006122c        0x0 ../Camera_Test_bsp/\libhal_bsp.a(altera_avalon_jtag_uart_init.o)
 .bss           0x000000000006122c        0x0 ../Camera_Test_bsp/\libhal_bsp.a(altera_avalon_jtag_uart_ioctl.o)
 .bss           0x000000000006122c        0x0 ../Camera_Test_bsp/\libhal_bsp.a(altera_avalon_jtag_uart_read.o)
 .bss           0x000000000006122c        0x0 ../Camera_Test_bsp/\libhal_bsp.a(altera_avalon_jtag_uart_write.o)
 .bss           0x000000000006122c        0x0 ../Camera_Test_bsp/\libhal_bsp.a(altera_avalon_timer_sc.o)
 .bss           0x000000000006122c        0x0 ../Camera_Test_bsp/\libhal_bsp.a(alt_alarm_start.o)
 .bss           0x000000000006122c        0x0 ../Camera_Test_bsp/\libhal_bsp.a(alt_busy_sleep.o)
 .bss           0x000000000006122c        0x0 ../Camera_Test_bsp/\libhal_bsp.a(alt_dcache_flush_all.o)
 .bss           0x000000000006122c        0x0 ../Camera_Test_bsp/\libhal_bsp.a(alt_dev_llist_insert.o)
 .bss           0x000000000006122c        0x0 ../Camera_Test_bsp/\libhal_bsp.a(alt_do_ctors.o)
 .bss           0x000000000006122c        0x0 ../Camera_Test_bsp/\libhal_bsp.a(alt_do_dtors.o)
 .bss           0x000000000006122c        0x0 ../Camera_Test_bsp/\libhal_bsp.a(alt_exception_entry.o)
 .bss           0x000000000006122c        0x0 ../Camera_Test_bsp/\libhal_bsp.a(alt_icache_flush_all.o)
 .bss           0x000000000006122c        0x0 ../Camera_Test_bsp/\libhal_bsp.a(alt_io_redirect.o)
 .bss           0x000000000006122c        0x0 ../Camera_Test_bsp/\libhal_bsp.a(alt_open.o)
 .bss           0x000000000006122c        0x0 ../Camera_Test_bsp/\libhal_bsp.a(altera_nios2_qsys_irq.o)
 .bss           0x000000000006122c        0x0 ../Camera_Test_bsp/\libhal_bsp.a(alt_find_dev.o)
 .bss           0x000000000006122c        0x0 ../Camera_Test_bsp/\libhal_bsp.a(alt_find_file.o)
 .bss           0x000000000006122c        0x0 ../Camera_Test_bsp/\libhal_bsp.a(alt_get_fd.o)
 .bss           0x000000000006122c        0x0 ../Camera_Test_bsp/\libhal_bsp.a(alt_icache_flush.o)
 .bss           0x000000000006122c        0x0 j:/altera/15.0.0.145/nios2eds/bin/gnu/h-x86_64-mingw32/bin/../lib/gcc/nios2-elf/4.9.1/../../../../../H-x86_64-mingw32/nios2-elf/lib\libc.a(lib_a-atexit.o)
 .bss           0x000000000006122c        0x0 j:/altera/15.0.0.145/nios2eds/bin/gnu/h-x86_64-mingw32/bin/../lib/gcc/nios2-elf/4.9.1/../../../../../H-x86_64-mingw32/nios2-elf/lib\libc.a(lib_a-exit.o)
 .bss           0x000000000006122c        0x0 j:/altera/15.0.0.145/nios2eds/bin/gnu/h-x86_64-mingw32/bin/../lib/gcc/nios2-elf/4.9.1/../../../../../H-x86_64-mingw32/nios2-elf/lib\libc.a(lib_a-__atexit.o)
 .bss           0x000000000006122c        0x0 j:/altera/15.0.0.145/nios2eds/bin/gnu/h-x86_64-mingw32/bin/../lib/gcc/nios2-elf/4.9.1/../../../../../H-x86_64-mingw32/nios2-elf/lib\libc.a(lib_a-__call_atexit.o)
 .bss           0x000000000006122c        0x0 ../Camera_Test_bsp/\libhal_bsp.a(alt_exit.o)
 *(COMMON)
 COMMON         0x000000000006122c      0x100 ../Camera_Test_bsp/\libhal_bsp.a(alt_irq_handler.o)
                0x000000000006122c                alt_irq
                0x000000000006132c                . = ALIGN (0x4)
                0x000000000006132c                __bss_end = ABSOLUTE (.)

.onchip_memory2
                0x000000000006132c        0x0
                0x000000000006132c                PROVIDE (_alt_partition_onchip_memory2_start, ABSOLUTE (.))
 *(.onchip_memory2 .onchip_memory2. onchip_memory2.*)
                0x000000000006132c                . = ALIGN (0x4)
                0x000000000006132c                PROVIDE (_alt_partition_onchip_memory2_end, ABSOLUTE (.))
                0x000000000006132c                _end = ABSOLUTE (.)
                0x000000000006132c                end = ABSOLUTE (.)
                0x000000000006132c                __alt_stack_base = ABSOLUTE (.)
                0x000000000006132c                PROVIDE (_alt_partition_onchip_memory2_load_addr, LOADADDR (.onchip_memory2))

.stab
 *(.stab)

.stabstr
 *(.stabstr)

.stab.excl
 *(.stab.excl)

.stab.exclstr
 *(.stab.exclstr)

.stab.index
 *(.stab.index)

.stab.indexstr
 *(.stab.indexstr)

.comment        0x0000000000000000       0x23
 *(.comment)
 .comment       0x0000000000000000       0x23 obj/default/HDMI_TX/adv7513.o
                                         0x24 (size before relaxing)
 .comment       0x0000000000000000       0x24 obj/default/HDMI_TX/edid.o
 .comment       0x0000000000000000       0x24 obj/default/HDMI_TX/encoder.o
 .comment       0x0000000000000000       0x24 obj/default/HDMI_TX/hdmi_tx.o
 .comment       0x0000000000000000       0x24 obj/default/I2C_core.o
 .comment       0x0000000000000000       0x24 obj/default/auto_focus.o
 .comment       0x0000000000000000       0x24 obj/default/i2c.o
 .comment       0x0000000000000000       0x24 obj/default/main.o
 .comment       0x0000000000000000       0x24 obj/default/mipi_bridge_config.o
 .comment       0x0000000000000000       0x24 obj/default/mipi_camera_config.o
 .comment       0x0000000000000000       0x24 j:/altera/15.0.0.145/nios2eds/bin/gnu/h-x86_64-mingw32/bin/../lib/gcc/nios2-elf/4.9.1\libgcc.a(lib2-divmod.o)
 .comment       0x0000000000000000       0x24 j:/altera/15.0.0.145/nios2eds/bin/gnu/h-x86_64-mingw32/bin/../lib/gcc/nios2-elf/4.9.1\libgcc.a(addsf3.o)
 .comment       0x0000000000000000       0x24 j:/altera/15.0.0.145/nios2eds/bin/gnu/h-x86_64-mingw32/bin/../lib/gcc/nios2-elf/4.9.1\libgcc.a(divsf3.o)
 .comment       0x0000000000000000       0x24 j:/altera/15.0.0.145/nios2eds/bin/gnu/h-x86_64-mingw32/bin/../lib/gcc/nios2-elf/4.9.1\libgcc.a(mulsf3.o)
 .comment       0x0000000000000000       0x24 j:/altera/15.0.0.145/nios2eds/bin/gnu/h-x86_64-mingw32/bin/../lib/gcc/nios2-elf/4.9.1\libgcc.a(subsf3.o)
 .comment       0x0000000000000000       0x24 j:/altera/15.0.0.145/nios2eds/bin/gnu/h-x86_64-mingw32/bin/../lib/gcc/nios2-elf/4.9.1\libgcc.a(floatunsisf.o)
 .comment       0x0000000000000000       0x24 j:/altera/15.0.0.145/nios2eds/bin/gnu/h-x86_64-mingw32/bin/../lib/gcc/nios2-elf/4.9.1\libgcc.a(_clzsi2.o)
 .comment       0x0000000000000000       0x24 j:/altera/15.0.0.145/nios2eds/bin/gnu/h-x86_64-mingw32/bin/../lib/gcc/nios2-elf/4.9.1\libgcc.a(_clz.o)
 .comment       0x0000000000000000       0x24 j:/altera/15.0.0.145/nios2eds/bin/gnu/h-x86_64-mingw32/bin/../lib/gcc/nios2-elf/4.9.1/../../../../../H-x86_64-mingw32/nios2-elf/lib\libc.a(lib_a-fgets.o)
 .comment       0x0000000000000000       0x24 j:/altera/15.0.0.145/nios2eds/bin/gnu/h-x86_64-mingw32/bin/../lib/gcc/nios2-elf/4.9.1/../../../../../H-x86_64-mingw32/nios2-elf/lib\libc.a(lib_a-findfp.o)
 .comment       0x0000000000000000       0x24 j:/altera/15.0.0.145/nios2eds/bin/gnu/h-x86_64-mingw32/bin/../lib/gcc/nios2-elf/4.9.1/../../../../../H-x86_64-mingw32/nios2-elf/lib\libc.a(lib_a-fwalk.o)
 .comment       0x0000000000000000       0x24 j:/altera/15.0.0.145/nios2eds/bin/gnu/h-x86_64-mingw32/bin/../lib/gcc/nios2-elf/4.9.1/../../../../../H-x86_64-mingw32/nios2-elf/lib\libc.a(lib_a-impure.o)
 .comment       0x0000000000000000       0x24 j:/altera/15.0.0.145/nios2eds/bin/gnu/h-x86_64-mingw32/bin/../lib/gcc/nios2-elf/4.9.1/../../../../../H-x86_64-mingw32/nios2-elf/lib\libc.a(lib_a-mallocr.o)
 .comment       0x0000000000000000       0x24 j:/altera/15.0.0.145/nios2eds/bin/gnu/h-x86_64-mingw32/bin/../lib/gcc/nios2-elf/4.9.1/../../../../../H-x86_64-mingw32/nios2-elf/lib\libc.a(lib_a-memchr.o)