Archive member included to satisfy reference by file (symbol)

j:/altera/15.0.0.145/nios2eds/bin/gnu/h-x86_64-mingw32/bin/../lib/gcc/nios2-elf/4.9.1\libgcc.a(_fixunssfsi.o)
                              obj/default/picture_in_picture.o (__fixunssfsi)
j:/altera/15.0.0.145/nios2eds/bin/gnu/h-x86_64-mingw32/bin/../lib/gcc/nios2-elf/4.9.1\libgcc.a(lib2-divmod.o)
                              obj/default/I2C_core.o (__divsi3)
j:/altera/15.0.0.145/nios2eds/bin/gnu/h-x86_64-mingw32/bin/../lib/gcc/nios2-elf/4.9.1\libgcc.a(addsf3.o)
                              obj/default/picture_in_picture.o (__addsf3)
j:/altera/15.0.0.145/nios2eds/bin/gnu/h-x86_64-mingw32/bin/../lib/gcc/nios2-elf/4.9.1\libgcc.a(divsf3.o)
                              obj/default/picture_in_picture.o (__divsf3)
j:/altera/15.0.0.145/nios2eds/bin/gnu/h-x86_64-mingw32/bin/../lib/gcc/nios2-elf/4.9.1\libgcc.a(gesf2.o)
                              j:/altera/15.0.0.145/nios2eds/bin/gnu/h-x86_64-mingw32/bin/../lib/gcc/nios2-elf/4.9.1\libgcc.a(_fixunssfsi.o) (__gesf2)
j:/altera/15.0.0.145/nios2eds/bin/gnu/h-x86_64-mingw32/bin/../lib/gcc/nios2-elf/4.9.1\libgcc.a(mulsf3.o)
                              obj/default/picture_in_picture.o (__mulsf3)
j:/altera/15.0.0.145/nios2eds/bin/gnu/h-x86_64-mingw32/bin/../lib/gcc/nios2-elf/4.9.1\libgcc.a(subsf3.o)
                              j:/altera/15.0.0.145/nios2eds/bin/gnu/h-x86_64-mingw32/bin/../lib/gcc/nios2-elf/4.9.1\libgcc.a(_fixunssfsi.o) (__subsf3)
j:/altera/15.0.0.145/nios2eds/bin/gnu/h-x86_64-mingw32/bin/../lib/gcc/nios2-elf/4.9.1\libgcc.a(fixsfsi.o)
                              obj/default/picture_in_picture.o (__fixsfsi)
j:/altera/15.0.0.145/nios2eds/bin/gnu/h-x86_64-mingw32/bin/../lib/gcc/nios2-elf/4.9.1\libgcc.a(floatsisf.o)
                              obj/default/picture_in_picture.o (__floatsisf)
j:/altera/15.0.0.145/nios2eds/bin/gnu/h-x86_64-mingw32/bin/../lib/gcc/nios2-elf/4.9.1\libgcc.a(floatunsisf.o)
                              obj/default/picture_in_picture.o (__floatunsisf)
j:/altera/15.0.0.145/nios2eds/bin/gnu/h-x86_64-mingw32/bin/../lib/gcc/nios2-elf/4.9.1\libgcc.a(_clzsi2.o)
                              j:/altera/15.0.0.145/nios2eds/bin/gnu/h-x86_64-mingw32/bin/../lib/gcc/nios2-elf/4.9.1\libgcc.a(addsf3.o) (__clzsi2)
j:/altera/15.0.0.145/nios2eds/bin/gnu/h-x86_64-mingw32/bin/../lib/gcc/nios2-elf/4.9.1\libgcc.a(_clz.o)
                              j:/altera/15.0.0.145/nios2eds/bin/gnu/h-x86_64-mingw32/bin/../lib/gcc/nios2-elf/4.9.1\libgcc.a(_clzsi2.o) (__clz_tab)
j:/altera/15.0.0.145/nios2eds/bin/gnu/h-x86_64-mingw32/bin/../lib/gcc/nios2-elf/4.9.1/../../../../../H-x86_64-mingw32/nios2-elf/lib\libc.a(lib_a-malloc.o)
                              obj/default/queue.o (malloc)
j:/altera/15.0.0.145/nios2eds/bin/gnu/h-x86_64-mingw32/bin/../lib/gcc/nios2-elf/4.9.1/../../../../../H-x86_64-mingw32/nios2-elf/lib\libc.a(lib_a-mallocr.o)
                              j:/altera/15.0.0.145/nios2eds/bin/gnu/h-x86_64-mingw32/bin/../lib/gcc/nios2-elf/4.9.1/../../../../../H-x86_64-mingw32/nios2-elf/lib\libc.a(lib_a-malloc.o) (_malloc_r)
j:/altera/15.0.0.145/nios2eds/bin/gnu/h-x86_64-mingw32/bin/../lib/gcc/nios2-elf/4.9.1/../../../../../H-x86_64-mingw32/nios2-elf/lib\libc.a(lib_a-memset.o)
                              obj/default/queue.o (memset)
j:/altera/15.0.0.145/nios2eds/bin/gnu/h-x86_64-mingw32/bin/../lib/gcc/nios2-elf/4.9.1/../../../../../H-x86_64-mingw32/nios2-elf/lib\libc.a(lib_a-printf.o)
                              obj/default/auto_focus.o (printf)
j:/altera/15.0.0.145/nios2eds/bin/gnu/h-x86_64-mingw32/bin/../lib/gcc/nios2-elf/4.9.1/../../../../../H-x86_64-mingw32/nios2-elf/lib\libc.a(lib_a-putchar.o)
                              obj/default/main.o (putchar)
j:/altera/15.0.0.145/nios2eds/bin/gnu/h-x86_64-mingw32/bin/../lib/gcc/nios2-elf/4.9.1/../../../../../H-x86_64-mingw32/nios2-elf/lib\libc.a(lib_a-puts.o)
                              obj/default/I2C_core.o (puts)
j:/altera/15.0.0.145/nios2eds/bin/gnu/h-x86_64-mingw32/bin/../lib/gcc/nios2-elf/4.9.1/../../../../../H-x86_64-mingw32/nios2-elf/lib\libc.a(lib_a-sbrkr.o)
                              j:/altera/15.0.0.145/nios2eds/bin/gnu/h-x86_64-mingw32/bin/../lib/gcc/nios2-elf/4.9.1/../../../../../H-x86_64-mingw32/nios2-elf/lib\libc.a(lib_a-mallocr.o) (_sbrk_r)
j:/altera/15.0.0.145/nios2eds/bin/gnu/h-x86_64-mingw32/bin/../lib/gcc/nios2-elf/4.9.1/../../../../../H-x86_64-mingw32/nios2-elf/lib\libc.a(lib_a-strlen.o)
                              j:/altera/15.0.0.145/nios2eds/bin/gnu/h-x86_64-mingw32/bin/../lib/gcc/nios2-elf/4.9.1/../../../../../H-x86_64-mingw32/nios2-elf/lib\libc.a(lib_a-puts.o) (strlen)
j:/altera/15.0.0.145/nios2eds/bin/gnu/h-x86_64-mingw32/bin/../lib/gcc/nios2-elf/4.9.1/../../../../../H-x86_64-mingw32/nios2-elf/lib\libc.a(lib_a-vfprintf.o)
[...]
Memory Configuration

Name             Origin             Length             Attributes
reset            0x0000000000020000 0x0000000000000020
onchip_memory2_0 0x0000000000020020 0x000000000001ffe0
*default*        0x0000000000000000 0xffffffffffffffff

Linker script and memory map

LOAD ../Camera_Test_bsp//obj/HAL/src/crt0.o
LOAD obj/default/I2C_core.o
LOAD obj/default/auto_focus.o
LOAD obj/default/main.o
LOAD obj/default/mipi_bridge_config.o
LOAD obj/default/mipi_camera_config.o
LOAD obj/default/mixerii_config.o
LOAD obj/default/picture_in_picture.o
LOAD obj/default/queue.o
LOAD obj/default/scalerii_config.o
LOAD j:/altera/15.0.0.145/nios2eds/bin/gnu/h-x86_64-mingw32/bin/../lib/gcc/nios2-elf/4.9.1/../../../../../H-x86_64-mingw32/nios2-elf/lib\libstdc++.a
LOAD j:/altera/15.0.0.145/nios2eds/bin/gnu/h-x86_64-mingw32/bin/../lib/gcc/nios2-elf/4.9.1/../../../../../H-x86_64-mingw32/nios2-elf/lib\libm.a
LOAD j:/altera/15.0.0.145/nios2eds/bin/gnu/h-x86_64-mingw32/bin/../lib/gcc/nios2-elf/4.9.1\libgcc.a
START GROUP
LOAD j:/altera/15.0.0.145/nios2eds/bin/gnu/h-x86_64-mingw32/bin/../lib/gcc/nios2-elf/4.9.1/../../../../../H-x86_64-mingw32/nios2-elf/lib\libc.a
LOAD j:/altera/15.0.0.145/nios2eds/bin/gnu/h-x86_64-mingw32/bin/../lib/gcc/nios2-elf/4.9.1\libgcc.a
LOAD ../Camera_Test_bsp/\libhal_bsp.a
LOAD j:/altera/15.0.0.145/nios2eds/bin/gnu/h-x86_64-mingw32/bin/../lib/gcc/nios2-elf/4.9.1/../../../../../H-x86_64-mingw32/nios2-elf/lib\libm.a
END GROUP
LOAD j:/altera/15.0.0.145/nios2eds/bin/gnu/h-x86_64-mingw32/bin/../lib/gcc/nios2-elf/4.9.1\libgcc.a
                0x0000000000020000                __alt_mem_onchip_memory2_0 = 0x20000

.entry          0x0000000000020000       0x20
 *(.entry)
 .entry         0x0000000000020000       0x20 ../Camera_Test_bsp//obj/HAL/src/crt0.o
                0x0000000000020000                __reset

.exceptions     0x0000000000020020      0x220
                0x0000000000020020                PROVIDE (__ram_exceptions_start, ABSOLUTE (.))
                0x0000000000020020                . = ALIGN (0x20)
 *(.irq)
 *(.exceptions.entry.label)
 .exceptions.entry.label
                0x0000000000020020        0x0 ../Camera_Test_bsp/\libhal_bsp.a(alt_irq_entry.o)
                0x0000000000020020                alt_irq_entry
 .exceptions.entry.label
                0x0000000000020020        0x0 ../Camera_Test_bsp/\libhal_bsp.a(alt_exception_entry.o)
                0x0000000000020020                alt_exception
 *(.exceptions.entry.user)
 *(.exceptions.entry.ecc_fatal)
 *(.exceptions.entry)
 .exceptions.entry
                0x0000000000020020       0x54 ../Camera_Test_bsp/\libhal_bsp.a(alt_exception_entry.o)
 *(.exceptions.irqtest.user)
 *(.exceptions.irqtest)
 .exceptions.irqtest
                0x0000000000020074       0x10 ../Camera_Test_bsp/\libhal_bsp.a(alt_irq_entry.o)
 *(.exceptions.irqhandler.user)
 *(.exceptions.irqhandler)
 .exceptions.irqhandler
                0x0000000000020084        0x4 ../Camera_Test_bsp/\libhal_bsp.a(alt_irq_entry.o)
 *(.exceptions.irqreturn.user)
 *(.exceptions.irqreturn)
 .exceptions.irqreturn
                0x0000000000020088        0x4 ../Camera_Test_bsp/\libhal_bsp.a(alt_irq_entry.o)
 *(.exceptions.notirq.label)
 .exceptions.notirq.label
                0x000000000002008c        0x0 ../Camera_Test_bsp/\libhal_bsp.a(alt_irq_entry.o)
 *(.exceptions.notirq.user)
 *(.exceptions.notirq)
 .exceptions.notirq
                0x000000000002008c        0x8 ../Camera_Test_bsp/\libhal_bsp.a(alt_exception_entry.o)
 *(.exceptions.soft.user)
 *(.exceptions.soft)
 *(.exceptions.unknown.user)
 *(.exceptions.unknown)
 .exceptions.unknown
                0x0000000000020094       0x14 ../Camera_Test_bsp/\libhal_bsp.a(alt_exception_entry.o)
 *(.exceptions.exit.label)
 .exceptions.exit.label
                0x00000000000200a8        0x0 ../Camera_Test_bsp/\libhal_bsp.a(alt_irq_entry.o)
 .exceptions.exit.label
                0x00000000000200a8        0x0 ../Camera_Test_bsp/\libhal_bsp.a(alt_exception_entry.o)
 *(.exceptions.exit.user)
 *(.exceptions.exit)
 .exceptions.exit
                0x00000000000200a8       0x54 ../Camera_Test_bsp/\libhal_bsp.a(alt_exception_entry.o)
 *(.exceptions)
 .exceptions    0x00000000000200fc       0xd0 ../Camera_Test_bsp/\libhal_bsp.a(alt_irq_handler.o)
                0x00000000000200fc                alt_irq_handler
 .exceptions    0x00000000000201cc       0x74 ../Camera_Test_bsp/\libhal_bsp.a(alt_instruction_exception_entry.o)
                0x00000000000201cc                alt_instruction_exception_entry
                0x0000000000020240                PROVIDE (__ram_exceptions_end, ABSOLUTE (.))
                0x0000000000020020                PROVIDE (__flash_exceptions_start, LOADADDR (.exceptions))

.text           0x0000000000020240    0x14014
                0x0000000000020240                PROVIDE (stext, ABSOLUTE (.))
 *(.interp)
 *(.hash)
 *(.dynsym)
 *(.dynstr)
 *(.gnu.version)
 *(.gnu.version_d)
 *(.gnu.version_r)
 *(.rel.init)
 *(.rela.init)
 *(.rel.text .rel.text.* .rel.gnu.linkonce.t.*)
 *(.rela.text .rela.text.* .rela.gnu.linkonce.t.*)
 *(.rel.fini)
 *(.rela.fini)
 *(.rel.rodata .rel.rodata.* .rel.gnu.linkonce.r.*)
 *(.rela.rodata .rela.rodata.* .rela.gnu.linkonce.r.*)
 *(.rel.data .rel.data.* .rel.gnu.linkonce.d.*)
 *(.rela.data .rela.data.* .rela.gnu.linkonce.d.*)
 *(.rel.tdata .rel.tdata.* .rel.gnu.linkonce.td.*)
 *(.rela.tdata .rela.tdata.* .rela.gnu.linkonce.td.*)
 *(.rel.tbss .rel.tbss.* .rel.gnu.linkonce.tb.*)
 *(.rela.tbss .rela.tbss.* .rela.gnu.linkonce.tb.*)
 *(.rel.ctors)
 *(.rela.ctors)
 *(.rel.dtors)
 *(.rela.dtors)
 *(.rel.got)
 *(.rela.got)
 *(.rel.sdata .rel.sdata.* .rel.gnu.linkonce.s.*)
 *(.rela.sdata .rela.sdata.* .rela.gnu.linkonce.s.*)
 *(.rel.sbss .rel.sbss.* .rel.gnu.linkonce.sb.*)
 *(.rela.sbss .rela.sbss.* .rela.gnu.linkonce.sb.*)
 *(.rel.sdata2 .rel.sdata2.* .rel.gnu.linkonce.s2.*)
 *(.rela.sdata2 .rela.sdata2.* .rela.gnu.linkonce.s2.*)
 *(.rel.sbss2 .rel.sbss2.* .rel.gnu.linkonce.sb2.*)
 *(.rela.sbss2 .rela.sbss2.* .rela.gnu.linkonce.sb2.*)
 *(.rel.bss .rel.bss.* .rel.gnu.linkonce.b.*)
 *(.rela.bss .rela.bss.* .rela.gnu.linkonce.b.*)
 *(.rel.plt)
 *(.rela.plt)
 *(.rel.dyn)
 *(.init)
 *(.plt)
 *(.text .stub .text.* .gnu.linkonce.t.*)
 .text          0x0000000000020240       0x4c ../Camera_Test_bsp//obj/HAL/src/crt0.o
                0x0000000000020240                _start
 .text          0x000000000002028c      0xdac obj/default/I2C_core.o
                0x000000000002028c                Write32_Data
                0x00000000000202e4                Read32_Data
                0x000000000002033c                oc_i2c_init
                0x0000000000020394                oc_i2c_init_ex
                0x00000000000204d0                oc_i2c_uninit
                0x0000000000020554                ACK_single_check
                0x00000000000205e0                ACK_check
                0x0000000000020640                OC_I2C_Write
                0x0000000000020840                ACK_judge_for_read
                0x00000000000208a4                OC_I2C_Read
                0x0000000000020a70                OC_I2C_Read_Continue
                0x0000000000020ba8                OC_I2CL_Write
                0x0000000000020db8                OC_I2CL_Read
 .text          0x0000000000021038      0x438 obj/default/auto_focus.o
                0x0000000000021038                Focus_Init
                0x0000000000021198                Focus_Window
                0x00000000000213bc                Focus_Released
 .text          0x0000000000021470      0x7e0 obj/default/main.o
                0x0000000000021470                camera_config_init
                0x0000000000021624                D8Mx2_Init
                0x00000000000217a0                main
 .text          0x0000000000021c50      0x5e0 obj/default/mipi_bridge_config.o
                0x0000000000021c50                nSWAP16
                0x0000000000021c9c                MipiBridgeRegWrite
                0x0000000000021d04                MipiBridgeRegRead
                0x0000000000021d7c                MipiBridgeInit
                0x0000000000021f00                mipi_clear_error
                0x0000000000021fe8                mipi_show_error_info
                0x0000000000022088                mipi_show_error_info_more
 .text          0x0000000000022230      0x704 obj/default/mipi_camera_config.o
                0x0000000000022230                OV8865_read_cmos_sensor_8
                0x0000000000022294                OV8865_write_cmos_sensor_8
                0x00000000000222fc                OV8865_write_AF
                0x0000000000022364                OV8865_read_AF
                0x00000000000223e8                OV8865_FOCUS_Move_to
                0x00000000000224e8                camera_bin_level
                0x0000000000022704                MipiCameraInit
 .text          0x0000000000022934      0x1bc obj/default/mixerii_config.o
                0x0000000000022934                mixerii_go
                0x0000000000022980                mixerii_background_config
                0x00000000000229c4                mixerii_layer_enable
                0x0000000000022a54                mixerii_layer_position
 .text          0x0000000000022af0      0xe3c obj/default/picture_in_picture.o
                0x0000000000022af0                camera_out_of_range
                0x0000000000022bbc                camera_scale_down
                0x0000000000022c30                PinP_position_set
                0x0000000000022d64                PinP_init
                0x0000000000022f38                PinP_mode
                0x0000000000023270                PinP_video_change
                0x000000000002365c                PinP_2camera_ajust
 .text          0x000000000002392c      0x298 obj/default/queue.o
                0x000000000002392c                QUEUE_New
                0x000000000002399c                QUEUE_Delete
                0x00000000000239cc                QUEUE_IsEmpty
                0x0000000000023a0c                QUEUE_IsFull
                0x0000000000023a70                QUEUE_Push
                0x0000000000023b04                QUEUE_Pop
                0x0000000000023b94                QUEUE_Empty
 .text          0x0000000000023bc4      0x160 obj/default/scalerii_config.o
                0x0000000000023bc4                scalerii_go
                0x0000000000023c2c                scalerii_output_size
                0x0000000000023c84                scalerii_scale
 .text          0x0000000000023d24       0x60 j:/altera/15.0.0.145/nios2eds/bin/gnu/h-x86_64-mingw32/bin/../lib/gcc/nios2-elf/4.9.1\libgcc.a(_fixunssfsi.o)
                0x0000000000023d24                __fixunssfsi
 .text          0x0000000000023d84      0x12c j:/altera/15.0.0.145/nios2eds/bin/gnu/h-x86_64-mingw32/bin/../lib/gcc/nios2-elf/4.9.1\libgcc.a(lib2-divmod.o)
                0x0000000000023df0                __divsi3
                0x0000000000023e44                __modsi3
                0x0000000000023ea0                __udivsi3
                0x0000000000023ea8                __umodsi3
 .text          0x0000000000023eb0      0x4e0 j:/altera/15.0.0.145/nios2eds/bin/gnu/h-x86_64-mingw32/bin/../lib/gcc/nios2-elf/4.9.1\libgcc.a(addsf3.o)
                0x0000000000023eb0                __addsf3
 .text          0x0000000000024390      0x450 j:/altera/15.0.0.145/nios2eds/bin/gnu/h-x86_64-mingw32/bin/../lib/gcc/nios2-elf/4.9.1\libgcc.a(divsf3.o)
                0x0000000000024390                __divsf3
 .text          0x00000000000247e0       0xb8 j:/altera/15.0.0.145/nios2eds/bin/gnu/h-x86_64-mingw32/bin/../lib/gcc/nios2-elf/4.9.1\libgcc.a(gesf2.o)
                0x00000000000247e0                __gesf2
                0x00000000000247e0                __gtsf2
 .text          0x0000000000024898      0x424 j:/altera/15.0.0.145/nios2eds/bin/gnu/h-x86_64-mingw32/bin/../lib/gcc/nios2-elf/4.9.1\libgcc.a(mulsf3.o)
                0x0000000000024898                __mulsf3
 .text          0x0000000000024cbc      0x4fc j:/altera/15.0.0.145/nios2eds/bin/gnu/h-x86_64-mingw32/bin/../lib/gcc/nios2-elf/4.9.1\libgcc.a(subsf3.o)
                0x0000000000024cbc                __subsf3
 .text          0x00000000000251b8       0x78 j:/altera/15.0.0.145/nios2eds/bin/gnu/h-x86_64-mingw32/bin/../lib/gcc/nios2-elf/4.9.1\libgcc.a(fixsfsi.o)
                0x00000000000251b8                __fixsfsi
 .text          0x0000000000025230      0x134 j:/altera/15.0.0.145/nios2eds/bin/gnu/h-x86_64-mingw32/bin/../lib/gcc/nios2-elf/4.9.1\libgcc.a(floatsisf.o)
                0x0000000000025230                __floatsisf
 .text          0x0000000000025364      0x110 j:/altera/15.0.0.145/nios2eds/bin/gnu/h-x86_64-mingw32/bin/../lib/gcc/nios2-elf/4.9.1\libgcc.a(floatunsisf.o)
                0x0000000000025364                __floatunsisf
 .text          0x0000000000025474       0x64 j:/altera/15.0.0.145/nios2eds/bin/gnu/h-x86_64-mingw32/bin/../lib/gcc/nios2-elf/4.9.1\libgcc.a(_clzsi2.o)
                0x0000000000025474                __clzsi2
 .text          0x00000000000254d8        0x0 j:/altera/15.0.0.145/nios2eds/bin/gnu/h-x86_64-mingw32/bin/../lib/gcc/nios2-elf/4.9.1\libgcc.a(_clz.o)
 .text          0x00000000000254d8       0x28 j:/altera/15.0.0.145/nios2eds/bin/gnu/h-x86_64-mingw32/bin/../lib/gcc/nios2-elf/4.9.1/../../../../../H-x86_64-mingw32/nios2-elf/lib\libc.a(lib_a-malloc.o)
                0x00000000000254d8                malloc
                0x00000000000254ec                free
 .text          0x0000000000025500      0x7a8 j:/altera/15.0.0.145/nios2eds/bin/gnu/h-x86_64-mingw32/bin/../lib/gcc/nios2-elf/4.9.1/../../../../../H-x86_64-mingw32/nios2-elf/lib\libc.a(lib_a-mallocr.o)
                0x0000000000025500                _malloc_r
 .text          0x0000000000025ca8      0x124 j:/altera/15.0.0.145/nios2eds/bin/gnu/h-x86_64-mingw32/bin/../lib/gcc/nios2-elf/4.9.1/../../../../../H-x86_64-mingw32/nios2-elf/lib\libc.a(lib_a-memset.o)
                0x0000000000025ca8                memset
 .text          0x0000000000025dcc       0x68 j:/altera/15.0.0.145/nios2eds/bin/gnu/h-x86_64-mingw32/bin/../lib/gcc/nios2-elf/4.9.1/../../../../../H-x86_64-mingw32/nios2-elf/lib\libc.a(lib_a-printf.o)
                0x0000000000025dcc                _printf_r
                0x0000000000025df8                printf
 .text          0x0000000000025e34       0x20 j:/altera/15.0.0.145/nios2eds/bin/gnu/h-x86_64-mingw32/bin/../lib/gcc/nios2-elf/4.9.1/../../../../../H-x86_64-mingw32/nios2-elf/lib\libc.a(lib_a-putchar.o)
                0x0000000000025e34                _putchar_r
                0x0000000000025e3c                putchar
 .text          0x0000000000025e54       0xcc j:/altera/15.0.0.145/nios2eds/bin/gnu/h-x86_64-mingw32/bin/../lib/gcc/nios2-elf/4.9.1/../../../../../H-x86_64-mingw32/nios2-elf/lib\libc.a(lib_a-puts.o)
                0x0000000000025e54                _puts_r
                0x0000000000025f0c                puts
 .text          0x0000000000025f20       0x54 j:/altera/15.0.0.145/nios2eds/bin/gnu/h-x86_64-mingw32/bin/../lib/gcc/nios2-elf/4.9.1/../../../../../H-x86_64-mingw32/nios2-elf/lib\libc.a(lib_a-sbrkr.o)
                0x0000000000025f20                _sbrk_r
 .text          0x0000000000025f74       0x98 j:/altera/15.0.0.145/nios2eds/bin/gnu/h-x86_64-mingw32/bin/../lib/gcc/nios2-elf/4.9.1/../../../../../H-x86_64-mingw32/nios2-elf/lib\libc.a(lib_a-strlen.o)
                0x0000000000025f74                strlen
 .text          0x000000000002600c     0x2020 j:/altera/15.0.0.145/nios2eds/bin/gnu/h-x86_64-mingw32/bin/../lib/gcc/nios2-elf/4.9.1/../../../../../H-x86_64-mingw32/nios2-elf/lib\libc.a(lib_a-vfprintf.o)
                0x000000000002600c                ___vfprintf_internal_r
                0x0000000000028008                __vfprintf_internal
 .text          0x000000000002802c      0x130 j:/altera/15.0.0.145/nios2eds/bin/gnu/h-x86_64-mingw32/bin/../lib/gcc/nios2-elf/4.9.1/../../../../../H-x86_64-mingw32/nios2-elf/lib\libc.a(lib_a-wsetup.o)
                0x000000000002802c                __swsetup_r
 .text          0x000000000002815c     0x1928 j:/altera/15.0.0.145/nios2eds/bin/gnu/h-x86_64-mingw32/bin/../lib/gcc/nios2-elf/4.9.1/../../../../../H-x86_64-mingw32/nios2-elf/lib\libc.a(lib_a-dtoa.o)
                0x000000000002835c                _dtoa_r
 .text          0x0000000000029a84      0x258 j:/altera/15.0.0.145/nios2eds/bin/gnu/h-x86_64-mingw32/bin/../lib/gcc/nios2-elf/4.9.1/../../../../../H-x86_64-mingw32/nios2-elf/lib\libc.a(lib_a-fflush.o)
                0x0000000000029a84                _fflush_r
                0x0000000000029cac                fflush
 .text          0x0000000000029cdc      0x3a0 j:/altera/15.0.0.145/nios2eds/bin/gnu/h-x86_64-mingw32/bin/../lib/gcc/nios2-elf/4.9.1/../../../../../H-x86_64-mingw32/nios2-elf/lib\libc.a(lib_a-findfp.o)
                0x0000000000029cec                _cleanup_r
                0x0000000000029e98                __sfmoreglue
                0x0000000000029efc                __sfp
                0x000000000002a014                _cleanup
                0x000000000002a02c                __sinit
                0x000000000002a03c                __sfp_lock_acquire
                0x000000000002a040                __sfp_lock_release
                0x000000000002a044                __sinit_lock_acquire
                0x000000000002a048                __sinit_lock_release
                0x000000000002a04c                __fp_lock_all
                0x000000000002a064                __fp_unlock_all
 .text          0x000000000002a07c      0x414 j:/altera/15.0.0.145/nios2eds/bin/gnu/h-x86_64-mingw32/bin/../lib/gcc/nios2-elf/4.9.1/../../../../../H-x86_64-mingw32/nios2-elf/lib\libc.a(lib_a-freer.o)
                0x000000000002a07c                _malloc_trim_r
                0x000000000002a1a0                _free_r
 .text          0x000000000002a490      0x4a4 j:/altera/15.0.0.145/nios2eds/bin/gnu/h-x86_64-mingw32/bin/../lib/gcc/nios2-elf/4.9.1/../../../../../H-x86_64-mingw32/nios2-elf/lib\libc.a(lib_a-fvwrite.o)
                0x000000000002a490                __sfvwrite_r
 .text          0x000000000002a934      0x170 j:/altera/15.0.0.145/nios2eds/bin/gnu/h-x86_64-mingw32/bin/../lib/gcc/nios2-elf/4.9.1/../../../../../H-x86_64-mingw32/nios2-elf/lib\libc.a(lib_a-fwalk.o)
                0x000000000002a934                _fwalk
                0x000000000002a9ec                _fwalk_reent
 .text          0x000000000002aaa4        0x0 j:/altera/15.0.0.145/nios2eds/bin/gnu/h-x86_64-mingw32/bin/../lib/gcc/nios2-elf/4.9.1/../../../../../H-x86_64-mingw32/nios2-elf/lib\libc.a(lib_a-impure.o)
 .text          0x000000000002aaa4        0x0 j:/altera/15.0.0.145/nios2eds/bin/gnu/h-x86_64-mingw32/bin/../lib/gcc/nios2-elf/4.9.1/../../../../../H-x86_64-mingw32/nios2-elf/lib\libc.a(lib_a-int_errno.o)
 .text          0x000000000002aaa4       0xe0 j:/altera/15.0.0.145/nios2eds/bin/gnu/h-x86_64-mingw32/bin/../lib/gcc/nios2-elf/4.9.1/../../../../../H-x86_64-mingw32/nios2-elf/lib\libc.a(lib_a-locale.o)
                0x000000000002aaa4                _setlocale_r
                0x000000000002ab20                __locale_charset
                0x000000000002ab2c                __locale_mb_cur_max
                0x000000000002ab3c                __locale_msgcharset
                0x000000000002ab48                __locale_cjk_lang
                0x000000000002ab50                _localeconv_r
                0x000000000002ab5c                setlocale
                0x000000000002ab78                localeconv
 .text          0x000000000002ab84      0x1b8 j:/altera/15.0.0.145/nios2eds/bin/gnu/h-x86_64-mingw32/bin/../lib/gcc/nios2-elf/4.9.1/../../../../../H-x86_64-mingw32/nios2-elf/lib\libc.a(lib_a-makebuf.o)
                0x000000000002ab84                __smakebuf_r
 .text          0x000000000002ad3c       0xe8 j:/altera/15.0.0.145/nios2eds/bin/gnu/h-x86_64-mingw32/bin/../lib/gcc/nios2-elf/4.9.1/../../../../../H-x86_64-mingw32/nios2-elf/lib\libc.a(lib_a-memchr.o)
                0x000000000002ad3c                memchr
 .text          0x000000000002ae24      0x138 j:/altera/15.0.0.145/nios2eds/bin/gnu/h-x86_64-mingw32/bin/../lib/gcc/nios2-elf/4.9.1/../../../../../H-x86_64-mingw32/nios2-elf/lib\libc.a(lib_a-memcpy.o)
                0x000000000002ae24                memcpy
 .text          0x000000000002af5c      0x15c j:/altera/15.0.0.145/nios2eds/bin/gnu/h-x86_64-mingw32/bin/../lib/gcc/nios2-elf/4.9.1/../../../../../H-x86_64-mingw32/nios2-elf/lib\libc.a(lib_a-memmove.o)
                0x000000000002af5c                memmove
 .text          0x000000000002b0b8      0xf8c j:/altera/15.0.0.145/nios2eds/bin/gnu/h-x86_64-mingw32/bin/../lib/gcc/nios2-elf/4.9.1/../../../../../H-x86_64-mingw32/nios2-elf/lib\libc.a(lib_a-mprec.o)
                0x000000000002b0b8                _Balloc
                0x000000000002b160                _Bfree
                0x000000000002b188                __multadd
                0x000000000002b29c                __s2b
                0x000000000002b3a0                __hi0bits
                0x000000000002b408                __lo0bits
                0x000000000002b4b8                __i2b
                0x000000000002b4f4                __multiply
                0x000000000002b6f0                __pow5mult
                0x000000000002b830                __lshift
                0x000000000002b978                __mcmp
                0x000000000002b9d8                __mdiff
                0x000000000002bb70                __ulp
                0x000000000002bbd0                __b2d
                0x000000000002bcec                __d2b
                0x000000000002be28                __ratio
                0x000000000002becc                _mprec_log10
                0x000000000002bf40                __copybits
                0x000000000002bfb8                __any_on
 .text          0x000000000002c044      0x168 j:/altera/15.0.0.145/nios2eds/bin/gnu/h-x86_64-mingw32/bin/../lib/gcc/nios2-elf/4.9.1/../../../../../H-x86_64-mingw32/nios2-elf/lib\libc.a(lib_a-putc.o)
                0x000000000002c044                _putc_r
                0x000000000002c0e4                putc
 .text          0x000000000002c1ac      0x5a0 j:/altera/15.0.0.145/nios2eds/bin/gnu/h-x86_64-mingw32/bin/../lib/gcc/nios2-elf/4.9.1/../../../../../H-x86_64-mingw32/nios2-elf/lib\libc.a(lib_a-reallocr.o)
                0x000000000002c1ac                _realloc_r
 .text          0x000000000002c74c       0x74 j:/altera/15.0.0.145/nios2eds/bin/gnu/h-x86_64-mingw32/bin/../lib/gcc/nios2-elf/4.9.1/../../../../../H-x86_64-mingw32/nios2-elf/lib\libc.a(lib_a-s_fpclassify.o)
                0x000000000002c74c                __fpclassifyd
 .text          0x000000000002c7c0      0x13c j:/altera/15.0.0.145/nios2eds/bin/gnu/h-x86_64-mingw32/bin/../lib/gcc/nios2-elf/4.9.1/../../../../../H-x86_64-mingw32/nios2-elf/lib\libc.a(lib_a-stdio.o)
                0x000000000002c7c0                __sread
                0x000000000002c814                __seofread
                0x000000000002c81c                __swrite
                0x000000000002c898                __sseek
                0x000000000002c8f4                __sclose
 .text          0x000000000002c8fc       0xa4 j:/altera/15.0.0.145/nios2eds/bin/gnu/h-x86_64-mingw32/bin/../lib/gcc/nios2-elf/4.9.1/../../../../../H-x86_64-mingw32/nios2-elf/lib\libc.a(lib_a-strcmp.o)
                0x000000000002c8fc                strcmp
 .text          0x000000000002c9a0     0x1494 j:/altera/15.0.0.145/nios2eds/bin/gnu/h-x86_64-mingw32/bin/../lib/gcc/nios2-elf/4.9.1/../../../../../H-x86_64-mingw32/nios2-elf/lib\libc.a(lib_a-vfiprintf.o)
                0x000000000002ca9c                __sprint_r
                0x000000000002cab4                ___vfiprintf_internal_r
                0x000000000002de10                __vfiprintf_internal
 .text          0x000000000002de34      0x170 j:/altera/15.0.0.145/nios2eds/bin/gnu/h-x86_64-mingw32/bin/../lib/gcc/nios2-elf/4.9.1/../../../../../H-x86_64-mingw32/nios2-elf/lib\libc.a(lib_a-wbuf.o)
                0x000000000002de34                __swbuf_r
                0x000000000002df88                __swbuf
 .text          0x000000000002dfa4       0x5c j:/altera/15.0.0.145/nios2eds/bin/gnu/h-x86_64-mingw32/bin/../lib/gcc/nios2-elf/4.9.1/../../../../../H-x86_64-mingw32/nios2-elf/lib\libc.a(lib_a-writer.o)
                0x000000000002dfa4                _write_r
 .text          0x000000000002e000       0x54 j:/altera/15.0.0.145/nios2eds/bin/gnu/h-x86_64-mingw32/bin/../lib/gcc/nios2-elf/4.9.1/../../../../../H-x86_64-mingw32/nios2-elf/lib\libc.a(closer.o)
                0x000000000002e000                _close_r
 .text          0x000000000002e054       0xc4 j:/altera/15.0.0.145/nios2eds/bin/gnu/h-x86_64-mingw32/bin/../lib/gcc/nios2-elf/4.9.1/../../../../../H-x86_64-mingw32/nios2-elf/lib\libc.a(lib_a-callocr.o)
                0x000000000002e054                _calloc_r
 .text          0x000000000002e118      0x114 j:/altera/15.0.0.145/nios2eds/bin/gnu/h-x86_64-mingw32/bin/../lib/gcc/nios2-elf/4.9.1/../../../../../H-x86_64-mingw32/nios2-elf/lib\libc.a(lib_a-fclose.o)
                0x000000000002e118                _fclose_r
                0x000000000002e218                fclose
 .text          0x000000000002e22c      0x1dc j:/altera/15.0.0.145/nios2eds/bin/gnu/h-x86_64-mingw32/bin/../lib/gcc/nios2-elf/4.9.1/../../../../../H-x86_64-mingw32/nios2-elf/lib\libc.a(lib_a-fputwc.o)
                0x000000000002e22c                _fputwc_r
                0x000000000002e3b0                fputwc
 .text          0x000000000002e408       0x58 j:/altera/15.0.0.145/nios2eds/bin/gnu/h-x86_64-mingw32/bin/../lib/gcc/nios2-elf/4.9.1/../../../../../H-x86_64-mingw32/nios2-elf/lib\libc.a(lib_a-fstatr.o)
                0x000000000002e408                _fstat_r
 .text          0x000000000002e460       0x54 j:/altera/15.0.0.145/nios2eds/bin/gnu/h-x86_64-mingw32/bin/../lib/gcc/nios2-elf/4.9.1/../../../../../H-x86_64-mingw32/nios2-elf/lib\libc.a(lib_a-isattyr.o)
                0x000000000002e460                _isatty_r
 .text          0x000000000002e4b4       0x5c j:/altera/15.0.0.145/nios2eds/bin/gnu/h-x86_64-mingw32/bin/../lib/gcc/nios2-elf/4.9.1/../../../../../H-x86_64-mingw32/nios2-elf/lib\libc.a(lib_a-lseekr.o)
                0x000000000002e4b4                _lseek_r
 .text          0x000000000002e510       0x5c j:/altera/15.0.0.145/nios2eds/bin/gnu/h-x86_64-mingw32/bin/../lib/gcc/nios2-elf/4.9.1/../../../../../H-x86_64-mingw32/nios2-elf/lib\libc.a(lib_a-readr.o)
                0x000000000002e510                _read_r
 .text          0x000000000002e56c      0x174 j:/altera/15.0.0.145/nios2eds/bin/gnu/h-x86_64-mingw32/bin/../lib/gcc/nios2-elf/4.9.1/../../../../../H-x86_64-mingw32/nios2-elf/lib\libc.a(lib_a-wcrtomb.o)
                0x000000000002e56c                _wcrtomb_r
                0x000000000002e608                wcrtomb
 .text          0x000000000002e6e0       0x8c j:/altera/15.0.0.145/nios2eds/bin/gnu/h-x86_64-mingw32/bin/../lib/gcc/nios2-elf/4.9.1/../../../../../H-x86_64-mingw32/nios2-elf/lib\libc.a(lib_a-wctomb_r.o)
                0x000000000002e6e0                __ascii_wctomb
                0x000000000002e710                _wctomb_r
 .text          0x000000000002e76c      0x5c0 j:/altera/15.0.0.145/nios2eds/bin/gnu/h-x86_64-mingw32/bin/../lib/gcc/nios2-elf/4.9.1\libgcc.a(_udivdi3.o)
                0x000000000002e76c                __udivdi3
 .text          0x000000000002ed2c      0x590 j:/altera/15.0.0.145/nios2eds/bin/gnu/h-x86_64-mingw32/bin/../lib/gcc/nios2-elf/4.9.1\libgcc.a(_umoddi3.o)
                0x000000000002ed2c                __umoddi3
 .text          0x000000000002f2bc      0x89c j:/altera/15.0.0.145/nios2eds/bin/gnu/h-x86_64-mingw32/bin/../lib/gcc/nios2-elf/4.9.1\libgcc.a(adddf3.o)
                0x000000000002f2bc                __adddf3
 .text          0x000000000002fb58      0x8cc j:/altera/15.0.0.145/nios2eds/bin/gnu/h-x86_64-mingw32/bin/../lib/gcc/nios2-elf/4.9.1\libgcc.a(divdf3.o)
                0x000000000002fb58                __divdf3
 .text          0x0000000000030424       0x84 j:/altera/15.0.0.145/nios2eds/bin/gnu/h-x86_64-mingw32/bin/../lib/gcc/nios2-elf/4.9.1\libgcc.a(eqdf2.o)
                0x0000000000030424                __nedf2
                0x0000000000030424                __eqdf2
 .text          0x00000000000304a8       0xe0 j:/altera/15.0.0.145/nios2eds/bin/gnu/h-x86_64-mingw32/bin/../lib/gcc/nios2-elf/4.9.1\libgcc.a(gedf2.o)
                0x00000000000304a8                __gedf2
                0x00000000000304a8                __gtdf2
 .text          0x0000000000030588       0xe0 j:/altera/15.0.0.145/nios2eds/bin/gnu/h-x86_64-mingw32/bin/../lib/gcc/nios2-elf/4.9.1\libgcc.a(ledf2.o)
                0x0000000000030588                __ledf2
                0x0000000000030588                __ltdf2
 .text          0x0000000000030668      0x724 j:/altera/15.0.0.145/nios2eds/bin/gnu/h-x86_64-mingw32/bin/../lib/gcc/nios2-elf/4.9.1\libgcc.a(muldf3.o)
                0x0000000000030668                __muldf3
 .text          0x0000000000030d8c      0x8d0 j:/altera/15.0.0.145/nios2eds/bin/gnu/h-x86_64-mingw32/bin/../lib/gcc/nios2-elf/4.9.1\libgcc.a(subdf3.o)
                0x0000000000030d8c                __subdf3
 .text          0x000000000003165c       0x88 j:/altera/15.0.0.145/nios2eds/bin/gnu/h-x86_64-mingw32/bin/../lib/gcc/nios2-elf/4.9.1\libgcc.a(fixdfsi.o)
                0x000000000003165c                __fixdfsi
 .text          0x00000000000316e4       0xd0 j:/altera/15.0.0.145/nios2eds/bin/gnu/h-x86_64-mingw32/bin/../lib/gcc/nios2-elf/4.9.1\libgcc.a(floatsidf.o)
                0x00000000000316e4                __floatsidf
 .text          0x00000000000317b4       0xa4 j:/altera/15.0.0.145/nios2eds/bin/gnu/h-x86_64-mingw32/bin/../lib/gcc/nios2-elf/4.9.1\libgcc.a(floatunsidf.o)
                0x00000000000317b4                __floatunsidf
 .text          0x0000000000031858      0x120 ../Camera_Test_bsp/\libhal_bsp.a(alt_close.o)
                0x00000000000318a8                close
 .text          0x0000000000031978       0x2c ../Camera_Test_bsp/\libhal_bsp.a(alt_dev.o)
 .text          0x00000000000319a4        0x0 ../Camera_Test_bsp/\libhal_bsp.a(alt_errno.o)
 .text          0x00000000000319a4      0x100 ../Camera_Test_bsp/\libhal_bsp.a(alt_fstat.o)
                0x00000000000319f4                fstat
 .text          0x0000000000031aa4       0xf4 ../Camera_Test_bsp/\libhal_bsp.a(alt_isatty.o)
                0x0000000000031af4                isatty
 .text          0x0000000000031b98       0xe4 ../Camera_Test_bsp/\libhal_bsp.a(alt_load.o)
                0x0000000000031bfc                alt_load
 .text          0x0000000000031c7c      0x124 ../Camera_Test_bsp/\libhal_bsp.a(alt_lseek.o)
                0x0000000000031ccc                lseek
 .text          0x0000000000031da0       0x78 ../Camera_Test_bsp/\libhal_bsp.a(alt_main.o)
                0x0000000000031da0                alt_main
 .text          0x0000000000031e18       0x40 ../Camera_Test_bsp/\libhal_bsp.a(alt_malloc_lock.o)
                0x0000000000031e18                __malloc_lock
                0x0000000000031e38                __malloc_unlock
 .text          0x0000000000031e58      0x14c ../Camera_Test_bsp/\libhal_bsp.a(alt_read.o)
                0x0000000000031ea8                read
 .text          0x0000000000031fa4       0x60 ../Camera_Test_bsp/\libhal_bsp.a(alt_release_fd.o)
                0x0000000000031fa4                alt_release_fd
 .text          0x0000000000032004       0xb0 ../Camera_Test_bsp/\libhal_bsp.a(alt_sbrk.o)
                0x0000000000032004                sbrk
 .text          0x00000000000320b4      0x19c ../Camera_Test_bsp/\libhal_bsp.a(alt_tick.o)
                0x00000000000320b4                alt_alarm_stop
                0x000000000003214c                alt_tick
 .text          0x0000000000032250       0x30 ../Camera_Test_bsp/\libhal_bsp.a(alt_usleep.o)
                0x0000000000032250                usleep
 .text          0x0000000000032280      0x148 ../Camera_Test_bsp/\libhal_bsp.a(alt_write.o)
                0x00000000000322d0                write
 .text          0x00000000000323c8       0xcc ../Camera_Test_bsp/\libhal_bsp.a(alt_sys_init.o)
                0x0000000000032400                alt_irq_init
                0x0000000000032434                alt_sys_init
 .text          0x0000000000032494      0x164 ../Camera_Test_bsp/\libhal_bsp.a(altera_avalon_jtag_uart_fd.o)
                0x0000000000032494                altera_avalon_jtag_uart_read_fd
                0x00000000000324f4                altera_avalon_jtag_uart_write_fd
                0x0000000000032554                altera_avalon_jtag_uart_close_fd
                0x00000000000325a4                altera_avalon_jtag_uart_ioctl_fd
 .text          0x00000000000325f8      0x3d8 ../Camera_Test_bsp/\libhal_bsp.a(altera_avalon_jtag_uart_init.o)
                0x00000000000325f8                altera_avalon_jtag_uart_init
                0x0000000000032968                altera_avalon_jtag_uart_close
 .text          0x00000000000329d0       0xec ../Camera_Test_bsp/\libhal_bsp.a(altera_avalon_jtag_uart_ioctl.o)
                0x00000000000329d0                altera_avalon_jtag_uart_ioctl
 .text          0x0000000000032abc      0x20c ../Camera_Test_bsp/\libhal_bsp.a(altera_avalon_jtag_uart_read.o)
                0x0000000000032abc                altera_avalon_jtag_uart_read
 .text          0x0000000000032cc8      0x218 ../Camera_Test_bsp/\libhal_bsp.a(altera_avalon_jtag_uart_write.o)
                0x0000000000032cc8                altera_avalon_jtag_uart_write
 .text          0x0000000000032ee0       0xfc ../Camera_Test_bsp/\libhal_bsp.a(altera_avalon_timer_sc.o)
                0x0000000000032f54                alt_avalon_timer_sc_init
 .text          0x0000000000032fdc      0x140 ../Camera_Test_bsp/\libhal_bsp.a(alt_alarm_start.o)
                0x0000000000032fdc                alt_alarm_start
 .text          0x000000000003311c      0x158 ../Camera_Test_bsp/\libhal_bsp.a(alt_busy_sleep.o)
                0x000000000003311c                alt_busy_sleep
 .text          0x0000000000033274       0x44 ../Camera_Test_bsp/\libhal_bsp.a(alt_dcache_flush_all.o)
                0x0000000000033274                alt_dcache_flush_all
 .text          0x00000000000332b8       0xf4 ../Camera_Test_bsp/\libhal_bsp.a(alt_dev_llist_insert.o)
                0x0000000000033308                alt_dev_llist_insert
 .text          0x00000000000333ac       0x5c ../Camera_Test_bsp/\libhal_bsp.a(alt_do_ctors.o)
                0x00000000000333ac                _do_ctors
 .text          0x0000000000033408       0x5c ../Camera_Test_bsp/\libhal_bsp.a(alt_do_dtors.o)
                0x0000000000033408                _do_dtors
 .text          0x0000000000033464       0x30 ../Camera_Test_bsp/\libhal_bsp.a(alt_icache_flush_all.o)
                0x0000000000033464                alt_icache_flush_all
 .text          0x0000000000033494      0x1e0 ../Camera_Test_bsp/\libhal_bsp.a(alt_iic.o)
                0x0000000000033494                alt_ic_isr_register
                0x00000000000334e4                alt_ic_irq_enable
                0x0000000000033584                alt_ic_irq_disable
                0x0000000000033628                alt_ic_irq_enabled
 .text          0x0000000000033674       0xf0 ../Camera_Test_bsp/\libhal_bsp.a(alt_iic_isr_register.o)
                0x0000000000033674                alt_iic_isr_register
 .text          0x0000000000033764      0x138 ../Camera_Test_bsp/\libhal_bsp.a(alt_io_redirect.o)
                0x0000000000033824                alt_io_redirect
 .text          0x000000000003389c        0x0 ../Camera_Test_bsp/\libhal_bsp.a(alt_irq_entry.o)
 .text          0x000000000003389c        0x0 ../Camera_Test_bsp/\libhal_bsp.a(alt_irq_handler.o)
 .text          0x000000000003389c        0x0 ../Camera_Test_bsp/\libhal_bsp.a(alt_irq_vars.o)
 .text          0x000000000003389c      0x274 ../Camera_Test_bsp/\libhal_bsp.a(alt_open.o)
                0x00000000000339b8                open
 .text          0x0000000000033b10       0x20 ../Camera_Test_bsp/\libhal_bsp.a(altera_nios2_gen2_irq.o)
                0x0000000000033b10                altera_nios2_gen2_irq_init
 .text          0x0000000000033b30        0x0 ../Camera_Test_bsp/\libhal_bsp.a(alt_exception_entry.o)
 .text          0x0000000000033b30       0x90 ../Camera_Test_bsp/\libhal_bsp.a(alt_find_dev.o)
                0x0000000000033b30                alt_find_dev
 .text          0x0000000000033bc0      0x114 ../Camera_Test_bsp/\libhal_bsp.a(alt_find_file.o)
                0x0000000000033bc0                alt_find_file
 .text          0x0000000000033cd4       0xb4 ../Camera_Test_bsp/\libhal_bsp.a(alt_get_fd.o)
                0x0000000000033cd4                alt_get_fd
 .text          0x0000000000033d88       0x8c ../Camera_Test_bsp/\libhal_bsp.a(alt_icache_flush.o)
                0x0000000000033d88                alt_icache_flush
 .text          0x0000000000033e14       0x9c ../Camera_Test_bsp/\libhal_bsp.a(alt_instruction_exception_entry.o)
                0x0000000000033e14                alt_exception_cause_generated_bad_addr
 .text          0x0000000000033eb0       0x14 j:/altera/15.0.0.145/nios2eds/bin/gnu/h-x86_64-mingw32/bin/../lib/gcc/nios2-elf/4.9.1/../../../../../H-x86_64-mingw32/nios2-elf/lib\libc.a(lib_a-atexit.o)
                0x0000000000033eb0                atexit
 .text          0x0000000000033ec4       0x38 j:/altera/15.0.0.145/nios2eds/bin/gnu/h-x86_64-mingw32/bin/../lib/gcc/nios2-elf/4.9.1/../../../../../H-x86_64-mingw32/nios2-elf/lib\libc.a(lib_a-exit.o)
                0x0000000000033ec4                exit
 .text          0x0000000000033efc       0x7c j:/altera/15.0.0.145/nios2eds/bin/gnu/h-x86_64-mingw32/bin/../lib/gcc/nios2-elf/4.9.1/../../../../../H-x86_64-mingw32/nios2-elf/lib\libc.a(lib_a-memcmp.o)
                0x0000000000033efc                memcmp
 .text          0x0000000000033f78      0x114 j:/altera/15.0.0.145/nios2eds/bin/gnu/h-x86_64-mingw32/bin/../lib/gcc/nios2-elf/4.9.1/../../../../../H-x86_64-mingw32/nios2-elf/lib\libc.a(lib_a-__atexit.o)
                0x0000000000033f78                __register_exitproc
 .text          0x000000000003408c      0x194 j:/altera/15.0.0.145/nios2eds/bin/gnu/h-x86_64-mingw32/bin/../lib/gcc/nios2-elf/4.9.1/../../../../../H-x86_64-mingw32/nios2-elf/lib\libc.a(lib_a-__call_atexit.o)
                0x000000000003408c                __call_exitprocs
 .text          0x0000000000034220       0x34 ../Camera_Test_bsp/\libhal_bsp.a(alt_exit.o)
                0x0000000000034220                _exit
 *(.gnu.warning.*)
 *(.fini)
                0x0000000000034254                PROVIDE (__etext, ABSOLUTE (.))
                0x0000000000034254                PROVIDE (_etext, ABSOLUTE (.))
                0x0000000000034254                PROVIDE (etext, ABSOLUTE (.))
 *(.eh_frame_hdr)
                0x0000000000034254                . = ALIGN (0x4)
                0x0000000000034254                PROVIDE (__preinit_array_start, ABSOLUTE (.))
 *(.preinit_array)
                0x0000000000034254                PROVIDE (__preinit_array_end, ABSOLUTE (.))
                0x0000000000034254                PROVIDE (__init_array_start, ABSOLUTE (.))
 *(.init_array)
                0x0000000000034254                PROVIDE (__init_array_end, ABSOLUTE (.))
                0x0000000000034254                PROVIDE (__fini_array_start, ABSOLUTE (.))
 *(.fini_array)
                0x0000000000034254                PROVIDE (__fini_array_end, ABSOLUTE (.))
 *(.eh_frame)
 *(.gcc_except_table .gcc_except_table.*)
 *(.dynamic)
                0x0000000000034254                PROVIDE (__CTOR_LIST__, ABSOLUTE (.))
 *(.ctors)
 *(SORT(.ctors.*))
                0x0000000000034254                PROVIDE (__CTOR_END__, ABSOLUTE (.))
                0x0000000000034254                PROVIDE (__DTOR_LIST__, ABSOLUTE (.))
 *(.dtors)
 *(SORT(.dtors.*))
                0x0000000000034254                PROVIDE (__DTOR_END__, ABSOLUTE (.))
 *(.jcr)
                0x0000000000034254                . = ALIGN (0x4)

.rodata         0x0000000000034254      0xbe8
                0x0000000000034254                PROVIDE (__ram_rodata_start, ABSOLUTE (.))
                0x0000000000034254                . = ALIGN (0x4)
 *(.rodata .rodata.* .gnu.linkonce.r.*)
 .rodata        0x0000000000034254      0x278 obj/default/I2C_core.o
 .rodata        0x00000000000344cc       0x58 obj/default/auto_focus.o
 .rodata        0x0000000000034524      0x330 obj/default/main.o
 .rodata        0x0000000000034854      0x1ac obj/default/mipi_bridge_config.o
 .rodata        0x0000000000034a00      0x104 obj/default/mipi_camera_config.o
 .rodata        0x0000000000034b04       0x24 obj/default/picture_in_picture.o
 .rodata        0x0000000000034b28       0x1c obj/default/scalerii_config.o
 .rodata        0x0000000000034b44      0x100 j:/altera/15.0.0.145/nios2eds/bin/gnu/h-x86_64-mingw32/bin/../lib/gcc/nios2-elf/4.9.1\libgcc.a(_clz.o)
                0x0000000000034b44                __clz_tab
 .rodata.str1.4
                0x0000000000034c44        0x2 j:/altera/15.0.0.145/nios2eds/bin/gnu/h-x86_64-mingw32/bin/../lib/gcc/nios2-elf/4.9.1/../../../../../H-x86_64-mingw32/nios2-elf/lib\libc.a(lib_a-puts.o)
                                          0x4 (size before relaxing)
 *fill*         0x0000000000034c46        0x2 
 .rodata.str1.4
                0x0000000000034c48       0x42 j:/altera/15.0.0.145/nios2eds/bin/gnu/h-x86_64-mingw32/bin/../lib/gcc/nios2-elf/4.9.1/../../../../../H-x86_64-mingw32/nios2-elf/lib\libc.a(lib_a-vfprintf.o)
                                         0x44 (size before relaxing)
 .rodata        0x0000000000034c8a       0x20 j:/altera/15.0.0.145/nios2eds/bin/gnu/h-x86_64-mingw32/bin/../lib/gcc/nios2-elf/4.9.1/../../../../../H-x86_64-mingw32/nios2-elf/lib\libc.a(lib_a-vfprintf.o)
 *fill*         0x0000000000034caa        0x2 
 .rodata.str1.4
                0x0000000000034cac       0x10 j:/altera/15.0.0.145/nios2eds/bin/gnu/h-x86_64-mingw32/bin/../lib/gcc/nios2-elf/4.9.1/../../../../../H-x86_64-mingw32/nios2-elf/lib\libc.a(lib_a-dtoa.o)
                                         0x14 (size before relaxing)
 .rodata.str1.4
                0x0000000000034cbc        0x2 j:/altera/15.0.0.145/nios2eds/bin/gnu/h-x86_64-mingw32/bin/../lib/gcc/nios2-elf/4.9.1/../../../../../H-x86_64-mingw32/nios2-elf/lib\libc.a(lib_a-impure.o)
                                          0x4 (size before relaxing)
 *fill*         0x0000000000034cbe        0x2 
 .rodata.str1.4
                0x0000000000034cc0        0xc j:/altera/15.0.0.145/nios2eds/bin/gnu/h-x86_64-mingw32/bin/../lib/gcc/nios2-elf/4.9.1/../../../../../H-x86_64-mingw32/nios2-elf/lib\libc.a(lib_a-locale.o)
                                         0x14 (size before relaxing)
 .rodata        0x0000000000034ccc      0x124 j:/altera/15.0.0.145/nios2eds/bin/gnu/h-x86_64-mingw32/bin/../lib/gcc/nios2-elf/4.9.1/../../../../../H-x86_64-mingw32/nios2-elf/lib\libc.a(lib_a-mprec.o)
                0x0000000000034cd8                __mprec_tinytens
                0x0000000000034d00                __mprec_bigtens
                0x0000000000034d28                __mprec_tens
 .rodata.str1.4
                0x0000000000000000       0x30 j:/altera/15.0.0.145/nios2eds/bin/gnu/h-x86_64-mingw32/bin/../lib/gcc/nios2-elf/4.9.1/../../../../../H-x86_64-mingw32/nios2-elf/lib\libc.a(lib_a-vfiprintf.o)
 .rodata        0x0000000000034df0       0x20 j:/altera/15.0.0.145/nios2eds/bin/gnu/h-x86_64-mingw32/bin/../lib/gcc/nios2-elf/4.9.1/../../../../../H-x86_64-mingw32/nios2-elf/lib\libc.a(lib_a-vfiprintf.o)
 .rodata        0x0000000000034e10        0xc ../Camera_Test_bsp/\libhal_bsp.a(alt_dev.o)
 .rodata        0x0000000000034e1c       0x10 ../Camera_Test_bsp/\libhal_bsp.a(alt_main.o)
 .rodata        0x0000000000034e2c       0x10 ../Camera_Test_bsp/\libhal_bsp.a(alt_sys_init.o)
 *(.rodata1)
                0x0000000000034e3c                . = ALIGN (0x4)
                0x0000000000034e3c                PROVIDE (__ram_rodata_end, ABSOLUTE (.))
                0x0000000000034254                PROVIDE (__flash_rodata_start, LOADADDR (.rodata))

.rwdata         0x0000000000034e3c     0x2290 load address 0x00000000000370cc
                0x0000000000034e3c                PROVIDE (__ram_rwdata_start, ABSOLUTE (.))
                0x0000000000034e3c                . = ALIGN (0x4)
 *(.got.plt)
 *(.got)
 *(.data1)
 *(.data .data.* .gnu.linkonce.d.*)
 .data          0x0000000000034e3c        0x0 ../Camera_Test_bsp//obj/HAL/src/crt0.o
 .data          0x0000000000034e3c        0x0 obj/default/I2C_core.o
 .data          0x0000000000034e3c        0x0 obj/default/auto_focus.o
 .data          0x0000000000034e3c        0x0 obj/default/main.o
 .data          0x0000000000034e3c       0x34 obj/default/mipi_bridge_config.o
 .data          0x0000000000034e70      0x762 obj/default/mipi_camera_config.o
 .data          0x00000000000355d2        0x0 obj/default/mixerii_config.o
 .data          0x00000000000355d2        0x0 obj/default/picture_in_picture.o
 .data          0x00000000000355d2        0x0 obj/default/queue.o
 .data          0x00000000000355d2        0x0 obj/default/scalerii_config.o
 .data          0x00000000000355d2        0x0 j:/altera/15.0.0.145/nios2eds/bin/gnu/h-x86_64-mingw32/bin/../lib/gcc/nios2-elf/4.9.1\libgcc.a(_fixunssfsi.o)
 .data          0x00000000000355d2        0x0 j:/altera/15.0.0.145/nios2eds/bin/gnu/h-x86_64-mingw32/bin/../lib/gcc/nios2-elf/4.9.1\libgcc.a(lib2-divmod.o)
 .data          0x00000000000355d2        0x0 j:/altera/15.0.0.145/nios2eds/bin/gnu/h-x86_64-mingw32/bin/../lib/gcc/nios2-elf/4.9.1\libgcc.a(addsf3.o)
 .data          0x00000000000355d2        0x0 j:/altera/15.0.0.145/nios2eds/bin/gnu/h-x86_64-mingw32/bin/../lib/gcc/nios2-elf/4.9.1\libgcc.a(divsf3.o)
 .data          0x00000000000355d2        0x0 j:/altera/15.0.0.145/nios2eds/bin/gnu/h-x86_64-mingw32/bin/../lib/gcc/nios2-elf/4.9.1\libgcc.a(gesf2.o)
 .data          0x00000000000355d2        0x0 j:/altera/15.0.0.145/nios2eds/bin/gnu/h-x86_64-mingw32/bin/../lib/gcc/nios2-elf/4.9.1\libgcc.a(mulsf3.o)
 .data          0x00000000000355d2        0x0 j:/altera/15.0.0.145/nios2eds/bin/gnu/h-x86_64-mingw32/bin/../lib/gcc/nios2-elf/4.9.1\libgcc.a(subsf3.o)
 .data          0x00000000000355d2        0x0 j:/altera/15.0.0.145/nios2eds/bin/gnu/h-x86_64-mingw32/bin/../lib/gcc/nios2-elf/4.9.1\libgcc.a(fixsfsi.o)
 .data          0x00000000000355d2        0x0 j:/altera/15.0.0.145/nios2eds/bin/gnu/h-x86_64-mingw32/bin/../lib/gcc/nios2-elf/4.9.1\libgcc.a(floatsisf.o)
 .data          0x00000000000355d2        0x0 j:/altera/15.0.0.145/nios2eds/bin/gnu/h-x86_64-mingw32/bin/../lib/gcc/nios2-elf/4.9.1\libgcc.a(floatunsisf.o)
 .data          0x00000000000355d2        0x0 j:/altera/15.0.0.145/nios2eds/bin/gnu/h-x86_64-mingw32/bin/../lib/gcc/nios2-elf/4.9.1\libgcc.a(_clzsi2.o)
 .data          0x00000000000355d2        0x0 j:/altera/15.0.0.145/nios2eds/bin/gnu/h-x86_64-mingw32/bin/../lib/gcc/nios2-elf/4.9.1\libgcc.a(_clz.o)
 .data          0x00000000000355d2        0x0 j:/altera/15.0.0.145/nios2eds/bin/gnu/h-x86_64-mingw32/bin/../lib/gcc/nios2-elf/4.9.1/../../../../../H-x86_64-mingw32/nios2-elf/lib\libc.a(lib_a-malloc.o)
 *fill*         0x00000000000355d2        0x2 
 .data          0x00000000000355d4      0x408 j:/altera/15.0.0.145/nios2eds/bin/gnu/h-x86_64-mingw32/bin/../lib/gcc/nios2-elf/4.9.1/../../../../../H-x86_64-mingw32/nios2-elf/lib\libc.a(lib_a-mallocr.o)
                0x00000000000355d4                __malloc_av_
 .data          0x00000000000359dc        0x0 j:/altera/15.0.0.145/nios2eds/bin/gnu/h-x86_64-mingw32/bin/../lib/gcc/nios2-elf/4.9.1/../../../../../H-x86_64-mingw32/nios2-elf/lib\libc.a(lib_a-memset.o)
 .data          0x00000000000359dc        0x0 j:/altera/15.0.0.145/nios2eds/bin/gnu/h-x86_64-mingw32/bin/../lib/gcc/nios2-elf/4.9.1/../../../../../H-x86_64-mingw32/nios2-elf/lib\libc.a(lib_a-printf.o)
 .data          0x00000000000359dc        0x0 j:/altera/15.0.0.145/nios2eds/bin/gnu/h-x86_64-mingw32/bin/../lib/gcc/nios2-elf/4.9.1/../../../../../H-x86_64-mingw32/nios2-elf/lib\libc.a(lib_a-putchar.o)
 .data          0x00000000000359dc        0x0 j:/altera/15.0.0.145/nios2eds/bin/gnu/h-x86_64-mingw32/bin/../lib/gcc/nios2-elf/4.9.1/../../../../../H-x86_64-mingw32/nios2-elf/lib\libc.a(lib_a-puts.o)
 .data          0x00000000000359dc        0x0 j:/altera/15.0.0.145/nios2eds/bin/gnu/h-x86_64-mingw32/bin/../lib/gcc/nios2-elf/4.9.1/../../../../../H-x86_64-mingw32/nios2-elf/lib\libc.a(lib_a-sbrkr.o)
 .data          0x00000000000359dc        0x0 j:/altera/15.0.0.145/nios2eds/bin/gnu/h-x86_64-mingw32/bin/../lib/gcc/nios2-elf/4.9.1/../../../../../H-x86_64-mingw32/nios2-elf/lib\libc.a(lib_a-strlen.o)
 .data          0x00000000000359dc        0x0 j:/altera/15.0.0.145/nios2eds/bin/gnu/h-x86_64-mingw32/bin/../lib/gcc/nios2-elf/4.9.1/../../../../../H-x86_64-mingw32/nios2-elf/lib\libc.a(lib_a-vfprintf.o)
 .data          0x00000000000359dc        0x0 j:/altera/15.0.0.145/nios2eds/bin/gnu/h-x86_64-mingw32/bin/../lib/gcc/nios2-elf/4.9.1/../../../../../H-x86_64-mingw32/nios2-elf/lib\libc.a(lib_a-wsetup.o)
 .data          0x00000000000359dc        0x0 j:/altera/15.0.0.145/nios2eds/bin/gnu/h-x86_64-mingw32/bin/../lib/gcc/nios2-elf/4.9.1/../../../../../H-x86_64-mingw32/nios2-elf/lib\libc.a(lib_a-dtoa.o)
 .data          0x00000000000359dc        0x0 j:/altera/15.0.0.145/nios2eds/bin/gnu/h-x86_64-mingw32/bin/../lib/gcc/nios2-elf/4.9.1/../../../../../H-x86_64-mingw32/nios2-elf/lib\libc.a(lib_a-fflush.o)
 .data          0x00000000000359dc        0x0 j:/altera/15.0.0.145/nios2eds/bin/gnu/h-x86_64-mingw32/bin/../lib/gcc/nios2-elf/4.9.1/../../../../../H-x86_64-mingw32/nios2-elf/lib\libc.a(lib_a-findfp.o)
 .data          0x00000000000359dc        0x0 j:/altera/15.0.0.145/nios2eds/bin/gnu/h-x86_64-mingw32/bin/../lib/gcc/nios2-elf/4.9.1/../../../../../H-x86_64-mingw32/nios2-elf/lib\libc.a(lib_a-freer.o)
 .data          0x00000000000359dc        0x0 j:/altera/15.0.0.145/nios2eds/bin/gnu/h-x86_64-mingw32/bin/../lib/gcc/nios2-elf/4.9.1/../../../../../H-x86_64-mingw32/nios2-elf/lib\libc.a(lib_a-fvwrite.o)
 .data          0x00000000000359dc        0x0 j:/altera/15.0.0.145/nios2eds/bin/gnu/h-x86_64-mingw32/bin/../lib/gcc/nios2-elf/4.9.1/../../../../../H-x86_64-mingw32/nios2-elf/lib\libc.a(lib_a-fwalk.o)
 .data          0x00000000000359dc      0x424 j:/altera/15.0.0.145/nios2eds/bin/gnu/h-x86_64-mingw32/bin/../lib/gcc/nios2-elf/4.9.1/../../../../../H-x86_64-mingw32/nios2-elf/lib\libc.a(lib_a-impure.o)
 .data          0x0000000000035e00        0x0 j:/altera/15.0.0.145/nios2eds/bin/gnu/h-x86_64-mingw32/bin/../lib/gcc/nios2-elf/4.9.1/../../../../../H-x86_64-mingw32/nios2-elf/lib\libc.a(lib_a-int_errno.o)
 .data          0x0000000000035e00       0x78 j:/altera/15.0.0.145/nios2eds/bin/gnu/h-x86_64-mingw32/bin/../lib/gcc/nios2-elf/4.9.1/../../../../../H-x86_64-mingw32/nios2-elf/lib\libc.a(lib_a-locale.o)
 .data          0x0000000000035e78        0x0 j:/altera/15.0.0.145/nios2eds/bin/gnu/h-x86_64-mingw32/bin/../lib/gcc/nios2-elf/4.9.1/../../../../../H-x86_64-mingw32/nios2-elf/lib\libc.a(lib_a-makebuf.o)
 .data          0x0000000000035e78        0x0 j:/altera/15.0.0.145/nios2eds/bin/gnu/h-x86_64-mingw32/bin/../lib/gcc/nios2-elf/4.9.1/../../../../../H-x86_64-mingw32/nios2-elf/lib\libc.a(lib_a-memchr.o)
 .data          0x0000000000035e78        0x0 j:/altera/15.0.0.145/nios2eds/bin/gnu/h-x86_64-mingw32/bin/../lib/gcc/nios2-elf/4.9.1/../../../../../H-x86_64-mingw32/nios2-elf/lib\libc.a(lib_a-memcpy.o)
 .data          0x0000000000035e78        0x0 j:/altera/15.0.0.145/nios2eds/bin/gnu/h-x86_64-mingw32/bin/../lib/gcc/nios2-elf/4.9.1/../../../../../H-x86_64-mingw32/nios2-elf/lib\libc.a(lib_a-memmove.o)
 .data          0x0000000000035e78        0x0 j:/altera/15.0.0.145/nios2eds/bin/gnu/h-x86_64-mingw32/bin/../lib/gcc/nios2-elf/4.9.1/../../../../../H-x86_64-mingw32/nios2-elf/lib\libc.a(lib_a-mprec.o)
 .data          0x0000000000035e78        0x0 j:/altera/15.0.0.145/nios2eds/bin/gnu/h-x86_64-mingw32/bin/../lib/gcc/nios2-elf/4.9.1/../../../../../H-x86_64-mingw32/nios2-elf/lib\libc.a(lib_a-putc.o)
 .data          0x0000000000035e78        0x0 j:/altera/15.0.0.145/nios2eds/bin/gnu/h-x86_64-mingw32/bin/../lib/gcc/nios2-elf/4.9.1/../../../../../H-x86_64-mingw32/nios2-elf/lib\libc.a(lib_a-reallocr.o)
 .data          0x0000000000035e78        0x0 j:/altera/15.0.0.145/nios2eds/bin/gnu/h-x86_64-mingw32/bin/../lib/gcc/nios2-elf/4.9.1/../../../../../H-x86_64-mingw32/nios2-elf/lib\libc.a(lib_a-s_fpclassify.o)
 .data          0x0000000000035e78        0x0 j:/altera/15.0.0.145/nios2eds/bin/gnu/h-x86_64-mingw32/bin/../lib/gcc/nios2-elf/4.9.1/../../../../../H-x86_64-mingw32/nios2-elf/lib\libc.a(lib_a-stdio.o)
 .data          0x0000000000035e78        0x0 j:/altera/15.0.0.145/nios2eds/bin/gnu/h-x86_64-mingw32/bin/../lib/gcc/nios2-elf/4.9.1/../../../../../H-x86_64-mingw32/nios2-elf/lib\libc.a(lib_a-strcmp.o)
 .data          0x0000000000035e78        0x0 j:/altera/15.0.0.145/nios2eds/bin/gnu/h-x86_64-mingw32/bin/../lib/gcc/nios2-elf/4.9.1/../../../../../H-x86_64-mingw32/nios2-elf/lib\libc.a(lib_a-vfiprintf.o)
 .data          0x0000000000035e78        0x0 j:/altera/15.0.0.145/nios2eds/bin/gnu/h-x86_64-mingw32/bin/../lib/gcc/nios2-elf/4.9.1/../../../../../H-x86_64-mingw32/nios2-elf/lib\libc.a(lib_a-wbuf.o)
 .data          0x0000000000035e78        0x0 j:/altera/15.0.0.145/nios2eds/bin/gnu/h-x86_64-mingw32/bin/../lib/gcc/nios2-elf/4.9.1/../../../../../H-x86_64-mingw32/nios2-elf/lib\libc.a(lib_a-writer.o)
 .data          0x0000000000035e78        0x0 j:/altera/15.0.0.145/nios2eds/bin/gnu/h-x86_64-mingw32/bin/../lib/gcc/nios2-elf/4.9.1/../../../../../H-x86_64-mingw32/nios2-elf/lib\libc.a(closer.o)
 .data          0x0000000000035e78        0x0 j:/altera/15.0.0.145/nios2eds/bin/gnu/h-x86_64-mingw32/bin/../lib/gcc/nios2-elf/4.9.1/../../../../../H-x86_64-mingw32/nios2-elf/lib\libc.a(lib_a-callocr.o)
 .data          0x0000000000035e78        0x0 j:/altera/15.0.0.145/nios2eds/bin/gnu/h-x86_64-mingw32/bin/../lib/gcc/nios2-elf/4.9.1/../../../../../H-x86_64-mingw32/nios2-elf/lib\libc.a(lib_a-fclose.o)
 .data          0x0000000000035e78        0x0 j:/altera/15.0.0.145/nios2eds/bin/gnu/h-x86_64-mingw32/bin/../lib/gcc/nios2-elf/4.9.1/../../../../../H-x86_64-mingw32/nios2-elf/lib\libc.a(lib_a-fputwc.o)
 .data          0x0000000000035e78        0x0 j:/altera/15.0.0.145/nios2eds/bin/gnu/h-x86_64-mingw32/bin/../lib/gcc/nios2-elf/4.9.1/../../../../../H-x86_64-mingw32/nios2-elf/lib\libc.a(lib_a-fstatr.o)
 .data          0x0000000000035e78        0x0 j:/altera/15.0.0.145/nios2eds/bin/gnu/h-x86_64-mingw32/bin/../lib/gcc/nios2-elf/4.9.1/../../../../../H-x86_64-mingw32/nios2-elf/lib\libc.a(lib_a-isattyr.o)
 .data          0x0000000000035e78        0x0 j:/altera/15.0.0.145/nios2eds/bin/gnu/h-x86_64-mingw32/bin/../lib/gcc/nios2-elf/4.9.1/../../../../../H-x86_64-mingw32/nios2-elf/lib\libc.a(lib_a-lseekr.o)
 .data          0x0000000000035e78        0x0 j:/altera/15.0.0.145/nios2eds/bin/gnu/h-x86_64-mingw32/bin/../lib/gcc/nios2-elf/4.9.1/../../../../../H-x86_64-mingw32/nios2-elf/lib\libc.a(lib_a-readr.o)
 .data          0x0000000000035e78        0x0 j:/altera/15.0.0.145/nios2eds/bin/gnu/h-x86_64-mingw32/bin/../lib/gcc/nios2-elf/4.9.1/../../../../../H-x86_64-mingw32/nios2-elf/lib\libc.a(lib_a-wcrtomb.o)
 .data          0x0000000000035e78        0x0 j:/altera/15.0.0.145/nios2eds/bin/gnu/h-x86_64-mingw32/bin/../lib/gcc/nios2-elf/4.9.1/../../../../../H-x86_64-mingw32/nios2-elf/lib\libc.a(lib_a-wctomb_r.o)
 .data          0x0000000000035e78        0x0 j:/altera/15.0.0.145/nios2eds/bin/gnu/h-x86_64-mingw32/bin/../lib/gcc/nios2-elf/4.9.1\libgcc.a(_udivdi3.o)
 .data          0x0000000000035e78        0x0 j:/altera/15.0.0.145/nios2eds/bin/gnu/h-x86_64-mingw32/bin/../lib/gcc/nios2-elf/4.9.1\libgcc.a(_umoddi3.o)
 .data          0x0000000000035e78        0x0 j:/altera/15.0.0.145/nios2eds/bin/gnu/h-x86_64-mingw32/bin/../lib/gcc/nios2-elf/4.9.1\libgcc.a(adddf3.o)
 .data          0x0000000000035e78        0x0 j:/altera/15.0.0.145/nios2eds/bin/gnu/h-x86_64-mingw32/bin/../lib/gcc/nios2-elf/4.9.1\libgcc.a(divdf3.o)
 .data          0x0000000000035e78        0x0 j:/altera/15.0.0.145/nios2eds/bin/gnu/h-x86_64-mingw32/bin/../lib/gcc/nios2-elf/4.9.1\libgcc.a(eqdf2.o)
 .data          0x0000000000035e78        0x0 j:/altera/15.0.0.145/nios2eds/bin/gnu/h-x86_64-mingw32/bin/../lib/gcc/nios2-elf/4.9.1\libgcc.a(gedf2.o)
 .data          0x0000000000035e78        0x0 j:/altera/15.0.0.145/nios2eds/bin/gnu/h-x86_64-mingw32/bin/../lib/gcc/nios2-elf/4.9.1\libgcc.a(ledf2.o)
 .data          0x0000000000035e78        0x0 j:/altera/15.0.0.145/nios2eds/bin/gnu/h-x86_64-mingw32/bin/../lib/gcc/nios2-elf/4.9.1\libgcc.a(muldf3.o)
 .data          0x0000000000035e78        0x0 j:/altera/15.0.0.145/nios2eds/bin/gnu/h-x86_64-mingw32/bin/../lib/gcc/nios2-elf/4.9.1\libgcc.a(subdf3.o)
 .data          0x0000000000035e78        0x0 j:/altera/15.0.0.145/nios2eds/bin/gnu/h-x86_64-mingw32/bin/../lib/gcc/nios2-elf/4.9.1\libgcc.a(fixdfsi.o)
 .data          0x0000000000035e78        0x0 j:/altera/15.0.0.145/nios2eds/bin/gnu/h-x86_64-mingw32/bin/../lib/gcc/nios2-elf/4.9.1\libgcc.a(floatsidf.o)
 .data          0x0000000000035e78        0x0 j:/altera/15.0.0.145/nios2eds/bin/gnu/h-x86_64-mingw32/bin/../lib/gcc/nios2-elf/4.9.1\libgcc.a(floatunsidf.o)
 .data          0x0000000000035e78        0x0 ../Camera_Test_bsp/\libhal_bsp.a(alt_close.o)
 .data          0x0000000000035e78      0x1a8 ../Camera_Test_bsp/\libhal_bsp.a(alt_dev.o)
                0x0000000000035e78                alt_dev_null
                0x0000000000035ea0                alt_fd_list
 .data          0x0000000000036020        0x0 ../Camera_Test_bsp/\libhal_bsp.a(alt_errno.o)
 .data          0x0000000000036020        0x0 ../Camera_Test_bsp/\libhal_bsp.a(alt_fstat.o)
 .data          0x0000000000036020        0x0 ../Camera_Test_bsp/\libhal_bsp.a(alt_isatty.o)
 .data          0x0000000000036020        0x0 ../Camera_Test_bsp/\libhal_bsp.a(alt_load.o)
 .data          0x0000000000036020        0x0 ../Camera_Test_bsp/\libhal_bsp.a(alt_lseek.o)
 .data          0x0000000000036020        0x0 ../Camera_Test_bsp/\libhal_bsp.a(alt_main.o)
 .data          0x0000000000036020        0x0 ../Camera_Test_bsp/\libhal_bsp.a(alt_malloc_lock.o)
 .data          0x0000000000036020        0x0 ../Camera_Test_bsp/\libhal_bsp.a(alt_read.o)
 .data          0x0000000000036020        0x0 ../Camera_Test_bsp/\libhal_bsp.a(alt_release_fd.o)
 .data          0x0000000000036020        0x0 ../Camera_Test_bsp/\libhal_bsp.a(alt_sbrk.o)
 .data          0x0000000000036020        0x0 ../Camera_Test_bsp/\libhal_bsp.a(alt_tick.o)
 .data          0x0000000000036020        0x0 ../Camera_Test_bsp/\libhal_bsp.a(alt_usleep.o)
 .data          0x0000000000036020        0x0 ../Camera_Test_bsp/\libhal_bsp.a(alt_write.o)
 .data          0x0000000000036020     0x1060 ../Camera_Test_bsp/\libhal_bsp.a(alt_sys_init.o)
 .data          0x0000000000037080        0x0 ../Camera_Test_bsp/\libhal_bsp.a(altera_avalon_jtag_uart_fd.o)
 .data          0x0000000000037080        0x0 ../Camera_Test_bsp/\libhal_bsp.a(altera_avalon_jtag_uart_init.o)
 .data          0x0000000000037080        0x0 ../Camera_Test_bsp/\libhal_bsp.a(altera_avalon_jtag_uart_ioctl.o)
 .data          0x0000000000037080        0x0 ../Camera_Test_bsp/\libhal_bsp.a(altera_avalon_jtag_uart_read.o)
 .data          0x0000000000037080        0x0 ../Camera_Test_bsp/\libhal_bsp.a(altera_avalon_jtag_uart_write.o)
 .data          0x0000000000037080        0x0 ../Camera_Test_bsp/\libhal_bsp.a(altera_avalon_timer_sc.o)
 .data          0x0000000000037080        0x0 ../Camera_Test_bsp/\libhal_bsp.a(alt_alarm_start.o)
 .data          0x0000000000037080        0x0 ../Camera_Test_bsp/\libhal_bsp.a(alt_busy_sleep.o)
 .data          0x0000000000037080        0x0 ../Camera_Test_bsp/\libhal_bsp.a(alt_dcache_flush_all.o)
 .data          0x0000000000037080        0x0 ../Camera_Test_bsp/\libhal_bsp.a(alt_dev_llist_insert.o)
 .data          0x0000000000037080        0x0 ../Camera_Test_bsp/\libhal_bsp.a(alt_do_ctors.o)
 .data          0x0000000000037080        0x0 ../Camera_Test_bsp/\libhal_bsp.a(alt_do_dtors.o)
 .data          0x0000000000037080        0x0 ../Camera_Test_bsp/\libhal_bsp.a(alt_icache_flush_all.o)
 .data          0x0000000000037080        0x0 ../Camera_Test_bsp/\libhal_bsp.a(alt_iic.o)
 .data          0x0000000000037080        0x0 ../Camera_Test_bsp/\libhal_bsp.a(alt_iic_isr_register.o)
 .data          0x0000000000037080        0x0 ../Camera_Test_bsp/\libhal_bsp.a(alt_io_redirect.o)
 .data          0x0000000000037080        0x0 ../Camera_Test_bsp/\libhal_bsp.a(alt_irq_entry.o)
 .data          0x0000000000037080        0x0 ../Camera_Test_bsp/\libhal_bsp.a(alt_irq_handler.o)
 .data          0x0000000000037080        0x0 ../Camera_Test_bsp/\libhal_bsp.a(alt_irq_vars.o)
 .data          0x0000000000037080        0x0 ../Camera_Test_bsp/\libhal_bsp.a(alt_open.o)
 .data          0x0000000000037080        0x0 ../Camera_Test_bsp/\libhal_bsp.a(altera_nios2_gen2_irq.o)
 .data          0x0000000000037080        0x0 ../Camera_Test_bsp/\libhal_bsp.a(alt_exception_entry.o)
 .data          0x0000000000037080        0x0 ../Camera_Test_bsp/\libhal_bsp.a(alt_find_dev.o)
 .data          0x0000000000037080        0x0 ../Camera_Test_bsp/\libhal_bsp.a(alt_find_file.o)
 .data          0x0000000000037080        0x0 ../Camera_Test_bsp/\libhal_bsp.a(alt_get_fd.o)
 .data          0x0000000000037080        0x0 ../Camera_Test_bsp/\libhal_bsp.a(alt_icache_flush.o)
 .data          0x0000000000037080        0x0 ../Camera_Test_bsp/\libhal_bsp.a(alt_instruction_exception_entry.o)
 .data          0x0000000000037080        0x0 j:/altera/15.0.0.145/nios2eds/bin/gnu/h-x86_64-mingw32/bin/../lib/gcc/nios2-elf/4.9.1/../../../../../H-x86_64-mingw32/nios2-elf/lib\libc.a(lib_a-atexit.o)
 .data          0x0000000000037080        0x0 j:/altera/15.0.0.145/nios2eds/bin/gnu/h-x86_64-mingw32/bin/../lib/gcc/nios2-elf/4.9.1/../../../../../H-x86_64-mingw32/nios2-elf/lib\libc.a(lib_a-exit.o)
 .data          0x0000000000037080        0x0 j:/altera/15.0.0.145/nios2eds/bin/gnu/h-x86_64-mingw32/bin/../lib/gcc/nios2-elf/4.9.1/../../../../../H-x86_64-mingw32/nios2-elf/lib\libc.a(lib_a-memcmp.o)
 .data          0x0000000000037080        0x0 j:/altera/15.0.0.145/nios2eds/bin/gnu/h-x86_64-mingw32/bin/../lib/gcc/nios2-elf/4.9.1/../../../../../H-x86_64-mingw32/nios2-elf/lib\libc.a(lib_a-__atexit.o)
 .data          0x0000000000037080        0x0 j:/altera/15.0.0.145/nios2eds/bin/gnu/h-x86_64-mingw32/bin/../lib/gcc/nios2-elf/4.9.1/../../../../../H-x86_64-mingw32/nios2-elf/lib\libc.a(lib_a-__call_atexit.o)
 .data          0x0000000000037080        0x0 ../Camera_Test_bsp/\libhal_bsp.a(alt_exit.o)
                0x000000000003f080                _gp = ABSOLUTE ((. + 0x8000))
                0x000000000003f080                PROVIDE (gp, _gp)
 *(.rwdata .rwdata.*)
 *(.sdata .sdata.* .gnu.linkonce.s.*)
 .sdata         0x0000000000037080        0xc obj/default/auto_focus.o
                0x0000000000037080                video_w
                0x0000000000037082                video_h
                0x0000000000037084                focus_width
                0x0000000000037086                focus_height
                0x0000000000037088                focus_scal
                0x0000000000037089                focus_scal_f
                0x000000000003708a                focus_th
 .sdata         0x000000000003708c        0x8 j:/altera/15.0.0.145/nios2eds/bin/gnu/h-x86_64-mingw32/bin/../lib/gcc/nios2-elf/4.9.1/../../../../../H-x86_64-mingw32/nios2-elf/lib\libc.a(lib_a-mallocr.o)
                0x000000000003708c                __malloc_sbrk_base
                0x0000000000037090                __malloc_trim_threshold
 .sdata         0x0000000000037094        0x8 j:/altera/15.0.0.145/nios2eds/bin/gnu/h-x86_64-mingw32/bin/../lib/gcc/nios2-elf/4.9.1/../../../../../H-x86_64-mingw32/nios2-elf/lib\libc.a(lib_a-impure.o)
                0x0000000000037094                _global_impure_ptr
                0x0000000000037098                _impure_ptr
 .sdata         0x000000000003709c        0x4 j:/altera/15.0.0.145/nios2eds/bin/gnu/h-x86_64-mingw32/bin/../lib/gcc/nios2-elf/4.9.1/../../../../../H-x86_64-mingw32/nios2-elf/lib\libc.a(lib_a-locale.o)
                0x000000000003709c                __mb_cur_max
 .sdata         0x00000000000370a0        0x4 j:/altera/15.0.0.145/nios2eds/bin/gnu/h-x86_64-mingw32/bin/../lib/gcc/nios2-elf/4.9.1/../../../../../H-x86_64-mingw32/nios2-elf/lib\libc.a(lib_a-wctomb_r.o)
                0x00000000000370a0                __wctomb
 .sdata         0x00000000000370a4       0x14 ../Camera_Test_bsp/\libhal_bsp.a(alt_dev.o)
                0x00000000000370a4                alt_fs_list
                0x00000000000370ac                alt_dev_list
                0x00000000000370b4                alt_max_fd
 .sdata         0x00000000000370b8        0x4 ../Camera_Test_bsp/\libhal_bsp.a(alt_errno.o)
                0x00000000000370b8                alt_errno
 .sdata         0x00000000000370bc        0x4 ../Camera_Test_bsp/\libhal_bsp.a(alt_sbrk.o)
 .sdata         0x00000000000370c0        0x8 ../Camera_Test_bsp/\libhal_bsp.a(alt_tick.o)
                0x00000000000370c0                alt_alarm_list
 .sdata         0x00000000000370c8        0x4 ../Camera_Test_bsp/\libhal_bsp.a(alt_irq_vars.o)
                0x00000000000370c8                alt_priority_mask
 *(.sdata2 .sdata2.* .gnu.linkonce.s2.*)
                0x00000000000370cc                . = ALIGN (0x4)
                0x00000000000370cc                _edata = ABSOLUTE (.)
                0x00000000000370cc                PROVIDE (edata, ABSOLUTE (.))
                0x00000000000370cc                PROVIDE (__ram_rwdata_end, ABSOLUTE (.))
                0x00000000000370cc                PROVIDE (__flash_rwdata_start, LOADADDR (.rwdata))

.bss            0x000000000003935c      0x1e8
                0x000000000003935c                __bss_start = ABSOLUTE (.)
                0x000000000003935c                PROVIDE (__sbss_start, ABSOLUTE (.))
                0x000000000003935c                PROVIDE (___sbss_start, ABSOLUTE (.))
 *(.dynsbss)
 *(.sbss .sbss.* .gnu.linkonce.sb.*)
 .sbss          0x000000000003935c        0xc j:/altera/15.0.0.145/nios2eds/bin/gnu/h-x86_64-mingw32/bin/../lib/gcc/nios2-elf/4.9.1/../../../../../H-x86_64-mingw32/nios2-elf/lib\libc.a(lib_a-mallocr.o)
                0x000000000003935c                __malloc_max_total_mem
                0x0000000000039360                __malloc_max_sbrked_mem
                0x0000000000039364                __malloc_top_pad
 .sbss          0x0000000000039368        0x4 j:/altera/15.0.0.145/nios2eds/bin/gnu/h-x86_64-mingw32/bin/../lib/gcc/nios2-elf/4.9.1/../../../../../H-x86_64-mingw32/nios2-elf/lib\libc.a(lib_a-int_errno.o)
                0x0000000000039368                errno
 .sbss          0x000000000003936c        0xc j:/altera/15.0.0.145/nios2eds/bin/gnu/h-x86_64-mingw32/bin/../lib/gcc/nios2-elf/4.9.1/../../../../../H-x86_64-mingw32/nios2-elf/lib\libc.a(lib_a-locale.o)
                0x000000000003936c                _PathLocale
                0x0000000000039370                __mlocale_changed
                0x0000000000039374                __nlocale_changed
 .sbss          0x0000000000039378        0xc ../Camera_Test_bsp/\libhal_bsp.a(alt_main.o)
                0x0000000000039378                alt_argc
                0x000000000003937c                alt_argv
                0x0000000000039380                alt_envp
 .sbss          0x0000000000039384        0x8 ../Camera_Test_bsp/\libhal_bsp.a(alt_tick.o)
                0x0000000000039384                _alt_tick_rate
                0x0000000000039388                _alt_nticks
 .sbss          0x000000000003938c        0x4 ../Camera_Test_bsp/\libhal_bsp.a(alt_irq_vars.o)
                0x000000000003938c                alt_irq_active
 .sbss          0x0000000000039390        0x4 ../Camera_Test_bsp/\libhal_bsp.a(alt_instruction_exception_entry.o)
                0x0000000000039390                alt_instruction_exception_handler
 *(.sbss2 .sbss2.* .gnu.linkonce.sb2.*)
 *(.scommon)
                0x0000000000039394                PROVIDE (__sbss_end, ABSOLUTE (.))
                0x0000000000039394                PROVIDE (___sbss_end, ABSOLUTE (.))
 *(.dynbss)
 *(.bss .bss.* .gnu.linkonce.b.*)
 .bss           0x0000000000039394        0x0 ../Camera_Test_bsp//obj/HAL/src/crt0.o
 .bss           0x0000000000039394        0x0 obj/default/I2C_core.o
 .bss           0x0000000000039394        0x0 obj/default/auto_focus.o
 .bss           0x0000000000039394        0x0 obj/default/main.o
 .bss           0x0000000000039394        0x0 obj/default/mipi_bridge_config.o
 .bss           0x0000000000039394        0x0 obj/default/mipi_camera_config.o
 .bss           0x0000000000039394        0x0 obj/default/mixerii_config.o
 .bss           0x0000000000039394        0x0 obj/default/picture_in_picture.o
 .bss           0x0000000000039394        0x0 obj/default/queue.o
 .bss           0x0000000000039394        0x0 obj/default/scalerii_config.o
 .bss           0x0000000000039394        0x0 j:/altera/15.0.0.145/nios2eds/bin/gnu/h-x86_64-mingw32/bin/../lib/gcc/nios2-elf/4.9.1\libgcc.a(_fixunssfsi.o)
 .bss           0x0000000000039394        0x0 j:/altera/15.0.0.145/nios2eds/bin/gnu/h-x86_64-mingw32/bin/../lib/gcc/nios2-elf/4.9.1\libgcc.a(lib2-divmod.o)
 .bss           0x0000000000039394        0x0 j:/altera/15.0.0.145/nios2eds/bin/gnu/h-x86_64-mingw32/bin/../lib/gcc/nios2-elf/4.9.1\libgcc.a(addsf3.o)
 .bss           0x0000000000039394        0x0 j:/altera/15.0.0.145/nios2eds/bin/gnu/h-x86_64-mingw32/bin/../lib/gcc/nios2-elf/4.9.1\libgcc.a(divsf3.o)
 .bss           0x0000000000039394        0x0 j:/altera/15.0.0.145/nios2eds/bin/gnu/h-x86_64-mingw32/bin/../lib/gcc/nios2-elf/4.9.1\libgcc.a(gesf2.o)
 .bss           0x0000000000039394        0x0 j:/altera/15.0.0.145/nios2eds/bin/gnu/h-x86_64-mingw32/bin/../lib/gcc/nios2-elf/4.9.1\libgcc.a(mulsf3.o)
 .bss           0x0000000000039394        0x0 j:/altera/15.0.0.145/nios2eds/bin/gnu/h-x86_64-mingw32/bin/../lib/gcc/nios2-elf/4.9.1\libgcc.a(subsf3.o)
 .bss           0x0000000000039394        0x0 j:/altera/15.0.0.145/nios2eds/bin/gnu/h-x86_64-mingw32/bin/../lib/gcc/nios2-elf/4.9.1\libgcc.a(fixsfsi.o)
 .bss           0x0000000000039394        0x0 j:/altera/15.0.0.145/nios2eds/bin/gnu/h-x86_64-mingw32/bin/../lib/gcc/nios2-elf/4.9.1\libgcc.a(floatsisf.o)
 .bss           0x0000000000039394        0x0 j:/altera/15.0.0.145/nios2eds/bin/gnu/h-x86_64-mingw32/bin/../lib/gcc/nios2-elf/4.9.1\libgcc.a(floatunsisf.o)
 .bss           0x0000000000039394        0x0 j:/altera/15.0.0.145/nios2eds/bin/gnu/h-x86_64-mingw32/bin/../lib/gcc/nios2-elf/4.9.1\libgcc.a(_clzsi2.o)
 .bss           0x0000000000039394        0x0 j:/altera/15.0.0.145/nios2eds/bin/gnu/h-x86_64-mingw32/bin/../lib/gcc/nios2-elf/4.9.1\libgcc.a(_clz.o)
 .bss           0x0000000000039394        0x0 j:/altera/15.0.0.145/nios2eds/bin/gnu/h-x86_64-mingw32/bin/../lib/gcc/nios2-elf/4.9.1/../../../../../H-x86_64-mingw32/nios2-elf/lib\libc.a(lib_a-malloc.o)
 .bss           0x0000000000039394       0x28 j:/altera/15.0.0.145/nios2eds/bin/gnu/h-x86_64-mingw32/bin/../lib/gcc/nios2-elf/4.9.1/../../../../../H-x86_64-mingw32/nios2-elf/lib\libc.a(lib_a-mallocr.o)
                0x0000000000039394                __malloc_current_mallinfo
 .bss           0x00000000000393bc        0x0 j:/altera/15.0.0.145/nios2eds/bin/gnu/h-x86_64-mingw32/bin/../lib/gcc/nios2-elf/4.9.1/../../../../../H-x86_64-mingw32/nios2-elf/lib\libc.a(lib_a-memset.o)
 .bss           0x00000000000393bc        0x0 j:/altera/15.0.0.145/nios2eds/bin/gnu/h-x86_64-mingw32/bin/../lib/gcc/nios2-elf/4.9.1/../../../../../H-x86_64-mingw32/nios2-elf/lib\libc.a(lib_a-printf.o)
 .bss           0x00000000000393bc        0x0 j:/altera/15.0.0.145/nios2eds/bin/gnu/h-x86_64-mingw32/bin/../lib/gcc/nios2-elf/4.9.1/../../../../../H-x86_64-mingw32/nios2-elf/lib\libc.a(lib_a-putchar.o)
 .bss           0x00000000000393bc        0x0 j:/altera/15.0.0.145/nios2eds/bin/gnu/h-x86_64-mingw32/bin/../lib/gcc/nios2-elf/4.9.1/../../../../../H-x86_64-mingw32/nios2-elf/lib\libc.a(lib_a-puts.o)
 .bss           0x00000000000393bc        0x0 j:/altera/15.0.0.145/nios2eds/bin/gnu/h-x86_64-mingw32/bin/../lib/gcc/nios2-elf/4.9.1/../../../../../H-x86_64-mingw32/nios2-elf/lib\libc.a(lib_a-sbrkr.o)
 .bss           0x00000000000393bc        0x0 j:/altera/15.0.0.145/nios2eds/bin/gnu/h-x86_64-mingw32/bin/../lib/gcc/nios2-elf/4.9.1/../../../../../H-x86_64-mingw32/nios2-elf/lib\libc.a(lib_a-strlen.o)
 .bss           0x00000000000393bc        0x0 j:/altera/15.0.0.145/nios2eds/bin/gnu/h-x86_64-mingw32/bin/../lib/gcc/nios2-elf/4.9.1/../../../../../H-x86_64-mingw32/nios2-elf/lib\libc.a(lib_a-vfprintf.o)
 .bss           0x00000000000393bc        0x0 j:/altera/15.0.0.145/nios2eds/bin/gnu/h-x86_64-mingw32/bin/../lib/gcc/nios2-elf/4.9.1/../../../../../H-x86_64-mingw32/nios2-elf/lib\libc.a(lib_a-wsetup.o)
 .bss           0x00000000000393bc        0x0 j:/altera/15.0.0.145/nios2eds/bin/gnu/h-x86_64-mingw32/bin/../lib/gcc/nios2-elf/4.9.1/../../../../../H-x86_64-mingw32/nios2-elf/lib\libc.a(lib_a-dtoa.o)
 .bss           0x00000000000393bc        0x0 j:/altera/15.0.0.145/nios2eds/bin/gnu/h-x86_64-mingw32/bin/../lib/gcc/nios2-elf/4.9.1/../../../../../H-x86_64-mingw32/nios2-elf/lib\libc.a(lib_a-fflush.o)
 .bss           0x00000000000393bc        0x0 j:/altera/15.0.0.145/nios2eds/bin/gnu/h-x86_64-mingw32/bin/../lib/gcc/nios2-elf/4.9.1/../../../../../H-x86_64-mingw32/nios2-elf/lib\libc.a(lib_a-findfp.o)
 .bss           0x00000000000393bc        0x0 j:/altera/15.0.0.145/nios2eds/bin/gnu/h-x86_64-mingw32/bin/../lib/gcc/nios2-elf/4.9.1/../../../../../H-x86_64-mingw32/nios2-elf/lib\libc.a(lib_a-freer.o)
 .bss           0x00000000000393bc        0x0 j:/altera/15.0.0.145/nios2eds/bin/gnu/h-x86_64-mingw32/bin/../lib/gcc/nios2-elf/4.9.1/../../../../../H-x86_64-mingw32/nios2-elf/lib\libc.a(lib_a-fvwrite.o)
 .bss           0x00000000000393bc        0x0 j:/altera/15.0.0.145/nios2eds/bin/gnu/h-x86_64-mingw32/bin/../lib/gcc/nios2-elf/4.9.1/../../../../../H-x86_64-mingw32/nios2-elf/lib\libc.a(lib_a-fwalk.o)
 .bss           0x00000000000393bc        0x0 j:/altera/15.0.0.145/nios2eds/bin/gnu/h-x86_64-mingw32/bin/../lib/gcc/nios2-elf/4.9.1/../../../../../H-x86_64-mingw32/nios2-elf/lib\libc.a(lib_a-impure.o)
 .bss           0x00000000000393bc        0x0 j:/altera/15.0.0.145/nios2eds/bin/gnu/h-x86_64-mingw32/bin/../lib/gcc/nios2-elf/4.9.1/../../../../../H-x86_64-mingw32/nios2-elf/lib\libc.a(lib_a-int_errno.o)
 .bss           0x00000000000393bc        0x0 j:/altera/15.0.0.145/nios2eds/bin/gnu/h-x86_64-mingw32/bin/../lib/gcc/nios2-elf/4.9.1/../../../../../H-x86_64-mingw32/nios2-elf/lib\libc.a(lib_a-locale.o)
 .bss           0x00000000000393bc        0x0 j:/altera/15.0.0.145/nios2eds/bin/gnu/h-x86_64-mingw32/bin/../lib/gcc/nios2-elf/4.9.1/../../../../../H-x86_64-mingw32/nios2-elf/lib\libc.a(lib_a-makebuf.o)
 .bss           0x00000000000393bc        0x0 j:/altera/15.0.0.145/nios2eds/bin/gnu/h-x86_64-mingw32/bin/../lib/gcc/nios2-elf/4.9.1/../../../../../H-x86_64-mingw32/nios2-elf/lib\libc.a(lib_a-memchr.o)
 .bss           0x00000000000393bc        0x0 j:/altera/15.0.0.145/nios2eds/bin/gnu/h-x86_64-mingw32/bin/../lib/gcc/nios2-elf/4.9.1/../../../../../H-x86_64-mingw32/nios2-elf/lib\libc.a(lib_a-memcpy.o)
 .bss           0x00000000000393bc        0x0 j:/altera/15.0.0.145/nios2eds/bin/gnu/h-x86_64-mingw32/bin/../lib/gcc/nios2-elf/4.9.1/../../../../../H-x86_64-mingw32/nios2-elf/lib\libc.a(lib_a-memmove.o)
 .bss           0x00000000000393bc        0x0 j:/altera/15.0.0.145/nios2eds/bin/gnu/h-x86_64-mingw32/bin/../lib/gcc/nios2-elf/4.9.1/../../../../../H-x86_64-mingw32/nios2-elf/lib\libc.a(lib_a-mprec.o)
 .bss           0x00000000000393bc        0x0 j:/altera/15.0.0.145/nios2eds/bin/gnu/h-x86_64-mingw32/bin/../lib/gcc/nios2-elf/4.9.1/../../../../../H-x86_64-mingw32/nios2-elf/lib\libc.a(lib_a-putc.o)
 .bss           0x00000000000393bc        0x0 j:/altera/15.0.0.145/nios2eds/bin/gnu/h-x86_64-mingw32/bin/../lib/gcc/nios2-elf/4.9.1/../../../../../H-x86_64-mingw32/nios2-elf/lib\libc.a(lib_a-reallocr.o)
 .bss           0x00000000000393bc        0x0 j:/altera/15.0.0.145/nios2eds/bin/gnu/h-x86_64-mingw32/bin/../lib/gcc/nios2-elf/4.9.1/../../../../../H-x86_64-mingw32/nios2-elf/lib\libc.a(lib_a-s_fpclassify.o)
 .bss           0x00000000000393bc        0x0 j:/altera/15.0.0.145/nios2eds/bin/gnu/h-x86_64-mingw32/bin/../lib/gcc/nios2-elf/4.9.1/../../../../../H-x86_64-mingw32/nios2-elf/lib\libc.a(lib_a-stdio.o)
 .bss           0x00000000000393bc        0x0 j:/altera/15.0.0.145/nios2eds/bin/gnu/h-x86_64-mingw32/bin/../lib/gcc/nios2-elf/4.9.1/../../../../../H-x86_64-mingw32/nios2-elf/lib\libc.a(lib_a-strcmp.o)
 .bss           0x00000000000393bc        0x0 j:/altera/15.0.0.145/nios2eds/bin/gnu/h-x86_64-mingw32/bin/../lib/gcc/nios2-elf/4.9.1/../../../../../H-x86_64-mingw32/nios2-elf/lib\libc.a(lib_a-vfiprintf.o)
 .bss           0x00000000000393bc        0x0 j:/altera/15.0.0.145/nios2eds/bin/gnu/h-x86_64-mingw32/bin/../lib/gcc/nios2-elf/4.9.1/../../../../../H-x86_64-mingw32/nios2-elf/lib\libc.a(lib_a-wbuf.o)
 .bss           0x00000000000393bc        0x0 j:/altera/15.0.0.145/nios2eds/bin/gnu/h-x86_64-mingw32/bin/../lib/gcc/nios2-elf/4.9.1/../../../../../H-x86_64-mingw32/nios2-elf/lib\libc.a(lib_a-writer.o)
 .bss           0x00000000000393bc        0x0 j:/altera/15.0.0.145/nios2eds/bin/gnu/h-x86_64-mingw32/bin/../lib/gcc/nios2-elf/4.9.1/../../../../../H-x86_64-mingw32/nios2-elf/lib\libc.a(closer.o)
 .bss           0x00000000000393bc        0x0 j:/altera/15.0.0.145/nios2eds/bin/gnu/h-x86_64-mingw32/bin/../lib/gcc/nios2-elf/4.9.1/../../../../../H-x86_64-mingw32/nios2-elf/lib\libc.a(lib_a-callocr.o)
 .bss           0x00000000000393bc        0x0 j:/altera/15.0.0.145/nios2eds/bin/gnu/h-x86_64-mingw32/bin/../lib/gcc/nios2-elf/4.9.1/../../../../../H-x86_64-mingw32/nios2-elf/lib\libc.a(lib_a-fclose.o)
 .bss           0x00000000000393bc        0x0 j:/altera/15.0.0.145/nios2eds/bin/gnu/h-x86_64-mingw32/bin/../lib/gcc/nios2-elf/4.9.1/../../../../../H-x86_64-mingw32/nios2-elf/lib\libc.a(lib_a-fputwc.o)
 .bss           0x00000000000393bc        0x0 j:/altera/15.0.0.145/nios2eds/bin/gnu/h-x86_64-mingw32/bin/../lib/gcc/nios2-elf/4.9.1/../../../../../H-x86_64-mingw32/nios2-elf/lib\libc.a(lib_a-fstatr.o)
 .bss           0x00000000000393bc        0x0 j:/altera/15.0.0.145/nios2eds/bin/gnu/h-x86_64-mingw32/bin/../lib/gcc/nios2-elf/4.9.1/../../../../../H-x86_64-mingw32/nios2-elf/lib\libc.a(lib_a-isattyr.o)
 .bss           0x00000000000393bc        0x0 j:/altera/15.0.0.145/nios2eds/bin/gnu/h-x86_64-mingw32/bin/../lib/gcc/nios2-elf/4.9.1/../../../../../H-x86_64-mingw32/nios2-elf/lib\libc.a(lib_a-lseekr.o)
 .bss           0x00000000000393bc        0x0 j:/altera/15.0.0.145/nios2eds/bin/gnu/h-x86_64-mingw32/bin/../lib/gcc/nios2-elf/4.9.1/../../../../../H-x86_64-mingw32/nios2-elf/lib\libc.a(lib_a-readr.o)
 .bss           0x00000000000393bc        0x0 j:/altera/15.0.0.145/nios2eds/bin/gnu/h-x86_64-mingw32/bin/../lib/gcc/nios2-elf/4.9.1/../../../../../H-x86_64-mingw32/nios2-elf/lib\libc.a(lib_a-wcrtomb.o)
 .bss           0x00000000000393bc        0x0 j:/altera/15.0.0.145/nios2eds/bin/gnu/h-x86_64-mingw32/bin/../lib/gcc/nios2-elf/4.9.1/../../../../../H-x86_64-mingw32/nios2-elf/lib\libc.a(lib_a-wctomb_r.o)
 .bss           0x00000000000393bc        0x0 j:/altera/15.0.0.145/nios2eds/bin/gnu/h-x86_64-mingw32/bin/../lib/gcc/nios2-elf/4.9.1\libgcc.a(_udivdi3.o)
 .bss           0x00000000000393bc        0x0 j:/altera/15.0.0.145/nios2eds/bin/gnu/h-x86_64-mingw32/bin/../lib/gcc/nios2-elf/4.9.1\libgcc.a(_umoddi3.o)
 .bss           0x00000000000393bc        0x0 j:/altera/15.0.0.145/nios2eds/bin/gnu/h-x86_64-mingw32/bin/../lib/gcc/nios2-elf/4.9.1\libgcc.a(adddf3.o)
 .bss           0x00000000000393bc        0x0 j:/altera/15.0.0.145/nios2eds/bin/gnu/h-x86_64-mingw32/bin/../lib/gcc/nios2-elf/4.9.1\libgcc.a(divdf3.o)
 .bss           0x00000000000393bc        0x0 j:/altera/15.0.0.145/nios2eds/bin/gnu/h-x86_64-mingw32/bin/../lib/gcc/nios2-elf/4.9.1\libgcc.a(eqdf2.o)
 .bss           0x00000000000393bc        0x0 j:/altera/15.0.0.145/nios2eds/bin/gnu/h-x86_64-mingw32/bin/../lib/gcc/nios2-elf/4.9.1\libgcc.a(gedf2.o)
 .bss           0x00000000000393bc        0x0 j:/altera/15.0.0.145/nios2eds/bin/gnu/h-x86_64-mingw32/bin/../lib/gcc/nios2-elf/4.9.1\libgcc.a(ledf2.o)
 .bss           0x00000000000393bc        0x0 j:/altera/15.0.0.145/nios2eds/bin/gnu/h-x86_64-mingw32/bin/../lib/gcc/nios2-elf/4.9.1\libgcc.a(muldf3.o)
 .bss           0x00000000000393bc        0x0 j:/altera/15.0.0.145/nios2eds/bin/gnu/h-x86_64-mingw32/bin/../lib/gcc/nios2-elf/4.9.1\libgcc.a(subdf3.o)
 .bss           0x00000000000393bc        0x0 j:/altera/15.0.0.145/nios2eds/bin/gnu/h-x86_64-mingw32/bin/../lib/gcc/nios2-elf/4.9.1\libgcc.a(fixdfsi.o)
 .bss           0x00000000000393bc        0x0 j:/altera/15.0.0.145/nios2eds/bin/gnu/h-x86_64-mingw32/bin/../lib/gcc/nios2-elf/4.9.1\libgcc.a(floatsidf.o)
 .bss           0x00000000000393bc        0x0 j:/altera/15.0.0.145/nios2eds/bin/gnu/h-x86_64-mingw32/bin/../lib/gcc/nios2-elf/4.9.1\libgcc.a(floatunsidf.o)
 .bss           0x00000000000393bc        0x0 ../Camera_Test_bsp/\libhal_bsp.a(alt_close.o)
 .bss           0x00000000000393bc        0x0 ../Camera_Test_bsp/\libhal_bsp.a(alt_dev.o)
 .bss           0x00000000000393bc        0x0 ../Camera_Test_bsp/\libhal_bsp.a(alt_errno.o)
 .bss           0x00000000000393bc        0x0 ../Camera_Test_bsp/\libhal_bsp.a(alt_fstat.o)
 .bss           0x00000000000393bc        0x0 ../Camera_Test_bsp/\libhal_bsp.a(alt_isatty.o)
 .bss           0x00000000000393bc        0x0 ../Camera_Test_bsp/\libhal_bsp.a(alt_load.o)
 .bss           0x00000000000393bc        0x0 ../Camera_Test_bsp/\libhal_bsp.a(alt_lseek.o)
 .bss           0x00000000000393bc        0x0 ../Camera_Test_bsp/\libhal_bsp.a(alt_main.o)
 .bss           0x00000000000393bc        0x0 ../Camera_Test_bsp/\libhal_bsp.a(alt_malloc_lock.o)
 .bss           0x00000000000393bc        0x0 ../Camera_Test_bsp/\libhal_bsp.a(alt_read.o)
 .bss           0x00000000000393bc        0x0 ../Camera_Test_bsp/\libhal_bsp.a(alt_release_fd.o)
 .bss           0x00000000000393bc        0x0 ../Camera_Test_bsp/\libhal_bsp.a(alt_sbrk.o)
 .bss           0x00000000000393bc        0x0 ../Camera_Test_bsp/\libhal_bsp.a(alt_tick.o)
 .bss           0x00000000000393bc        0x0 ../Camera_Test_bsp/\libhal_bsp.a(alt_usleep.o)
 .bss           0x00000000000393bc        0x0 ../Camera_Test_bsp/\libhal_bsp.a(alt_write.o)
 .bss           0x00000000000393bc        0x0 ../Camera_Test_bsp/\libhal_bsp.a(alt_sys_init.o)
 .bss           0x00000000000393bc        0x0 ../Camera_Test_bsp/\libhal_bsp.a(altera_avalon_jtag_uart_fd.o)
 .bss           0x00000000000393bc        0x0 ../Camera_Test_bsp/\libhal_bsp.a(altera_avalon_jtag_uart_init.o)
 .bss           0x00000000000393bc        0x0 ../Camera_Test_bsp/\libhal_bsp.a(altera_avalon_jtag_uart_ioctl.o)
 .bss           0x00000000000393bc        0x0 ../Camera_Test_bsp/\libhal_bsp.a(altera_avalon_jtag_uart_read.o)
 .bss           0x00000000000393bc        0x0 ../Camera_Test_bsp/\libhal_bsp.a(altera_avalon_jtag_uart_write.o)
 .bss           0x00000000000393bc        0x0 ../Camera_Test_bsp/\libhal_bsp.a(altera_avalon_timer_sc.o)
 .bss           0x00000000000393bc        0x0 ../Camera_Test_bsp/\libhal_bsp.a(alt_alarm_start.o)
 .bss           0x00000000000393bc        0x0 ../Camera_Test_bsp/\libhal_bsp.a(alt_busy_sleep.o)
 .bss           0x00000000000393bc        0x0 ../Camera_Test_bsp/\libhal_bsp.a(alt_dcache_flush_all.o)
 .bss           0x00000000000393bc        0x0 ../Camera_Test_bsp/\libhal_bsp.a(alt_dev_llist_insert.o)
 .bss           0x00000000000393bc        0x0 ../Camera_Test_bsp/\libhal_bsp.a(alt_do_ctors.o)
 .bss           0x00000000000393bc        0x0 ../Camera_Test_bsp/\libhal_bsp.a(alt_do_dtors.o)
 .bss           0x00000000000393bc        0x0 ../Camera_Test_bsp/\libhal_bsp.a(alt_icache_flush_all.o)
 .bss           0x00000000000393bc        0x0 ../Camera_Test_bsp/\libhal_bsp.a(alt_iic.o)
 .bss           0x00000000000393bc        0x0 ../Camera_Test_bsp/\libhal_bsp.a(alt_iic_isr_register.o)
 .bss           0x00000000000393bc        0x0 ../Camera_Test_bsp/\libhal_bsp.a(alt_io_redirect.o)
 .bss           0x00000000000393bc        0x0 ../Camera_Test_bsp/\libhal_bsp.a(alt_irq_entry.o)
 .bss           0x00000000000393bc        0x0 ../Camera_Test_bsp/\libhal_bsp.a(alt_irq_handler.o)
 .bss           0x00000000000393bc        0x0 ../Camera_Test_bsp/\libhal_bsp.a(alt_irq_vars.o)
 .bss           0x00000000000393bc        0x0 ../Camera_Test_bsp/\libhal_bsp.a(alt_open.o)
 .bss           0x00000000000393bc        0x0 ../Camera_Test_bsp/\libhal_bsp.a(altera_nios2_gen2_irq.o)
 .bss           0x00000000000393bc        0x0 ../Camera_Test_bsp/\libhal_bsp.a(alt_exception_entry.o)
 .bss           0x00000000000393bc        0x0 ../Camera_Test_bsp/\libhal_bsp.a(alt_find_dev.o)
 .bss           0x00000000000393bc        0x0 ../Camera_Test_bsp/\libhal_bsp.a(alt_find_file.o)
 .bss           0x00000000000393bc        0x0 ../Camera_Test_bsp/\libhal_bsp.a(alt_get_fd.o)
 .bss           0x00000000000393bc        0x0 ../Camera_Test_bsp/\libhal_bsp.a(alt_icache_flush.o)
 .bss           0x00000000000393bc        0x0 ../Camera_Test_bsp/\libhal_bsp.a(alt_instruction_exception_entry.o)
 .bss           0x00000000000393bc        0x0 j:/altera/15.0.0.145/nios2eds/bin/gnu/h-x86_64-mingw32/bin/../lib/gcc/nios2-elf/4.9.1/../../../../../H-x86_64-mingw32/nios2-elf/lib\libc.a(lib_a-atexit.o)
 .bss           0x00000000000393bc        0x0 j:/altera/15.0.0.145/nios2eds/bin/gnu/h-x86_64-mingw32/bin/../lib/gcc/nios2-elf/4.9.1/../../../../../H-x86_64-mingw32/nios2-elf/lib\libc.a(lib_a-exit.o)
 .bss           0x00000000000393bc        0x0 j:/altera/15.0.0.145/nios2eds/bin/gnu/h-x86_64-mingw32/bin/../lib/gcc/nios2-elf/4.9.1/../../../../../H-x86_64-mingw32/nios2-elf/lib\libc.a(lib_a-memcmp.o)
 .bss           0x00000000000393bc        0x0 j:/altera/15.0.0.145/nios2eds/bin/gnu/h-x86_64-mingw32/bin/../lib/gcc/nios2-elf/4.9.1/../../../../../H-x86_64-mingw32/nios2-elf/lib\libc.a(lib_a-__atexit.o)
 .bss           0x00000000000393bc        0x0 j:/altera/15.0.0.145/nios2eds/bin/gnu/h-x86_64-mingw32/bin/../lib/gcc/nios2-elf/4.9.1/../../../../../H-x86_64-mingw32/nios2-elf/lib\libc.a(lib_a-__call_atexit.o)
 .bss           0x00000000000393bc        0x0 ../Camera_Test_bsp/\libhal_bsp.a(alt_exit.o)
 *(COMMON)
 COMMON         0x00000000000393bc       0x70 obj/default/main.o
                0x00000000000393bc                camera1_config
                0x00000000000393f4                camera0_config
 COMMON         0x000000000003942c       0x18 obj/default/picture_in_picture.o
                0x000000000003942c                camera0
                0x0000000000039438                camera1
 COMMON         0x0000000000039444      0x100 ../Camera_Test_bsp/\libhal_bsp.a(alt_irq_handler.o)
                0x0000000000039444                alt_irq
                0x0000000000039544                . = ALIGN (0x4)
                0x0000000000039544                __bss_end = ABSOLUTE (.)

.onchip_memory2_0
                0x0000000000039544        0x0
                0x0000000000039544                PROVIDE (_alt_partition_onchip_memory2_0_start, ABSOLUTE (.))
 *(.onchip_memory2_0 .onchip_memory2_0. onchip_memory2_0.*)
                0x0000000000039544                . = ALIGN (0x4)
                0x0000000000039544                PROVIDE (_alt_partition_onchip_memory2_0_end, ABSOLUTE (.))
                0x0000000000039544                _end = ABSOLUTE (.)
                0x0000000000039544                end = ABSOLUTE (.)
                0x0000000000039544                __alt_stack_base = ABSOLUTE (.)
                0x0000000000039544                PROVIDE (_alt_partition_onchip_memory2_0_load_addr, LOADADDR (.onchip_memory2_0))

.stab
 *(.stab)

.stabstr
 *(.stabstr)

.stab.excl
 *(.stab.excl)

.stab.exclstr
 *(.stab.exclstr)

.stab.index
 *(.stab.index)

.stab.indexstr
 *(.stab.indexstr)

.comment        0x0000000000000000       0x23
 *(.comment)
 .comment       0x0000000000000000       0x23 obj/default/I2C_core.o
                                         0x24 (size before relaxing)
 .comment       0x0000000000000000       0x24 obj/default/auto_focus.o
 .comment       0x0000000000000000       0x24 obj/default/main.o
 .comment       0x0000000000000000       0x24 obj/default/mipi_bridge_config.o
 .comment       0x0000000000000000       0x24 obj/default/mipi_camera_config.o
 .comment       0x0000000000000000       0x24 obj/default/mixerii_config.o
 .comment       0x0000000000000000       0x24 obj/default/picture_in_picture.o
 .comment       0x0000000000000000       0x24 obj/default/queue.o
 .comment       0x0000000000000000       0x24 obj/default/scalerii_config.o
 .comment       0x0000000000000000       0x24 j:/altera/15.0.0.145/nios2eds/bin/gnu/h-x86_64-mingw32/bin/../lib/gcc/nios2-elf/4.9.1\libgcc.a(_fixunssfsi.o)
 .comment       0x0000000000000000       0x24 j:/altera/15.0.0.145/nios2eds/bin/gnu/h-x86_64-mingw32/bin/../lib/gcc/nios2-elf/4.9.1\libgcc.a(lib2-divmod.o)
 .comment       0x0000000000000000       0x24 j:/altera/15.0.0.145/nios2eds/bin/gnu/h-x86_64-mingw32/bin/../lib/gcc/nios2-elf/4.9.1\libgcc.a(addsf3.o)
 .comment       0x0000000000000000       0x24 j:/altera/15.0.0.145/nios2eds/bin/gnu/h-x86_64-mingw32/bin/../lib/gcc/nios2-elf/4.9.1\libgcc.a(divsf3.o)
 .comment       0x0000000000000000       0x24 j:/altera/15.0.0.145/nios2eds/bin/gnu/h-x86_64-mingw32/bin/../lib/gcc/nios2-elf/4.9.1\libgcc.a(gesf2.o)
 .comment       0x0000000000000000       0x24 j:/altera/15.0.0.145/nios2eds/bin/gnu/h-x86_64-mingw32/bin/../lib/gcc/nios2-elf/4.9.1\libgcc.a(mulsf3.o)
 .comment       0x0000000000000000       0x24 j:/altera/15.0.0.145/nios2eds/bin/gnu/h-x86_64-mingw32/bin/../lib/gcc/nios2-elf/4.9.1\libgcc.a(subsf3.o)
 .comment       0x0000000000000000       0x24 j:/altera/15.0.0.145/nios2eds/bin/gnu/h-x86_64-mingw32/bin/../lib/gcc/nios2-elf/4.9.1\libgcc.a(fixsfsi.o)
 .comment       0x0000000000000000       0x24 j:/altera/15.0.0.145/nios2eds/bin/gnu/h-x86_64-mingw32/bin/../lib/gcc/nios2-elf/4.9.1\libgcc.a(floatsisf.o)
 .comment       0x0000000000000000       0x24 j:/altera/15.0.0.145/nios2eds/bin/gnu/h-x86_64-mingw32/bin/../lib/gcc/nios2-elf/4.9.1\libgcc.a(floatunsisf.o)
 .comment       0x0000000000000000       0x24 j:/altera/15.0.0.145/nios2eds/bin/gnu/h-x86_64-mingw32/bin/../lib/gcc/nios2-elf/4.9.1\libgcc.a(_clzsi2.o)
 .comment       0x0000000000000000       0x24 j:/altera/15.0.0.145/nios2eds/bin/gnu/h-x86_64-mingw32/bin/../lib/gcc/nios2-elf/4.9.1\libgcc.a(_clz.o)
 .comment       0x0000000000000000       0x24 j:/altera/15.0.0.145/nios2eds/bin/gnu/h-x86_64-mingw32/bin/../lib/gcc/nios2-elf/4.9.1/../../../../../H-x86_64-mingw32/nios2-elf/lib\libc.a(lib_a-malloc.o)
 .comment       0x0000000000000000       0x24 j:/altera/15.0.0.145/nios2eds/bin/gnu/h-x86_64-mingw32/bin/../lib/gcc/nios2-elf/4.9.1/../../../../../H-x86_64-mingw32/nios2-elf/lib\libc.a(lib_a-mallocr.o)
 .comment       0x0000000000000000       0x24 j:/altera/15.0.0.145/nios2eds/bin/gnu/h-x86_64-mingw32/bin/../lib/gcc/nios2-elf/4.9.1/../../../../../H-x86_64-mingw32/nios2-elf/lib\libc.a(lib_a-memset.o)
 .comment       0x0000000000000000       0x24 j:/altera/15.0.0.145/nios2eds/bin/gnu/h-x86_64-mingw32/bin/../lib/gcc/nios2-elf/4.9.1/../../../../../H-x86_64-mingw32/nios2-elf/lib\libc.a(lib_a-printf.o)
 .comment       0x0000000000000000       0x24 j:/altera/15.0.0.145/nios2eds/bin/gnu/h-x86_64-mingw32/bin/../lib/gcc/nios2-elf/4.9.1/../../../../../H-x86_64-mingw32/nios2-elf/lib\libc.a(lib_a-putchar.o)
 .comment       0x0000000000000000       0x24 j:/altera/15.0.0.145/nios2eds/bin/gnu/h-x86_64-mingw32/bin/../lib/gcc/nios2-elf/4.9.1/../../../../../H-x86_64-mingw32/nios2-elf/lib\libc.a(lib_a-puts.o)
 .comment       0x0000000000000000       0x24 j:/altera/15.0.0.145/nios2eds/bin/gnu/h-x86_64-mingw32/bin/../lib/gcc/nios2-elf/4.9.1/../../../../../H-x86_64-mingw32/nios2-elf/lib\libc.a(lib_a-sbrkr.o)
 .comment       0x0000000000000000       0x24 j:/altera/15.0.0.145/nios2eds/bin/gnu/h-x86_64-mingw32/bin/../lib/gcc/nios2-elf/4.9.1/../../../../../H-x86_64-mingw32/nios2-elf/lib\libc.a(lib_a-strlen.o)
 .comment       0x0000000000000000       0x24 j:/altera/15.0.0.145/nios2eds/bin/gnu/h-x86_64-mingw32/bin/../lib/gcc/nios2-elf/4.9.1/../../../../../H-x86_64-mingw32/nios2-elf/lib\libc.a(lib_a-vfprintf.o)
 .comment       0x0000000000000000       0x24 j:/altera/15.0.0.145/nios2eds/bin/gnu/h-x86_64-mingw32/bin/../lib/gcc/nios2-elf/4.9.1/../../../../../H-x86_64-mingw32/nios2-elf/lib\libc.a(lib_a-wsetup.o)
 .comment       0x0000000000000000       0x24 j:/altera/15.0.0.145/nios2eds/bin/gnu/h-x86_64-mingw32/bin/../lib/gcc/nios2-elf/4.9.1/../../../../../H-x86_64-mingw32/nios2-elf/lib\libc.a(lib_a-dtoa.o)